ClioInput - version @@VERSION@@ - build @@BUILD@@ @@DATE@@
30-6-2018 8-23

Processing data file:/Users/jrc/develop/mhk_users/testes/sources/paroquiais/roisdeconfessados/rol2.cli
-------------------------------------------
Generic Act translation module with geoentities (XML).
     Joaquim Ramos de Carvalho (joaquim@uc.pt) 
** New document: kleio
=========================
kleio translation started
=========================
Structure: gacto.str
Prefix: 
Autorel: 
Translation count: 5
Obs: 
** Processing source fonte$rol1776
6: rol$r1776
*** End of File
** Processed file- /Users/jrc/develop/mhk_users/testes/sources/paroquiais/roisdeconfessados/rol2.cli
** Original file- /Users/jrc/develop/mhk_users/testes/sources/paroquiais/roisdeconfessados/rol2.org
** Previous version- /Users/jrc/develop/mhk_users/testes/sources/paroquiais/roisdeconfessados/rol2.old
** Temp file with ids- /Users/jrc/develop/mhk_users/testes/sources/paroquiais/roisdeconfessados/rol2.ids
0  errors. 
0  warnings.
Translation finished.
