ClioInput - version @@VERSION@@ - build @@BUILD@@ @@DATE@@
20-5-2019 11-40

Processing data file obitoShort_id.cli
-------------------------------------------
Generic Act translation module with geoentities (XML).
     Joaquim Ramos de Carvalho (joaquim@uc.pt) 
** New document: kleio
=========================
kleio translation started
=========================
Structure: gacto2.str
Prefix: soure
Autorel: soure
Translation count: 10
Obs: 
** Processing source fonte$soure-obitos 1688-short
6: obito$soure-o1740.12
*** End of File
** Processed file- /usr/local/timelink/kleio-home/sources/test_translations/paroquiais/obitos/obitoShort_id.cli
** Original file- /usr/local/timelink/kleio-home/sources/test_translations/paroquiais/obitos/obitoShort_id.org
** Previous version- /usr/local/timelink/kleio-home/sources/test_translations/paroquiais/obitos/obitoShort_id.old
** Temp file with ids- /usr/local/timelink/kleio-home/sources/test_translations/paroquiais/obitos/obitoShort_id.ids
0  errors. 
0  warnings.
Translation finished.
