ClioInput - version @@VERSION@@ - build @@BUILD@@ @@DATE@@
2-7-2019 13-16

Processing data file perdao1684redinha.cli
-------------------------------------------
Generic Act translation module with geoentities (XML).
     Joaquim Ramos de Carvalho (joaquim@uc.pt) 

ERROR: perdao1684redinha.cli line 0 *** Current group cartaperdao cannot be linked with previous group ()
Near lines: 0 Near line: 1 cartaperdao$0000/09/02/1684/cota=0000/local=casa de joao de moraes/tabeliao=gabriel de figueiredo/tipo=partes


ERROR: perdao1684redinha.cli line 0 ***cartaperdao group not stored.
Near lines: 0 Near line: 1 cartaperdao$0000/09/02/1684/cota=0000/local=casa de joao de moraes/tabeliao=gabriel de figueiredo/tipo=partes


ERROR: perdao1684redinha.cli line 0 ** Failure. Could not process group cartaperdao
Near lines: 0 Near line: 1 cartaperdao$0000/09/02/1684/cota=0000/local=casa de joao de moraes/tabeliao=gabriel de figueiredo/tipo=partes


ERROR: perdao1684redinha.cli line 0 ** Failure: undefined element. 0000

Near lines: 0 Near line: 1 cartaperdao$0000/09/02/1684/cota=0000/local=casa de joao de moraes/tabeliao=gabriel de figueiredo/tipo=partes


ERROR: perdao1684redinha.cli line 0 ** Failure: undefined element. 09

Near lines: 0 Near line: 1 cartaperdao$0000/09/02/1684/cota=0000/local=casa de joao de moraes/tabeliao=gabriel de figueiredo/tipo=partes


ERROR: perdao1684redinha.cli line 0 ** Failure: undefined element. 02

Near lines: 0 Near line: 1 cartaperdao$0000/09/02/1684/cota=0000/local=casa de joao de moraes/tabeliao=gabriel de figueiredo/tipo=partes


ERROR: perdao1684redinha.cli line 0 ** Failure: undefined element. 1684

Near lines: 0 Near line: 1 cartaperdao$0000/09/02/1684/cota=0000/local=casa de joao de moraes/tabeliao=gabriel de figueiredo/tipo=partes


ERROR: perdao1684redinha.cli line 0 **  unknown element: cota.
Near lines: 0 Near line: 1 cartaperdao$0000/09/02/1684/cota=0000/local=casa de joao de moraes/tabeliao=gabriel de figueiredo/tipo=partes


ERROR: perdao1684redinha.cli line 0 **  unknown element: local.
Near lines: 0 Near line: 1 cartaperdao$0000/09/02/1684/cota=0000/local=casa de joao de moraes/tabeliao=gabriel de figueiredo/tipo=partes


ERROR: perdao1684redinha.cli line 0 **  unknown element: tabeliao.
Near lines: 0 Near line: 1 cartaperdao$0000/09/02/1684/cota=0000/local=casa de joao de moraes/tabeliao=gabriel de figueiredo/tipo=partes


ERROR: perdao1684redinha.cli line 0 **  unknown element: tipo.
Near lines: 0 Near line: 1 cartaperdao$0000/09/02/1684/cota=0000/local=casa de joao de moraes/tabeliao=gabriel de figueiredo/tipo=partes


ERROR: perdao1684redinha.cli line 2 *** Current group perdoante cannot be linked with previous group ()
Near lines: 2 
Near line: 3 perdoante$joao de moraes/m/id=perd1


ERROR: perdao1684redinha.cli line 2 ***perdoante group not stored.
Near lines: 2 
Near line: 3 perdoante$joao de moraes/m/id=perd1


ERROR: perdao1684redinha.cli line 2 ** Failure. Could not process group perdoante
Near lines: 2 
Near line: 3 perdoante$joao de moraes/m/id=perd1


ERROR: perdao1684redinha.cli line 2 ** Failure: undefined element. m

Near lines: 2 
Near line: 3 perdoante$joao de moraes/m/id=perd1


ERROR: perdao1684redinha.cli line 2 **  unknown element: id.
Near lines: 2 
Near line: 3 perdoante$joao de moraes/m/id=perd1


ERROR: perdao1684redinha.cli line 3 *** Current group ls cannot be linked with previous group ()
Near lines: 3 perdoante$joao de moraes/m/id=perd1
Near line: 4 	ls$residencia/redinha


ERROR: perdao1684redinha.cli line 3 ***ls group not stored.
Near lines: 3 perdoante$joao de moraes/m/id=perd1
Near line: 4 	ls$residencia/redinha


ERROR: perdao1684redinha.cli line 3 ** Failure. Could not process group ls
Near lines: 3 perdoante$joao de moraes/m/id=perd1
Near line: 4 	ls$residencia/redinha


ERROR: perdao1684redinha.cli line 4 *** Current group ls cannot be linked with previous group ()
Near lines: 4 	ls$residencia/redinha
Near line: 5 	ls$assina/cruz


ERROR: perdao1684redinha.cli line 4 ***ls group not stored.
Near lines: 4 	ls$residencia/redinha
Near line: 5 	ls$assina/cruz


ERROR: perdao1684redinha.cli line 4 ** Failure. Could not process group ls
Near lines: 4 	ls$residencia/redinha
Near line: 5 	ls$assina/cruz


ERROR: perdao1684redinha.cli line 4 ** Failure: undefined element. redinhaassina

Near lines: 4 	ls$residencia/redinha
Near line: 5 	ls$assina/cruz


ERROR: perdao1684redinha.cli line 5 *** Current group ls cannot be linked with previous group ()
Near lines: 5 	ls$assina/cruz
Near line: 6 	ls$idade_aprox/maior


ERROR: perdao1684redinha.cli line 5 ***ls group not stored.
Near lines: 5 	ls$assina/cruz
Near line: 6 	ls$idade_aprox/maior


ERROR: perdao1684redinha.cli line 5 ** Failure. Could not process group ls
Near lines: 5 	ls$assina/cruz
Near line: 6 	ls$idade_aprox/maior


ERROR: perdao1684redinha.cli line 5 ** Failure: undefined element. cruzidade_aprox

Near lines: 5 	ls$assina/cruz
Near line: 6 	ls$idade_aprox/maior


ERROR: perdao1684redinha.cli line 8 *** Current group vitima cannot be linked with previous group ()
Near lines: 8 
Near line: 9 vitima$joao de moraes/m/id=perd1


ERROR: perdao1684redinha.cli line 8 ***vitima group not stored.
Near lines: 8 
Near line: 9 vitima$joao de moraes/m/id=perd1


ERROR: perdao1684redinha.cli line 8 ** Failure. Could not process group vitima
Near lines: 8 
Near line: 9 vitima$joao de moraes/m/id=perd1


ERROR: perdao1684redinha.cli line 8 ** Failure: undefined element. maiorjoao de moraes

Near lines: 8 
Near line: 9 vitima$joao de moraes/m/id=perd1


ERROR: perdao1684redinha.cli line 8 ** Failure: undefined element. m

Near lines: 8 
Near line: 9 vitima$joao de moraes/m/id=perd1


ERROR: perdao1684redinha.cli line 8 **  unknown element: id.
Near lines: 8 
Near line: 9 vitima$joao de moraes/m/id=perd1


ERROR: perdao1684redinha.cli line 9 *** Current group ls cannot be linked with previous group ()
Near lines: 9 vitima$joao de moraes/m/id=perd1
Near line: 10 	ls$idade_aprox/maior


ERROR: perdao1684redinha.cli line 9 ***ls group not stored.
Near lines: 9 vitima$joao de moraes/m/id=perd1
Near line: 10 	ls$idade_aprox/maior


ERROR: perdao1684redinha.cli line 9 ** Failure. Could not process group ls
Near lines: 9 vitima$joao de moraes/m/id=perd1
Near line: 10 	ls$idade_aprox/maior


ERROR: perdao1684redinha.cli line 10 *** Current group ls cannot be linked with previous group ()
Near lines: 10 	ls$idade_aprox/maior
Near line: 11 	ls$residencia/redinha


ERROR: perdao1684redinha.cli line 10 ***ls group not stored.
Near lines: 10 	ls$idade_aprox/maior
Near line: 11 	ls$residencia/redinha


ERROR: perdao1684redinha.cli line 10 ** Failure. Could not process group ls
Near lines: 10 	ls$idade_aprox/maior
Near line: 11 	ls$residencia/redinha


ERROR: perdao1684redinha.cli line 10 ** Failure: undefined element. maiorresidencia

Near lines: 10 	ls$idade_aprox/maior
Near line: 11 	ls$residencia/redinha


ERROR: perdao1684redinha.cli line 13 *** Current group perdoado cannot be linked with previous group ()
Near lines: 13 
Near line: 14 perdoado$joao da silva/m/id=perd2


ERROR: perdao1684redinha.cli line 13 ***perdoado group not stored.
Near lines: 13 
Near line: 14 perdoado$joao da silva/m/id=perd2


ERROR: perdao1684redinha.cli line 13 ** Failure. Could not process group perdoado
Near lines: 13 
Near line: 14 perdoado$joao da silva/m/id=perd2


ERROR: perdao1684redinha.cli line 13 ** Failure: undefined element. redinha joao da silva

Near lines: 13 
Near line: 14 perdoado$joao da silva/m/id=perd2


ERROR: perdao1684redinha.cli line 13 ** Failure: undefined element. m

Near lines: 13 
Near line: 14 perdoado$joao da silva/m/id=perd2


ERROR: perdao1684redinha.cli line 13 **  unknown element: id.
Near lines: 13 
Near line: 14 perdoado$joao da silva/m/id=perd2


ERROR: perdao1684redinha.cli line 14 *** Current group ls cannot be linked with previous group ()
Near lines: 14 perdoado$joao da silva/m/id=perd2
Near line: 15 	ls$residencia/redinha


ERROR: perdao1684redinha.cli line 14 ***ls group not stored.
Near lines: 14 perdoado$joao da silva/m/id=perd2
Near line: 15 	ls$residencia/redinha


ERROR: perdao1684redinha.cli line 14 ** Failure. Could not process group ls
Near lines: 14 perdoado$joao da silva/m/id=perd2
Near line: 15 	ls$residencia/redinha


ERROR: perdao1684redinha.cli line 15 *** Current group ls cannot be linked with previous group ()
Near lines: 15 	ls$residencia/redinha
Near line: 16 	ls$idade_aprox/maior


ERROR: perdao1684redinha.cli line 15 ***ls group not stored.
Near lines: 15 	ls$residencia/redinha
Near line: 16 	ls$idade_aprox/maior


ERROR: perdao1684redinha.cli line 15 ** Failure. Could not process group ls
Near lines: 15 	ls$residencia/redinha
Near line: 16 	ls$idade_aprox/maior


ERROR: perdao1684redinha.cli line 15 ** Failure: undefined element. redinhaidade_aprox

Near lines: 15 	ls$residencia/redinha
Near line: 16 	ls$idade_aprox/maior


ERROR: perdao1684redinha.cli line 16 *** Current group ls cannot be linked with previous group ()
Near lines: 16 	ls$idade_aprox/maior
Near line: 17 	ls$ec/casado


ERROR: perdao1684redinha.cli line 16 ***ls group not stored.
Near lines: 16 	ls$idade_aprox/maior
Near line: 17 	ls$ec/casado


ERROR: perdao1684redinha.cli line 16 ** Failure. Could not process group ls
Near lines: 16 	ls$idade_aprox/maior
Near line: 17 	ls$ec/casado


ERROR: perdao1684redinha.cli line 16 ** Failure: undefined element. maiorec

Near lines: 16 	ls$idade_aprox/maior
Near line: 17 	ls$ec/casado


ERROR: perdao1684redinha.cli line 17 *** Current group ls cannot be linked with previous group ()
Near lines: 17 	ls$ec/casado
Near line: 18 	ls$assina/cruz


ERROR: perdao1684redinha.cli line 17 ***ls group not stored.
Near lines: 17 	ls$ec/casado
Near line: 18 	ls$assina/cruz


ERROR: perdao1684redinha.cli line 17 ** Failure. Could not process group ls
Near lines: 17 	ls$ec/casado
Near line: 18 	ls$assina/cruz


ERROR: perdao1684redinha.cli line 17 ** Failure: undefined element. casadoassina

Near lines: 17 	ls$ec/casado
Near line: 18 	ls$assina/cruz


ERROR: perdao1684redinha.cli line 18 *** Current group rel cannot be linked with previous group ()
Near lines: 18 	ls$assina/cruz
Near line: 19 	rel$parentesco/genro/joao de moraes/perd1


ERROR: perdao1684redinha.cli line 18 ***rel group not stored.
Near lines: 18 	ls$assina/cruz
Near line: 19 	rel$parentesco/genro/joao de moraes/perd1


ERROR: perdao1684redinha.cli line 18 ** Failure. Could not process group rel
Near lines: 18 	ls$assina/cruz
Near line: 19 	rel$parentesco/genro/joao de moraes/perd1


ERROR: perdao1684redinha.cli line 18 ** Failure: undefined element. cruzparentesco

Near lines: 18 	ls$assina/cruz
Near line: 19 	rel$parentesco/genro/joao de moraes/perd1


ERROR: perdao1684redinha.cli line 18 ** Failure: undefined element. genro

Near lines: 18 	ls$assina/cruz
Near line: 19 	rel$parentesco/genro/joao de moraes/perd1


ERROR: perdao1684redinha.cli line 18 ** Failure: undefined element. joao de moraes

Near lines: 18 	ls$assina/cruz
Near line: 19 	rel$parentesco/genro/joao de moraes/perd1


ERROR: perdao1684redinha.cli line 22 *** Current group crime cannot be linked with previous group ()
Near lines: 22 
Near line: 23 crime$data=16840000/forma=querela/tipo=aleivosia/objecto=pessoa/local da ocorrencia=redinha/descricao=foi dito ha mim tabaliam que elle havia querelado perante as justisas de sua magestade de aleivosia que lhe havia feito o dito joao da silva pera com sua filha (?) de morais com quem de proximo estava casado he recebido em (...) de igreija na forma do sagrado concilio tredentino em cuios termos tinha selado sua acusasam e pera efeito de sua magestade que deos guarde lhe perdoava ha pena.   


ERROR: perdao1684redinha.cli line 22 ***crime group not stored.
Near lines: 22 
Near line: 23 crime$data=16840000/forma=querela/tipo=aleivosia/objecto=pessoa/local da ocorrencia=redinha/descricao=foi dito ha mim tabaliam que elle havia querelado perante as justisas de sua magestade de aleivosia que lhe havia feito o dito joao da silva pera com sua filha (?) de morais com quem de proximo estava casado he recebido em (...) de igreija na forma do sagrado concilio tredentino em cuios termos tinha selado sua acusasam e pera efeito de sua magestade que deos guarde lhe perdoava ha pena.   


ERROR: perdao1684redinha.cli line 22 ** Failure. Could not process group crime
Near lines: 22 
Near line: 23 crime$data=16840000/forma=querela/tipo=aleivosia/objecto=pessoa/local da ocorrencia=redinha/descricao=foi dito ha mim tabaliam que elle havia querelado perante as justisas de sua magestade de aleivosia que lhe havia feito o dito joao da silva pera com sua filha (?) de morais com quem de proximo estava casado he recebido em (...) de igreija na forma do sagrado concilio tredentino em cuios termos tinha selado sua acusasam e pera efeito de sua magestade que deos guarde lhe perdoava ha pena.   


ERROR: perdao1684redinha.cli line 22 **  unknown element: data.
Near lines: 22 
Near line: 23 crime$data=16840000/forma=querela/tipo=aleivosia/objecto=pessoa/local da ocorrencia=redinha/descricao=foi dito ha mim tabaliam que elle havia querelado perante as justisas de sua magestade de aleivosia que lhe havia feito o dito joao da silva pera com sua filha (?) de morais com quem de proximo estava casado he recebido em (...) de igreija na forma do sagrado concilio tredentino em cuios termos tinha selado sua acusasam e pera efeito de sua magestade que deos guarde lhe perdoava ha pena.   


ERROR: perdao1684redinha.cli line 22 **  unknown element: forma.
Near lines: 22 
Near line: 23 crime$data=16840000/forma=querela/tipo=aleivosia/objecto=pessoa/local da ocorrencia=redinha/descricao=foi dito ha mim tabaliam que elle havia querelado perante as justisas de sua magestade de aleivosia que lhe havia feito o dito joao da silva pera com sua filha (?) de morais com quem de proximo estava casado he recebido em (...) de igreija na forma do sagrado concilio tredentino em cuios termos tinha selado sua acusasam e pera efeito de sua magestade que deos guarde lhe perdoava ha pena.   


ERROR: perdao1684redinha.cli line 22 **  unknown element: tipo.
Near lines: 22 
Near line: 23 crime$data=16840000/forma=querela/tipo=aleivosia/objecto=pessoa/local da ocorrencia=redinha/descricao=foi dito ha mim tabaliam que elle havia querelado perante as justisas de sua magestade de aleivosia que lhe havia feito o dito joao da silva pera com sua filha (?) de morais com quem de proximo estava casado he recebido em (...) de igreija na forma do sagrado concilio tredentino em cuios termos tinha selado sua acusasam e pera efeito de sua magestade que deos guarde lhe perdoava ha pena.   


ERROR: perdao1684redinha.cli line 22 **  unknown element: objecto.
Near lines: 22 
Near line: 23 crime$data=16840000/forma=querela/tipo=aleivosia/objecto=pessoa/local da ocorrencia=redinha/descricao=foi dito ha mim tabaliam que elle havia querelado perante as justisas de sua magestade de aleivosia que lhe havia feito o dito joao da silva pera com sua filha (?) de morais com quem de proximo estava casado he recebido em (...) de igreija na forma do sagrado concilio tredentino em cuios termos tinha selado sua acusasam e pera efeito de sua magestade que deos guarde lhe perdoava ha pena.   


ERROR: perdao1684redinha.cli line 22 **  unknown element: ocorrencia.
Near lines: 22 
Near line: 23 crime$data=16840000/forma=querela/tipo=aleivosia/objecto=pessoa/local da ocorrencia=redinha/descricao=foi dito ha mim tabaliam que elle havia querelado perante as justisas de sua magestade de aleivosia que lhe havia feito o dito joao da silva pera com sua filha (?) de morais com quem de proximo estava casado he recebido em (...) de igreija na forma do sagrado concilio tredentino em cuios termos tinha selado sua acusasam e pera efeito de sua magestade que deos guarde lhe perdoava ha pena.   


ERROR: perdao1684redinha.cli line 22 **  unknown element: descricao.
Near lines: 22 
Near line: 23 crime$data=16840000/forma=querela/tipo=aleivosia/objecto=pessoa/local da ocorrencia=redinha/descricao=foi dito ha mim tabaliam que elle havia querelado perante as justisas de sua magestade de aleivosia que lhe havia feito o dito joao da silva pera com sua filha (?) de morais com quem de proximo estava casado he recebido em (...) de igreija na forma do sagrado concilio tredentino em cuios termos tinha selado sua acusasam e pera efeito de sua magestade que deos guarde lhe perdoava ha pena.   


ERROR: perdao1684redinha.cli line 24 *** Current group perdao cannot be linked with previous group ()
Near lines: 24 
Near line: 25 perdao$data=16840209/tipo=livremente/descricao= lhe perdoava ha pena em que estava sua sentenca do relasam condenado elle de sua parte sem constragimentos de pessoa algua lhe da perdam de todo ho direito que tinha na sua acusasam como tambem da condenasam que pera elle se lhe avia feito e do dito joao da silva pera seu genro nao queria agura nem em tempo alguo causa algua e que requeria as justisas do dito senhor. 


ERROR: perdao1684redinha.cli line 24 ***perdao group not stored.
Near lines: 24 
Near line: 25 perdao$data=16840209/tipo=livremente/descricao= lhe perdoava ha pena em que estava sua sentenca do relasam condenado elle de sua parte sem constragimentos de pessoa algua lhe da perdam de todo ho direito que tinha na sua acusasam como tambem da condenasam que pera elle se lhe avia feito e do dito joao da silva pera seu genro nao queria agura nem em tempo alguo causa algua e que requeria as justisas do dito senhor. 


ERROR: perdao1684redinha.cli line 24 ** Failure. Could not process group perdao
Near lines: 24 
Near line: 25 perdao$data=16840209/tipo=livremente/descricao= lhe perdoava ha pena em que estava sua sentenca do relasam condenado elle de sua parte sem constragimentos de pessoa algua lhe da perdam de todo ho direito que tinha na sua acusasam como tambem da condenasam que pera elle se lhe avia feito e do dito joao da silva pera seu genro nao queria agura nem em tempo alguo causa algua e que requeria as justisas do dito senhor. 


ERROR: perdao1684redinha.cli line 24 **  unknown element: data.
Near lines: 24 
Near line: 25 perdao$data=16840209/tipo=livremente/descricao= lhe perdoava ha pena em que estava sua sentenca do relasam condenado elle de sua parte sem constragimentos de pessoa algua lhe da perdam de todo ho direito que tinha na sua acusasam como tambem da condenasam que pera elle se lhe avia feito e do dito joao da silva pera seu genro nao queria agura nem em tempo alguo causa algua e que requeria as justisas do dito senhor. 


ERROR: perdao1684redinha.cli line 24 **  unknown element: tipo.
Near lines: 24 
Near line: 25 perdao$data=16840209/tipo=livremente/descricao= lhe perdoava ha pena em que estava sua sentenca do relasam condenado elle de sua parte sem constragimentos de pessoa algua lhe da perdam de todo ho direito que tinha na sua acusasam como tambem da condenasam que pera elle se lhe avia feito e do dito joao da silva pera seu genro nao queria agura nem em tempo alguo causa algua e que requeria as justisas do dito senhor. 


ERROR: perdao1684redinha.cli line 24 **  unknown element: descricao.
Near lines: 24 
Near line: 25 perdao$data=16840209/tipo=livremente/descricao= lhe perdoava ha pena em que estava sua sentenca do relasam condenado elle de sua parte sem constragimentos de pessoa algua lhe da perdam de todo ho direito que tinha na sua acusasam como tambem da condenasam que pera elle se lhe avia feito e do dito joao da silva pera seu genro nao queria agura nem em tempo alguo causa algua e que requeria as justisas do dito senhor. 


ERROR: perdao1684redinha.cli line 27 *** Current group test cannot be linked with previous group ()
Near lines: 27 
Near line: 28 test$francisco monteiro lobo/m


ERROR: perdao1684redinha.cli line 27 ***test group not stored.
Near lines: 27 
Near line: 28 test$francisco monteiro lobo/m


ERROR: perdao1684redinha.cli line 27 ** Failure. Could not process group test
Near lines: 27 
Near line: 28 test$francisco monteiro lobo/m


ERROR: perdao1684redinha.cli line 28 *** Current group ls cannot be linked with previous group ()
Near lines: 28 test$francisco monteiro lobo/m
Near line: 29 	ls$residencia/redinha


ERROR: perdao1684redinha.cli line 28 ***ls group not stored.
Near lines: 28 test$francisco monteiro lobo/m
Near line: 29 	ls$residencia/redinha


ERROR: perdao1684redinha.cli line 28 ** Failure. Could not process group ls
Near lines: 28 test$francisco monteiro lobo/m
Near line: 29 	ls$residencia/redinha


ERROR: perdao1684redinha.cli line 28 ** Failure: undefined element. mresidencia

Near lines: 28 test$francisco monteiro lobo/m
Near line: 29 	ls$residencia/redinha


ERROR: perdao1684redinha.cli line 29 *** Current group ls cannot be linked with previous group ()
Near lines: 29 	ls$residencia/redinha
Near line: 30 	ls$idade_aprox/maior


ERROR: perdao1684redinha.cli line 29 ***ls group not stored.
Near lines: 29 	ls$residencia/redinha
Near line: 30 	ls$idade_aprox/maior


ERROR: perdao1684redinha.cli line 29 ** Failure. Could not process group ls
Near lines: 29 	ls$residencia/redinha
Near line: 30 	ls$idade_aprox/maior


ERROR: perdao1684redinha.cli line 29 ** Failure: undefined element. redinhaidade_aprox

Near lines: 29 	ls$residencia/redinha
Near line: 30 	ls$idade_aprox/maior


ERROR: perdao1684redinha.cli line 30 *** Current group ls cannot be linked with previous group ()
Near lines: 30 	ls$idade_aprox/maior
Near line: 31 	ls$assina/bem


ERROR: perdao1684redinha.cli line 30 ***ls group not stored.
Near lines: 30 	ls$idade_aprox/maior
Near line: 31 	ls$assina/bem


ERROR: perdao1684redinha.cli line 30 ** Failure. Could not process group ls
Near lines: 30 	ls$idade_aprox/maior
Near line: 31 	ls$assina/bem


ERROR: perdao1684redinha.cli line 30 ** Failure: undefined element. maiorassina

Near lines: 30 	ls$idade_aprox/maior
Near line: 31 	ls$assina/bem


ERROR: perdao1684redinha.cli line 32 *** Current group test cannot be linked with previous group ()
Near lines: 32 
Near line: 33 test$joam de barros/m


ERROR: perdao1684redinha.cli line 32 ***test group not stored.
Near lines: 32 
Near line: 33 test$joam de barros/m


ERROR: perdao1684redinha.cli line 32 ** Failure. Could not process group test
Near lines: 32 
Near line: 33 test$joam de barros/m


ERROR: perdao1684redinha.cli line 32 ** Failure: undefined element. bemjoam de barros

Near lines: 32 
Near line: 33 test$joam de barros/m

*** ERROR: MAXIMUM NUMBER OF ERRORS REACHED. TRANSLATION ABORTED.
*** End of File
101  errors. 
0  warnings.
Translation finished.
