ClioInput - version @@VERSION@@ - build @@BUILD@@ @@DATE@@
5-8-2018 11-34

Processing data file:/Users/jrc/mhk-home/sources/testes/sources/rdomingos/old_quelfes_crismas_1753.cli
-------------------------------------------
Generic Act translation module with geoentities (XML).
     Joaquim Ramos de Carvalho (joaquim@uc.pt) 
** New document: kleio
=========================
kleio translation started
=========================
Structure: gacto.str
Prefix: 
Autorel: 
Translation count: 1
Obs: 
** Processing source fonte$crismas1753
6: crisma$quelfes1753-cr
*** End of File
** Processed file- /Users/jrc/mhk-home/sources/testes/sources/rdomingos/old_quelfes_crismas_1753.cli
** Original file- /Users/jrc/mhk-home/sources/testes/sources/rdomingos/old_quelfes_crismas_1753.org
** Previous version- /Users/jrc/mhk-home/sources/testes/sources/rdomingos/old_quelfes_crismas_1753.old
** Temp file with ids- /Users/jrc/mhk-home/sources/testes/sources/rdomingos/old_quelfes_crismas_1753.ids
0  errors. 
0  warnings.
Translation finished.
