ClioInput - version @@VERSION@@ - build @@BUILD@@ @@DATE@@
5-8-2018 11-35

Processing data file:/Users/jrc/mhk-home/sources/testes/sources/rdomingos/quelfes_baptismos_1800.cli
-------------------------------------------
Generic Act translation module with geoentities (XML).
     Joaquim Ramos de Carvalho (joaquim@uc.pt) 
** New document: kleio
=========================
kleio translation started
=========================
Structure: gacto2.str
Prefix: 
Autorel: 
Translation count: 2
Obs: 
** Processing source fonte$baptismos1794-1809
6: bap$quelfes1800-b1
37: bap$quelfes1800-b2
64: bap$quelfes1800-b3
91: bap$quelfes1800-b4
126: bap$quelfes1800-b5
156: bap$quelfes1800-b6
181: bap$quelfes1800-b7
209: bap$quelfes1800-b8
241: bap$quelfes1800-b9
277: bap$quelfes1800-b10
313: bap$quelfes1800-b11
339: bap$quelfes1800-b12
365: bap$quelfes1800-b13
402: bap$quelfes1800-b14
429: bap$quelfes1800-b15
464: bap$quelfes1800-b16
498: bap$quelfes1800-b17
525: bap$quelfes1800-b18
553: bap$quelfes1800-b19
583: bap$quelfes1800-b20
613: bap$quelfes1800-b21
641: bap$quelfes1800-b22
672: bap$quelfes1800-b23
700: bap$quelfes1800-b24
726: bap$quelfes1800-b25
754: bap$quelfes1800-b26
787: bap$quelfes1800-b27
821: bap$quelfes1800-b28
849: bap$quelfes1800-b29
880: bap$quelfes1800-b30
904: bap$quelfes1800-b-31
933: bap$quelfes1800-b32
969: bap$quelfes1800-b33
998: bap$quelfes1800-b34
1029: bap$quelfes1800-b35
1065: bap$quelfes1800-b36
1093: bap$quelfes1800-b37
*** End of File
** Processed file- /Users/jrc/mhk-home/sources/testes/sources/rdomingos/quelfes_baptismos_1800.cli
** Original file- /Users/jrc/mhk-home/sources/testes/sources/rdomingos/quelfes_baptismos_1800.org
** Previous version- /Users/jrc/mhk-home/sources/testes/sources/rdomingos/quelfes_baptismos_1800.old
** Temp file with ids- /Users/jrc/mhk-home/sources/testes/sources/rdomingos/quelfes_baptismos_1800.ids
0  errors. 
0  warnings.
Translation finished.
