ClioInput - version @@VERSION@@ - build @@BUILD@@ @@DATE@@
21-6-2019 16-28

Processing data file o1887_1.cli
-------------------------------------------
Generic Act translation module with geoentities (XML).
     Joaquim Ramos de Carvalho (joaquim@uc.pt) 
** New document: kleio
=========================
kleio translation started
=========================
Structure: gacto2.str
Prefix: 
Autorel: 
Translation count: 6
Obs: 
** Processing source fonte$obitos1887_1
6: obito$o1887-1
32: obito$o1887-2

WARNING: o1887_1.cli line 31 Element value exceeds database field length: fol=adavr, freguesia de s. salvador de ilhavo, obitos, 1887, fls. 2-2v. Size:66 limit: 64
Near line: 31 
Near line: 32          n$domingos francisco verdade/m/id=o1887-2-per1

59: obito$o1887-3
88: obito$o1887-4

WARNING: o1887_1.cli line 87 Element value exceeds database field length: fol=adavr, freguesia de s. salvador de ilhavo, obitos, 1887, fls. 2v-3. Size:66 limit: 64
Near line: 87 
Near line: 88          n$joana de jesus/f/id=o1887-4-per1

115: obito$o1887-5
144: obito$o1887-6

WARNING: o1887_1.cli line 143 Element value exceeds database field length: fol=adavr, freguesia de s. salvador de ilhavo, obitos, 1887, fls. 3-3v. Size:66 limit: 64
Near line: 143 
Near line: 144          n$josefa angelica/f/id=o1887-6-per1

173: obito$o1887-7

WARNING: o1887_1.cli line 172 Element value exceeds database field length: fol=adavr, freguesia de s. salvador de ilhavo, obitos, 1887, fls. 3v-4. Size:66 limit: 64
Near line: 172 
Near line: 173          n$jose veleirinha/m/id=o1887-7-per1

202: obito$o1887-8
231: obito$o1887-9

WARNING: o1887_1.cli line 230 Element value exceeds database field length: fol=adavr, freguesia de s. salvador de ilhavo, obitos, 1887, fls. 4-4v. Size:66 limit: 64
Near line: 230 
Near line: 231          n$maria do rosario/f/id=o1887-9-per1

258: obito$o1887-10
278: obito$o1887-11

WARNING: o1887_1.cli line 277 Element value exceeds database field length: fol=adavr, freguesia de s. salvador de ilhavo, obitos, 1887, fls. 4v-5. Size:66 limit: 64
Near line: 277 
Near line: 278          n$jose/m/id=o1887-11-per1

298: obito$o1887-12
327: obito$o1887-13

WARNING: o1887_1.cli line 326 Element value exceeds database field length: fol=adavr, freguesia de s. salvador de ilhavo, obitos, 1887, fls. 5-5v. Size:66 limit: 64
Near line: 326 
Near line: 327          n$rosa maria de jesus/f/id=o1887-13-per1

356: obito$o1887-14
385: obito$o1887-15

WARNING: o1887_1.cli line 384 Element value exceeds database field length: fol=adavr, freguesia de s. salvador de ilhavo, obitos, 1887, fls. 5v-6. Size:66 limit: 64
Near line: 384 
Near line: 385          n$joao/m/id=o1887-15-per1

405: obito$o1887-16
431: obito$o1887-17
460: obito$o1887-18

WARNING: o1887_1.cli line 459 Element value exceeds database field length: fol=adavr, freguesia de s. salvador de ilhavo, obitos, 1887, fls. 6v-7. Size:66 limit: 64
Near line: 459 
Near line: 460          n$maria/f/id=o1887-18-per1

480: obito$o1887-19
510: obito$o1887-20

WARNING: o1887_1.cli line 509 Element value exceeds database field length: fol=adavr, freguesia de s. salvador de ilhavo, obitos, 1887, fls. 7-7v. Size:66 limit: 64
Near line: 509 
Near line: 510          n$rosa matias da rosa/f/id=o1887-20-per1

536: obito$o1887-21
565: obito$o1887-22

WARNING: o1887_1.cli line 564 Element value exceeds database field length: fol=adavr, freguesia de s. salvador de ilhavo, obitos, 1887, fls. 7v-8. Size:66 limit: 64
Near line: 564 
Near line: 565          n$luisa de jesus/f/id=o1887-22-per1

591: obito$o1887-23
611: obito$o1887-24

WARNING: o1887_1.cli line 610 Element value exceeds database field length: fol=adavr, freguesia de s. salvador de ilhavo, obitos, 1887, fsl. 8-8v. Size:66 limit: 64
Near line: 610 
Near line: 611          n$jose migueis baia/m/id=o1887-24-per1

637: obito$o1887-25
657: obito$o1887-26

WARNING: o1887_1.cli line 656 Element value exceeds database field length: fol=adavr, freguesia de s. salvador de ilhavo, obitos, 1887, fls. 8v-9. Size:66 limit: 64
Near line: 656 
Near line: 657          n$luis antonio cartaxo/m/id=o1887-26-per1

686: obito$o1887-27
715: obito$o1887-28
745: obito$o1887-29

WARNING: o1887_1.cli line 744 Element value exceeds database field length: fol=adavr, freguesia de s. salvador de ilhavo, obitos, 1887, fls. 9v-10. Size:67 limit: 64
Near line: 744 
Near line: 745          n$maria rosa matias/f/id=o1887-29-per1

771: obito$o1887-30
801: obito$o1887-31

WARNING: o1887_1.cli line 800 Element value exceeds database field length: fol=adavr, freguesia de s. salvador de ilhavo, obitos, 1887, fls. 10-10v. Size:68 limit: 64
Near line: 800 
Near line: 801          n$francisco migueis dono/m/id=o1887-31-per1

825: obito$o1887-32

WARNING: o1887_1.cli line 824 Element value exceeds database field length: fol=adavr, freguesia de s. salvador de ilhavo, obitos, 1887, fls. 10v-11. Size:68 limit: 64
Near line: 824 
Near line: 825          n$olimpia/f/id=o1887-32-per1

847: obito$o1887-33
876: obito$o1887-34

WARNING: o1887_1.cli line 875 Element value exceeds database field length: fol=adavr, freguesia de s. salvador de ilhavo, obitos, 1887, fls. 11-11v. Size:68 limit: 64
Near line: 875 
Near line: 876          n$domingos/m/id=o1887-34-per1

896: obito$o1887-35
916: obito$o1887-36

WARNING: o1887_1.cli line 915 Element value exceeds database field length: fol=adavr, freguesia de s. salvador de ilhavo, obitos, 1887, fls. 11v-12. Size:68 limit: 64
Near line: 915 
Near line: 916          n$manuel luis da silva/m/id=o1887-36-per1

944: obito$o1887-37
964: obito$o1887-38

WARNING: o1887_1.cli line 963 Element value exceeds database field length: fol=adavr, freguesia de s. salvador de ilhavo, obitos, 1887, fls. 12-12v. Size:68 limit: 64
Near line: 963 
Near line: 964          n$rita da silva/f/id=o1887-38-per1

993: obito$o1887-39
1017: obito$o1887-40

WARNING: o1887_1.cli line 1016 Element value exceeds database field length: fol=adavr, freguesia de s. salvador de ilhavo, obitos, 1887, fls. 12v-13. Size:68 limit: 64
Near line: 1016 
Near line: 1017          n$antonio fernandes mano/m/id=o1887-40-per1

1048: obito$o1887-41

WARNING: o1887_1.cli line 1047 Element value exceeds database field length: fol=adavr, freguesia de s. salvador de ilhavo, obitos, 1887, fls. 13-13v. Size:68 limit: 64
Near line: 1047 
Near line: 1048          n$maria joana dos santos/f/id=o1887-41-per1

1074: obito$o1887-42
1094: obito$o1887-43

WARNING: o1887_1.cli line 1093 Element value exceeds database field length: fol=adavr, freguesia de s. salvador de ilhavo, obitos, 1887, fls. 13v-14. Size:68 limit: 64
Near line: 1093 
Near line: 1094          n$feliciano de sa castro/m/id=o1887-43-per1

1123: obito$o1887-44
1143: obito$o1887-45

WARNING: o1887_1.cli line 1142 Element value exceeds database field length: fol=adavr, freguesia de s. salvador de ilhavo, obitos, 1887, fls. 14-14v. Size:68 limit: 64
Near line: 1142 
Near line: 1143          n$jose francisco do bem/m/id=o1887-45-per1

1172: obito$o1887-46
1199: obito$o1887-47

WARNING: o1887_1.cli line 1198 Element value exceeds database field length: fol=adavr, freguesia de s. salvador de ilhavo, obitos, 1887, fls. 14v-15. Size:68 limit: 64
Near line: 1198 
Near line: 1199          n$anunciacao/f/id=o1887-47-per1

1219: obito$o1887-48
1245: obito$o1887-49

WARNING: o1887_1.cli line 1244 Element value exceeds database field length: fol=adavr, freguesia de s. salvador de ilhavo, obitos, 1887, fls. 15-15v. Size:68 limit: 64
Near line: 1244 
Near line: 1245          n$maria/f/id=o1887-49-per1

1265: obito$o1887-50
1285: obito$o1887-51

WARNING: o1887_1.cli line 1284 Element value exceeds database field length: fol=adavr, freguesia de s. salvador de ilhavo, obitos, 1887, fls. 15v-16. Size:68 limit: 64
Near line: 1284 
Near line: 1285          n$joao/m/id=o1887-51-per1

1307: obito$o1887-52
1336: obito$o1887-53

WARNING: o1887_1.cli line 1335 Element value exceeds database field length: fol=adavr, freguesia de s. salvador de ilhavo, obitos, 1887, fls. 16-16v. Size:68 limit: 64
Near line: 1335 
Near line: 1336          n$maria de jesus/f/id=o1887-53-per1

1365: obito$o1887-54

WARNING: o1887_1.cli line 1364 Element value exceeds database field length: fol=adavr, freguesia de s. salvador de ilhavo, obitos, 1887, fls. 16v-17. Size:68 limit: 64
Near line: 1364 
Near line: 1365          n$manuel fernandes da rocha/m/id=o1887-54-per1

1394: obito$o1887-55
1421: obito$o1887-56

WARNING: o1887_1.cli line 1420 Element value exceeds database field length: fol=adavr, freguesia de s. salvador de ilhavo, obitos, 1887, fls. 17-17v. Size:68 limit: 64
Near line: 1420 
Near line: 1421          n$rosa maria da conceicao/f/id=o1887-56-per1

1451: obito$o1887-57
1477: obito$o1887-58

WARNING: o1887_1.cli line 1476 Element value exceeds database field length: fol=adavr, freguesia de s. salvador de ilhavo, obitos, 1887, fls. 17v-18. Size:68 limit: 64
Near line: 1476 
Near line: 1477          n$fernando/m/id=o1887-58-per1

1497: obito$o1887-59
1523: obito$o1887-60

WARNING: o1887_1.cli line 1522 Element value exceeds database field length: fol=adavr, freguesia de s. salvador de ilhavo, obitos, 1887, fls. 18-18v. Size:68 limit: 64
Near line: 1522 
Near line: 1523          n$jose/m/id=o1887-60-per1

1543: obito$o1887-61
1569: obito$o1887-62

WARNING: o1887_1.cli line 1568 Element value exceeds database field length: fol=adavr, freguesia de s. salvador de ilhavo, obitos, 1887, fls. 18v-19. Size:68 limit: 64
Near line: 1568 
Near line: 1569          n$antonio/m/id=o1887-62-per1

1589: obito$o1887-63
1609: obito$o1887-64

WARNING: o1887_1.cli line 1608 Element value exceeds database field length: fol=adavr, freguesia de s. salvador de ilhavo, obitos, 1887, fls. 19-19v. Size:68 limit: 64
Near line: 1608 
Near line: 1609          n$josefa rosa/f/id=o1887-64-per1

1638: obito$o1887-65
1667: obito$o1887-66

WARNING: o1887_1.cli line 1666 Element value exceeds database field length: fol=adavr, freguesia de s. salvador de ilhavo, obitos, 1887, fls. 19v-20. Size:68 limit: 64
Near line: 1666 
Near line: 1667          n$antonio/m/id=o1887-66-per1

1687: obito$o1887-67
1716: obito$o1887-68
1735: obito$o1887-69

WARNING: o1887_1.cli line 1734 Element value exceeds database field length: fol=adavr, freguesia de s. salvador de ilhavo, obitos, 1887, fls. 20v-21. Size:68 limit: 64
Near line: 1734 
Near line: 1735          n$joaquim marques da silva henriques/m/id=o1887-69-per1

1764: obito$o1887-70
1794: obito$o1887-71

WARNING: o1887_1.cli line 1793 Element value exceeds database field length: fol=adavr, freguesia de s. salvador de ilhavo, obitos, 1887, fls. 21-21v. Size:68 limit: 64
Near line: 1793 
Near line: 1794          n$joaquina pereira de jesus/f/id=o1887-71-per1

1823: obito$o1887-72
1843: obito$o1887-73

WARNING: o1887_1.cli line 1842 Element value exceeds database field length: fol=adavr, freguesia de s. salvador de ilhavo, obitos, 1887, fls. 21v-22. Size:68 limit: 64
Near line: 1842 
Near line: 1843          n$joao fragoso bandarra/m/id=o1887-73-per1

1872: obito$o1887-74
1892: obito$o1887-75

WARNING: o1887_1.cli line 1891 Element value exceeds database field length: fol=adavr, freguesia de s. salvador de ilhavo, obitos, 1887, fls. 22-22v. Size:68 limit: 64
Near line: 1891 
Near line: 1892          n$ana de jesus/f/id=o1887-75-per1

1921: obito$o1887-76
1951: obito$o1887-77

WARNING: o1887_1.cli line 1950 Element value exceeds database field length: fol=adavr, freguesia de s. salvador de ilhavo, obitos, 1887, fls. 22v-23. Size:68 limit: 64
Near line: 1950 
Near line: 1951          n$maria emilia/f/id=o1887-77-per1

1977: obito$o1887-78
1997: obito$o1887-79

WARNING: o1887_1.cli line 1996 Element value exceeds database field length: fol=adavr, freguesia de s. salvador de ilhavo, obitos, 1887, fls. 23-23v. Size:68 limit: 64
Near line: 1996 
Near line: 1997          n$manuel francisco damas/m/id=o1887-79-per1

2027: obito$o1887-80
2048: obito$o1887-81

WARNING: o1887_1.cli line 2047 Element value exceeds database field length: fol=adavr, freguesia de s. salvador de ilhavo, obitos, 1887, fls. 23v-24. Size:68 limit: 64
Near line: 2047 
Near line: 2048          n$jose goncalves da silva/m/id=o1887-81-per1

2076: obito$o1887-82
2096: obito$o1887-83

WARNING: o1887_1.cli line 2095 Element value exceeds database field length: fol=adavr, freguesia de s. salvador de ilhavo, obitos, 1887, fls. 24-24v. Size:68 limit: 64
Near line: 2095 
Near line: 2096          n$vicencia rosa da silva/f/id=o1887-83-per1

2125: obito$o1887-84

WARNING: o1887_1.cli line 2124 Element value exceeds database field length: fol=adavr, freguesia de s. salvador de ilhavo, obitos, 1887, fls. 24v-25. Size:68 limit: 64
Near line: 2124 
Near line: 2125          n$joao/m/id=o1887-84-per1

2145: obito$o1887-85
2165: obito$o1887-86
2185: obito$o1887-87
2212: obito$o1887-88

WARNING: o1887_1.cli line 2211 Element value exceeds database field length: fol=adavr, freguesia de s. salvador de ilhavo, obitos, 1887, fls. 25v-26. Size:68 limit: 64
Near line: 2211 
Near line: 2212          n$luis dos santos regala/m/id=o1887-88-per1

2241: obito$o1887-89
2261: obito$o1887-90

WARNING: o1887_1.cli line 2260 Element value exceeds database field length: fol=adavr, freguesia de s. salvador de ilhavo, obitos, 1887, fls. 26-26v. Size:68 limit: 64
Near line: 2260 
Near line: 2261          n$duarte/m/id=o1887-90-per1

2281: obito$o1887-91
2301: obito$o1887-92

WARNING: o1887_1.cli line 2300 Element value exceeds database field length: fol=adavr, freguesia de s. salvador de ilhavo, obitos, 1887, fls. 26v-27. Size:68 limit: 64
Near line: 2300 
Near line: 2301          n$jose correia/m/id=o1887-92-per1

2327: obito$o1887-93
2347: obito$o1887-94

WARNING: o1887_1.cli line 2346 Element value exceeds database field length: fol=adavr, freguesia de s. salvador de ilhavo, obitos, 1887, fls. 27-27v. Size:68 limit: 64
Near line: 2346 
Near line: 2347          n$jose de sao marcos caminhada/m/id=o1887-94-per1

2376: obito$o1887-95
2396: obito$o1887-96

WARNING: o1887_1.cli line 2395 Element value exceeds database field length: fol=adavr, freguesia de s. salvador de ilhavo, obitos, 1887, fls. 27v-28. Size:68 limit: 64
Near line: 2395 
Near line: 2396          n$jose/m/id=o1887-96-per1

2416: obito$o1887-97
2445: obito$o1887-98
2465: obito$o1887-99
2485: obito$o1887-100

WARNING: o1887_1.cli line 2484 Element value exceeds database field length: fol=adavr, freguesia de s. salvador de ilhavo, obitos, 1887, fls. 28v-29. Size:68 limit: 64
Near line: 2484 
Near line: 2485          n$manuel/m/id=o1887-100-per1

*** End of File
** Processed file- /Users/jrc/mhk-home/sources/ilhavo-master/sources/Clis_Ilhavo/obitos/o1887_1.cli
** Original file- /Users/jrc/mhk-home/sources/ilhavo-master/sources/Clis_Ilhavo/obitos/o1887_1.org
** Previous version- /Users/jrc/mhk-home/sources/ilhavo-master/sources/Clis_Ilhavo/obitos/o1887_1.old
** Temp file with ids- /Users/jrc/mhk-home/sources/ilhavo-master/sources/Clis_Ilhavo/obitos/o1887_1.ids
0  errors. 
0  warnings.
Translation finished.
