ClioInput - version @@VERSION@@ - build @@BUILD@@ @@DATE@@
21-6-2019 16-59

Processing data file o1895_2.cli
-------------------------------------------
Generic Act translation module with geoentities (XML).
     Joaquim Ramos de Carvalho (joaquim@uc.pt) 
** New document: kleio
=========================
kleio translation started
=========================
Structure: gacto2.str
Prefix: 
Autorel: 
Translation count: 7
Obs: 
** Processing source fonte$obitos1895_2
6: obito$o1895-101
26: obito$o1895-102
55: obito$o1895-103
75: obito$o1895-104
95: obito$o1895-105

WARNING: o1895_2.cli line 94 Element value exceeds database field length: fol=adavr, freguesia de s. salvador de ilhavo, obitos, 1895, fl. 25v-26. Size:67 limit: 64
Near line: 94 
Near line: 95          n$horacio/m/id=o1895-105-per1

115: obito$o1895-106
135: obito$o1895-107
155: obito$o1895-108
175: obito$o1895-109

WARNING: o1895_2.cli line 174 Element value exceeds database field length: fol=adavr, freguesia de s. salvador de ilhavo, obitos, 1895, fls. 26v-27. Size:68 limit: 64
Near line: 174 
Near line: 175          n$maria/f/id=o1895-109-per1

195: obito$o1895-110
215: obito$o1895-111
235: obito$o1895-112

WARNING: o1895_2.cli line 234 Element value exceeds database field length: fol=adavr, freguesia de s. salvador de ilhavo, obitos, 1895, fls. 27-27v. Size:68 limit: 64
Near line: 234 
Near line: 235          n$maria/f/id=o1895-112-per1

255: obito$o1895-113
275: obito$o1895-114

WARNING: o1895_2.cli line 274 Element value exceeds database field length: fol=adavr, freguesia de s. salvador de ilhavo, obitos, 1895, fls. 27v-28. Size:68 limit: 64
Near line: 274 
Near line: 275          n$alzira/f/id=o1895-114-per1

295: obito$o1895-115
324: obito$o1895-116
344: obito$o1895-117

WARNING: o1895_2.cli line 343 Element value exceeds database field length: fol=adavr, freguesia de s. salvador de ilhavo, obitos, 1895, fls. 28-28v. Size:68 limit: 64
Near line: 343 
Near line: 344          n$beatriz/f/id=o1895-117-per1

364: obito$o1895-118
384: obito$o1895-119

WARNING: o1895_2.cli line 383 Element value exceeds database field length: fol=adavr, freguesia de s. salvador de ilhavo, obitos, 1895, fls. 28v-29. Size:68 limit: 64
Near line: 383 
Near line: 384          n$maria de jesus/f/id=o1895-119-per1

416: obito$o1895-120
436: obito$o1895-121

WARNING: o1895_2.cli line 435 Element value exceeds database field length: fol=adavr, freguesia de s. salvador de ilhavo, obitos, 1895, fls. 29-29v. Size:68 limit: 64
Near line: 435 
Near line: 436          n$joana maria/f/id=o1895-121-per1

466: obito$o1895-122
495: obito$o1895-123
515: obito$o1895-124

WARNING: o1895_2.cli line 514 Element value exceeds database field length: fol=adavr, freguesia de s. salvador de ilhavo, obitos, 1895, fls. 29v-30. Size:68 limit: 64
Near line: 514 
Near line: 515          n$joana/f/id=o1895-124-per1

535: obito$o1895-125
555: obito$o1895-126

WARNING: o1895_2.cli line 554 Element value exceeds database field length: fol=adavr, freguesia de s. salvador de ilhavo, obitos, 1895, fls. 30-30v. Size:68 limit: 64
Near line: 554 
Near line: 555          n$olivia/f/id=o1895-126-per1

575: obito$o1895-127
595: obito$o1895-128
615: obito$o1895-129

WARNING: o1895_2.cli line 614 Element value exceeds database field length: fol=adavr, freguesia de s. salvador de ilhavo, obitos, 1895, fls. 30v-31. Size:68 limit: 64
Near line: 614 
Near line: 615          n$prazeres/f/id=o1895-129-per1

635: obito$o1895-130
662: obito$o1895-131

WARNING: o1895_2.cli line 661 Element value exceeds database field length: fol=adavr, freguesia de s. salvador de ilhavo, obitos, 1895, fls. 31-31v. Size:68 limit: 64
Near line: 661 
Near line: 662          n$manuel joaquim dos santos/m/id=o1895-131-per1

687: obito$o1895-132
716: obito$o1895-133
745: obito$o1895-134
765: obito$o1895-135
791: obito$o1895-136

WARNING: o1895_2.cli line 790 Element value exceeds database field length: fol=adavr, freguesia de s. salvador de ilhavo, obitos, 1895, fls. 32-32v. Size:68 limit: 64
Near line: 790 
Near line: 791          n$manuel francisco gafanhao/m/id=o1895-136-per1

820: obito$o1895-137
850: obito$o1895-138

WARNING: o1895_2.cli line 849 Element value exceeds database field length: fol=adavr, freguesia de s. salvador de ilhavo, obitos, 1895, fls. 32v-33. Size:68 limit: 64
Near line: 849 
Near line: 850          n$joaquim antonio bichao/m/id=o1895-138-per1

879: obito$o1895-139
898: obito$o1895-140
918: obito$o1895-141

WARNING: o1895_2.cli line 917 Element value exceeds database field length: fol=adavr, freguesia de s. salvador de ilhavo, obitos, 1895, fls. 33-33v. Size:68 limit: 64
Near line: 917 
Near line: 918          n$catarina vitorina teixeira dias/f/id=o1895-141-per1

948: obito$o1895-142
968: obito$o1895-143

WARNING: o1895_2.cli line 967 Element value exceeds database field length: fol=adavr, freguesia de s. salvador de ilhavo, obitos, 1895, fls. 33v-34. Size:68 limit: 64
Near line: 967 
Near line: 968          n$jose/m/id=o1895-143-per1

988: obito$o1895-144
1008: obito$o1895-145
1028: obito$o1895-146
1048: obito$o1895-147
1068: obito$o1895-148

WARNING: o1895_2.cli line 1067 Element value exceeds database field length: fol=adavr, freguesia de s. salvador de ilhavo, obitos, 1895, fls. 34v-35. Size:68 limit: 64
Near line: 1067 
Near line: 1068          n$rosa de jesus peixe/f/id=o1895-148-per1

1094: obito$o1895-149
1113: obito$o1895-150

WARNING: o1895_2.cli line 1112 Element value exceeds database field length: fol=adavr, freguesia de s. salvador de ilhavo, obitos, 1895, fls. 35-35v. Size:68 limit: 64
Near line: 1112 
Near line: 1113          n$lourenco marques/m/id=o1895-150-per1

1137: obito$o1895-151
1166: obito$o1895-152
1186: obito$o1895-153
1206: obito$o1895-154
1226: obito$o1895-155

WARNING: o1895_2.cli line 1225 Element value exceeds database field length: fol=adavr, freguesia de s. salvador de ilhavo, obitos, 1895, fls. 36-36v. Size:68 limit: 64
Near line: 1225 
Near line: 1226          n$conceicao/f/id=o1895-155-per1

1246: obito$o1895-156
1275: obito$o1895-157

WARNING: o1895_2.cli line 1274 Element value exceeds database field length: fol=adavr, freguesia de s. salvador de ilhavo, obitos, 1895, fls. 36v-37. Size:68 limit: 64
Near line: 1274 
Near line: 1275          n$maria do rosario pereira/f/id=o1895-157-per1

1301: obito$o1895-158
1321: obito$o1895-159
1341: obito$o1895-160
1367: obito$o1895-161
1397: obito$o1895-162

WARNING: o1895_2.cli line 1396 Element value exceeds database field length: fol=adavr, freguesia de s. salvador de ilhavo, obitos, 1895, fls. 37v-38. Size:68 limit: 64
Near line: 1396 
Near line: 1397          n$jose cravo/m/id=o1895-162-per1

1426: obito$o1895-163
1455: obito$o1895-164

WARNING: o1895_2.cli line 1454 Element value exceeds database field length: fol=adavr, freguesia de s. salvador de ilhavo, obitos, 1895, fls. 38-38v. Size:68 limit: 64
Near line: 1454 
Near line: 1455          n$jose/m/id=o1895-164-per1

1475: obito$o1895-165
1501: obito$o1895-166

WARNING: o1895_2.cli line 1500 Element value exceeds database field length: fol=adavr, freguesia de s. salvador de ilhavo, obitos, 1895, fls. 38v-39. Size:68 limit: 64
Near line: 1500 
Near line: 1501          n$joao/m/id=o1895-166-per1

1521: obito$o1895-167
1542: obito$o1895-168
1569: obito$o1895-169

WARNING: o1895_2.cli line 1568 Element value exceeds database field length: fol=adavr, freguesia de s. salvador de ilhavo, obitos, 1895, fls. 39-39v. Size:68 limit: 64
Near line: 1568 
Near line: 1569          n$luisa alegria/f/id=o1895-169-per1

1596: obito$o1895-170
1616: obito$o1895-171

WARNING: o1895_2.cli line 1615 Element value exceeds database field length: fol=adavr, freguesia de s. salvador de ilhavo, obitos, 1895, fls. 39v-40. Size:68 limit: 64
Near line: 1615 
Near line: 1616          n$rosa maria lourenco/f/id=o1895-171-per1

1645: obito$o1895-172
1665: obito$o1895-173

WARNING: o1895_2.cli line 1664 Element value exceeds database field length: fol=adavr, freguesia de s. salvador de ilhavo, obitos, 1895, fls. 40-40v. Size:68 limit: 64
Near line: 1664 
Near line: 1665          n$paulo pereira ramalheira/m/id=o1895-173-per1

1694: obito$o1895-174
1722: obito$o1895-175
1742: obito$o1895-176

WARNING: o1895_2.cli line 1741 Element value exceeds database field length: fol=adavr, freguesia de s. salvador de ilhavo, obitos, 1895, fls. 40v-41. Size:68 limit: 64
Near line: 1741 
Near line: 1742          n$herminia/f/id=o1895-176-per1

1762: obito$o1895-177
1791: obito$o1895-178

WARNING: o1895_2.cli line 1790 Element value exceeds database field length: fol=adavr, freguesia de s. salvador de ilhavo, obitos, 1895, fls. 41-41v. Size:68 limit: 64
Near line: 1790 
Near line: 1791          n$ana/f/id=o1895-178-per1

1811: obito$o1895-179
1839: obito$o1895-180

WARNING: o1895_2.cli line 1838 Element value exceeds database field length: fol=adavr, freguesia de s. salvador de ilhavo, obitos, 1895, fls. 41v-42. Size:68 limit: 64
Near line: 1838 
Near line: 1839          n$manuel da rocha braz/m/id=o1895-180-per1

1868: obito$o1895-181
1897: obito$o1895-182
1927: obito$o1895-183

WARNING: o1895_2.cli line 1926 Element value exceeds database field length: fol=adavr, freguesia de s. salvador de ilhavo, obitos, 1895, fls. 42-42v. Size:68 limit: 64
Near line: 1926 
Near line: 1927          n$antonio jose da fonseca/m/id=o1895-183-per1

1954: obito$o1895-184
1974: obito$o1895-185

WARNING: o1895_2.cli line 1973 Element value exceeds database field length: fol=adavr, freguesia de s. salvador de ilhavo, obitos, 1895, fls. 42v-43. Size:68 limit: 64
Near line: 1973 
Near line: 1974          n$maria/f/id=o1895-185-per1

1994: obito$o1895-186
2014: obito$o1895-187
2035: obito$o1895-188
*** End of File
** Processed file- /Users/jrc/mhk-home/sources/ilhavo-master/sources/Clis_Ilhavo/obitos/o1895_2.cli
** Original file- /Users/jrc/mhk-home/sources/ilhavo-master/sources/Clis_Ilhavo/obitos/o1895_2.org
** Previous version- /Users/jrc/mhk-home/sources/ilhavo-master/sources/Clis_Ilhavo/obitos/o1895_2.old
** Temp file with ids- /Users/jrc/mhk-home/sources/ilhavo-master/sources/Clis_Ilhavo/obitos/o1895_2.ids
0  errors. 
0  warnings.
Translation finished.
