ClioInput - version @@VERSION@@ - build @@BUILD@@ @@DATE@@
15-5-2019 22-39

Processing data file perdoes.cli
-------------------------------------------
Generic Act translation module with geoentities (XML).
     Joaquim Ramos de Carvalho (joaquim@uc.pt) 
** New document: kleio
=========================
kleio translation started
=========================
Structure: obidos-vila
Prefix: 
Autorel: 
Translation count: 
Obs: 
Translation count not set or invalid, counting as zero: 
** Processing source fonte$perdoes-notariais
6: cartaperdao$14g61
43: cartaperdao$14e16-1
76: cartaperdao$14e16-2
103: cartaperdao$14d57-1
153: cartaperdao$14d57-2
189: cartaperdao$14e21-1
228: cartaperdao$14e21-2
254: cartaperdao$14e21-3
307: cartaperdao$14e21-4
333: cartaperdao$14e21-5
372: cartaperdao$14e18
406: cartaperdao$14e27
436: cartaperdao$14e19-1
463: cartaperdao$14e19-2
497: cartaperdao$14e19-3

ERROR: perdoes.cli line 496 ** Failure: undefined element. 
Near line: 496 Near line: 497 perdoante-f$maria francisca/id=14e19-3-perd1

ERROR: perdoes.cli line 496 ** perdoante-f unknown element: id.
Near line: 496 Near line: 497 perdoante-f$maria francisca/id=14e19-3-perd1

ERROR: perdoes.cli line 497 ** Failure. Could not process -flushGroup
Near line: 497 perdoante-f$maria francisca/id=14e19-3-perd1Near line: 498 	ls$residencia/lugar do po, termo de obidos

ERROR: perdoes.cli line 501 *** Current group mae cannot be linked with previous group ls(att-220)
Near line: 501 	ls$assina/cruzNear line: 502 	mae$ana francisca/f

ERROR: perdoes.cli line 501 ***mae group not stored.
Near line: 501 	ls$assina/cruzNear line: 502 	mae$ana francisca/f

ERROR: perdoes.cli line 501 ** Failure. Could not process group -mae
Near line: 501 	ls$assina/cruzNear line: 502 	mae$ana francisca/f

ERROR: perdoes.cli line 502 ** Failure: undefined element. 
Near line: 502 	mae$ana francisca/fNear line: 503 		ls$residencia/lugar do po, termo de obidos
535: cartaperdao$14e19-4
588: cartaperdao$14e12-1
630: cartaperdao$14e12-2
658: cartaperdao$14e11
707: cartaperdao$14e29-1

ERROR: perdoes.cli line 709 ** Failure: undefined element. 
Near line: 709 Near line: 710 perdoante-m$pedro figueira/id=14e29-1-perd2

ERROR: perdoes.cli line 709 ** perdoante-m unknown element: id.
Near line: 709 Near line: 710 perdoante-m$pedro figueira/id=14e29-1-perd2

ERROR: perdoes.cli line 710 ** Failure. Could not process -flushGroup
Near line: 710 perdoante-m$pedro figueira/id=14e29-1-perd2Near line: 711 	ls$residencia/obidos
739: cartaperdao$14e29-2
780: cartaperdao$14e29-3
830: cartaperdao$14e13-1
867: cartaperdao$14e13-2

ERROR: perdoes.cli line 873 ** Failure: undefined element. 
Near line: 873 Near line: 874 perdoante-m$jose tavares/id=14e13-2-perd2

ERROR: perdoes.cli line 873 ** perdoante-m unknown element: id.
Near line: 873 Near line: 874 perdoante-m$jose tavares/id=14e13-2-perd2

ERROR: perdoes.cli line 874 ** Failure. Could not process -flushGroup
Near line: 874 perdoante-m$jose tavares/id=14e13-2-perd2Near line: 875 	ls$residencia/obidos

ERROR: perdoes.cli line 878 *** Current group pai cannot be linked with previous group ls(att-387)
Near line: 878 	ls$assina/bemNear line: 879 	pai$antonio machado/m/mesmo_que=14e13-2-perd1

ERROR: perdoes.cli line 878 ***pai group not stored.
Near line: 878 	ls$assina/bemNear line: 879 	pai$antonio machado/m/mesmo_que=14e13-2-perd1

ERROR: perdoes.cli line 878 ** Failure. Could not process group -pai
Near line: 878 	ls$assina/bemNear line: 879 	pai$antonio machado/m/mesmo_que=14e13-2-perd1

ERROR: perdoes.cli line 878 ** Failure: undefined element. 
Near line: 878 	ls$assina/bemNear line: 879 	pai$antonio machado/m/mesmo_que=14e13-2-perd1

ERROR: perdoes.cli line 878 ** ls unknown element: mesmo_que.
Near line: 878 	ls$assina/bemNear line: 879 	pai$antonio machado/m/mesmo_que=14e13-2-perd1
915: cartaperdao$14e13-3

ERROR: perdoes.cli line 919 ** Failure: undefined element. 
Near line: 919 Near line: 920 perdoante-f$maria antunes/id=14e13-3-perd2

ERROR: perdoes.cli line 919 ** perdoante-f unknown element: id.
Near line: 919 Near line: 920 perdoante-f$maria antunes/id=14e13-3-perd2

ERROR: perdoes.cli line 920 ** Failure. Could not process -flushGroup
Near line: 920 perdoante-f$maria antunes/id=14e13-3-perd2Near line: 921 	ls$residencia/casal do falcao, termo de obidos

ERROR: perdoes.cli line 927 ** Failure: undefined element. 
Near line: 927 Near line: 928 perdoante-f$catarina antunes/id=14e13-3-perd3

ERROR: perdoes.cli line 927 ** perdoante-f unknown element: id.
Near line: 927 Near line: 928 perdoante-f$catarina antunes/id=14e13-3-perd3

ERROR: perdoes.cli line 928 ** Failure. Could not process -flushGroup
Near line: 928 perdoante-f$catarina antunes/id=14e13-3-perd3Near line: 929 	ls$residencia/barassais, termo de obidos

ERROR: perdoes.cli line 933 *** Current group mae cannot be linked with previous group rel(rel-40)
Near line: 933 	rel$parentesco/irma/manuel antunes/14e13-3-perd4Near line: 934 	mae$maria antunes/f/mesmo_que=14e13-3-perd2

ERROR: perdoes.cli line 933 ***mae group not stored.
Near line: 933 	rel$parentesco/irma/manuel antunes/14e13-3-perd4Near line: 934 	mae$maria antunes/f/mesmo_que=14e13-3-perd2

ERROR: perdoes.cli line 933 ** Failure. Could not process group -mae
Near line: 933 	rel$parentesco/irma/manuel antunes/14e13-3-perd4Near line: 934 	mae$maria antunes/f/mesmo_que=14e13-3-perd2

ERROR: perdoes.cli line 933 ** Failure: undefined element. 
Near line: 933 	rel$parentesco/irma/manuel antunes/14e13-3-perd4Near line: 934 	mae$maria antunes/f/mesmo_que=14e13-3-perd2

ERROR: perdoes.cli line 933 ** Failure: undefined element. 
Near line: 933 	rel$parentesco/irma/manuel antunes/14e13-3-perd4Near line: 934 	mae$maria antunes/f/mesmo_que=14e13-3-perd2

ERROR: perdoes.cli line 933 ** rel unknown element: mesmo_que.
Near line: 933 	rel$parentesco/irma/manuel antunes/14e13-3-perd4Near line: 934 	mae$maria antunes/f/mesmo_que=14e13-3-perd2

ERROR: perdoes.cli line 935 ** Failure: undefined element. 
Near line: 935 Near line: 936 perdoante-m$manuel antunes/id=14e13-3-perd4

ERROR: perdoes.cli line 935 ** perdoante-m unknown element: id.
Near line: 935 Near line: 936 perdoante-m$manuel antunes/id=14e13-3-perd4

ERROR: perdoes.cli line 936 ** Failure. Could not process -flushGroup
Near line: 936 perdoante-m$manuel antunes/id=14e13-3-perd4Near line: 937 	ls$residencia/casal do falcao, termo de obidos

ERROR: perdoes.cli line 940 *** Current group mae cannot be linked with previous group ls(att-411)
Near line: 940 	ls$assina/cruzNear line: 941 	mae$maria antunes/f/mesmo_que=14e13-3-perd2

ERROR: perdoes.cli line 940 ***mae group not stored.
Near line: 940 	ls$assina/cruzNear line: 941 	mae$maria antunes/f/mesmo_que=14e13-3-perd2

ERROR: perdoes.cli line 940 ** Failure. Could not process group -mae
Near line: 940 	ls$assina/cruzNear line: 941 	mae$maria antunes/f/mesmo_que=14e13-3-perd2

ERROR: perdoes.cli line 940 ** Failure: undefined element. 
Near line: 940 	ls$assina/cruzNear line: 941 	mae$maria antunes/f/mesmo_que=14e13-3-perd2

ERROR: perdoes.cli line 940 ** ls unknown element: mesmo_que.
Near line: 940 	ls$assina/cruzNear line: 941 	mae$maria antunes/f/mesmo_que=14e13-3-perd2
978: cartaperdao$14e38-1
1013: cartaperdao$14e38-2
1039: cartaperdao$14e38-3

ERROR: perdoes.cli line 1038 ** Failure: undefined element. 
Near line: 1038 Near line: 1039 perdoante-m$maria martins/id=14e38-3-perd1

ERROR: perdoes.cli line 1038 ** perdoante-m unknown element: id.
Near line: 1038 Near line: 1039 perdoante-m$maria martins/id=14e38-3-perd1

ERROR: perdoes.cli line 1039 ** Failure. Could not process -flushGroup
Near line: 1039 perdoante-m$maria martins/id=14e38-3-perd1Near line: 1040 	ls$residencia/carvalhal, termo de obidos
1075: cartaperdao$14e24
1127: cartaperdao$14e38-4
1212: cartaperdao$14e38-5
1247: cartaperdao$14e9-1

ERROR: perdoes.cli line 1246 ** Failure: undefined element. 
Near line: 1246 Near line: 1247 perdoante-m$domingos dias/id=14e6-1-perd1

ERROR: perdoes.cli line 1246 ** perdoante-m unknown element: id.
Near line: 1246 Near line: 1247 perdoante-m$domingos dias/id=14e6-1-perd1

ERROR: perdoes.cli line 1247 ** Failure. Could not process -flushGroup
Near line: 1247 perdoante-m$domingos dias/id=14e6-1-perd1Near line: 1248 	ls$residencia/moinho do pagador, limite do lugar de olho marinho, termo de obidos

ERROR: perdoes.cli line 1252 *** Current group pai cannot be linked with previous group rel(rel-83)
Near line: 1252 	rel$profissional/carreteiro/domingos francisco/14e9-1-perd2Near line: 1253 	pai$domingos dias/m

ERROR: perdoes.cli line 1252 ***pai group not stored.
Near line: 1252 	rel$profissional/carreteiro/domingos francisco/14e9-1-perd2Near line: 1253 	pai$domingos dias/m

ERROR: perdoes.cli line 1252 ** Failure. Could not process group -pai
Near line: 1252 	rel$profissional/carreteiro/domingos francisco/14e9-1-perd2Near line: 1253 	pai$domingos dias/m

ERROR: perdoes.cli line 1252 ** Failure: undefined element. 
Near line: 1252 	rel$profissional/carreteiro/domingos francisco/14e9-1-perd2Near line: 1253 	pai$domingos dias/m

ERROR: perdoes.cli line 1253 ** Failure: undefined element. 
Near line: 1253 	pai$domingos dias/mNear line: 1254 		ls$residencia/santa catarina, coutos de alcobaca
1283: cartaperdao$14e9-2
1313: cartaperdao$14e28-1
1344: cartaperdao$14e10-1
1380: cartaperdao$14e28-2
1425: cartaperdao$14e10-2
1452: cartaperdao$14e7-1

ERROR: perdoes.cli line 1457 ** Failure: undefined element. 
Near line: 1457 Near line: 1458 perdoante-f$joana/id=14e7-1-perd2

ERROR: perdoes.cli line 1457 ** perdoante-f unknown element: id.
Near line: 1457 Near line: 1458 perdoante-f$joana/id=14e7-1-perd2

ERROR: perdoes.cli line 1458 ** Failure. Could not process -flushGroup
Near line: 1458 perdoante-f$joana/id=14e7-1-perd2Near line: 1459 	ls$residencia/lugar da usseira, termo de obidos

ERROR: perdoes.cli line 1461 *** Current group pai cannot be linked with previous group ls(att-621)
Near line: 1461 	ls$assina/cruzNear line: 1462 	pai$luis vieira/m/mesmo_que=14e7-1-perd1

ERROR: perdoes.cli line 1461 ***pai group not stored.
Near line: 1461 	ls$assina/cruzNear line: 1462 	pai$luis vieira/m/mesmo_que=14e7-1-perd1

ERROR: perdoes.cli line 1461 ** Failure. Could not process group -pai
Near line: 1461 	ls$assina/cruzNear line: 1462 	pai$luis vieira/m/mesmo_que=14e7-1-perd1

ERROR: perdoes.cli line 1461 ** Failure: undefined element. 
Near line: 1461 	ls$assina/cruzNear line: 1462 	pai$luis vieira/m/mesmo_que=14e7-1-perd1

ERROR: perdoes.cli line 1461 ** ls unknown element: mesmo_que.
Near line: 1461 	ls$assina/cruzNear line: 1462 	pai$luis vieira/m/mesmo_que=14e7-1-perd1
1488: cartaperdao$14e35-1
1514: cartaperdao$14e35-2

ERROR: perdoes.cli line 1519 ** Failure: undefined element. 
Near line: 1519 Near line: 1520 perdoante-m$manuel da silva/id=14e35-2-perd2

ERROR: perdoes.cli line 1519 ** perdoante-m unknown element: id.
Near line: 1519 Near line: 1520 perdoante-m$manuel da silva/id=14e35-2-perd2

ERROR: perdoes.cli line 1520 ** Failure. Could not process -flushGroup
Near line: 1520 perdoante-m$manuel da silva/id=14e35-2-perd2Near line: 1521 	ls$residencia/lugar da dagorda, termo de obidos

ERROR: perdoes.cli line 1523 *** Current group pai cannot be linked with previous group ls(att-649)
Near line: 1523 	ls$assina/cruzNear line: 1524 	pai$joao da silva/m/mesmo_que=14e35-2-perd1

ERROR: perdoes.cli line 1523 ***pai group not stored.
Near line: 1523 	ls$assina/cruzNear line: 1524 	pai$joao da silva/m/mesmo_que=14e35-2-perd1

ERROR: perdoes.cli line 1523 ** Failure. Could not process group -pai
Near line: 1523 	ls$assina/cruzNear line: 1524 	pai$joao da silva/m/mesmo_que=14e35-2-perd1

ERROR: perdoes.cli line 1523 ** Failure: undefined element. 
Near line: 1523 	ls$assina/cruzNear line: 1524 	pai$joao da silva/m/mesmo_que=14e35-2-perd1

ERROR: perdoes.cli line 1523 ** ls unknown element: mesmo_que.
Near line: 1523 	ls$assina/cruzNear line: 1524 	pai$joao da silva/m/mesmo_que=14e35-2-perd1
*** End of File
65  errors. 
0  warnings.
Translation finished.
