ClioInput - version $Revision: 179 $ SWI $Date: 2007-11-16 19:14:12 +0000 (Fri, 16 Nov 2007) $
7-4-2009 15-42

Processing data file:/Users/jrc/develop/mhk_users/testes/sources/varia/promotor.cli
-------------------------------------------
Generic Act translation module with geoentities (XML). $Revision: 179 $ $Date: 2007-11-16 19:14:12 +0000 (Fri, 16 Nov 2007) $
     Joaquim Ramos de Carvalho (joaquim@dei.uc.pt) 
** New document: kleio
1: kleio$gacto2.str
=========================
kleio translation started
=========================
Structure: gacto2.str
Prefix: 
Autorel: 
Obs: 

/Users/jrc/develop/mhk_users/testes/sources/varia/promotor.cli:2:** Failure: undefined element. 


ERROR: promotor.cli line 1 ** Failure: undefined element. 
Near line: 1 kleio$gacto2.str
Near line: 2    fonte$cadpro-1/1631/tipo=caderno do promotor da inquisicao/loc=ANTT blah blah


/Users/jrc/develop/mhk_users/testes/sources/varia/promotor.cli:2:** Failure: undefined element. 


ERROR: promotor.cli line 1 ** Failure: undefined element. 
Near line: 1 kleio$gacto2.str
Near line: 2    fonte$cadpro-1/1631/tipo=caderno do promotor da inquisicao/loc=ANTT blah blah


/Users/jrc/develop/mhk_users/testes/sources/varia/promotor.cli:2:** fonte unknown element: tipo.


ERROR: promotor.cli line 1 ** fonte unknown element: tipo.
Near line: 1 kleio$gacto2.str
Near line: 2    fonte$cadpro-1/1631/tipo=caderno do promotor da inquisicao/loc=ANTT blah blah


/Users/jrc/develop/mhk_users/testes/sources/varia/promotor.cli:2:** fonte unknown element: loc.


ERROR: promotor.cli line 1 ** fonte unknown element: loc.
Near line: 1 kleio$gacto2.str
Near line: 2    fonte$cadpro-1/1631/tipo=caderno do promotor da inquisicao/loc=ANTT blah blah

2:    fonte$cadpro-1/1631/tipo=caderno do promotor da inquisicao/loc=ANTT blah blah
3: 

/Users/jrc/develop/mhk_users/testes/sources/varia/promotor.cli:4:** Failure. Could not process -flushGroup


ERROR: promotor.cli line 3 ** Failure. Could not process -flushGroup
Near line: 3 
Near line: 4       denuncia$den-1631-1/10/2/1631/fol=nao sabemos/inquiridor=manuel mendonca/escrivao=joao da costa/obs=feita nas casas do inquiridor.


/Users/jrc/develop/mhk_users/testes/sources/varia/promotor.cli:4:*** Current group denuncia cannot be linked with previous group fonte([])


ERROR: promotor.cli line 3 *** Current group denuncia cannot be linked with previous group fonte([])
Near line: 3 
Near line: 4       denuncia$den-1631-1/10/2/1631/fol=nao sabemos/inquiridor=manuel mendonca/escrivao=joao da costa/obs=feita nas casas do inquiridor.


/Users/jrc/develop/mhk_users/testes/sources/varia/promotor.cli:4:***denuncia group not stored.


ERROR: promotor.cli line 3 ***denuncia group not stored.
Near line: 3 
Near line: 4       denuncia$den-1631-1/10/2/1631/fol=nao sabemos/inquiridor=manuel mendonca/escrivao=joao da costa/obs=feita nas casas do inquiridor.


/Users/jrc/develop/mhk_users/testes/sources/varia/promotor.cli:4:** Failure. Could not process group -denuncia


ERROR: promotor.cli line 3 ** Failure. Could not process group -denuncia
Near line: 3 
Near line: 4       denuncia$den-1631-1/10/2/1631/fol=nao sabemos/inquiridor=manuel mendonca/escrivao=joao da costa/obs=feita nas casas do inquiridor.


/Users/jrc/develop/mhk_users/testes/sources/varia/promotor.cli:4:** Failure: undefined element. 


ERROR: promotor.cli line 3 ** Failure: undefined element. 
Near line: 3 
Near line: 4       denuncia$den-1631-1/10/2/1631/fol=nao sabemos/inquiridor=manuel mendonca/escrivao=joao da costa/obs=feita nas casas do inquiridor.


/Users/jrc/develop/mhk_users/testes/sources/varia/promotor.cli:4:** Failure: undefined element. 


ERROR: promotor.cli line 3 ** Failure: undefined element. 
Near line: 3 
Near line: 4       denuncia$den-1631-1/10/2/1631/fol=nao sabemos/inquiridor=manuel mendonca/escrivao=joao da costa/obs=feita nas casas do inquiridor.


/Users/jrc/develop/mhk_users/testes/sources/varia/promotor.cli:4:** Failure: undefined element. 


ERROR: promotor.cli line 3 ** Failure: undefined element. 
Near line: 3 
Near line: 4       denuncia$den-1631-1/10/2/1631/fol=nao sabemos/inquiridor=manuel mendonca/escrivao=joao da costa/obs=feita nas casas do inquiridor.


/Users/jrc/develop/mhk_users/testes/sources/varia/promotor.cli:4:** Failure: undefined element. 


ERROR: promotor.cli line 3 ** Failure: undefined element. 
Near line: 3 
Near line: 4       denuncia$den-1631-1/10/2/1631/fol=nao sabemos/inquiridor=manuel mendonca/escrivao=joao da costa/obs=feita nas casas do inquiridor.


/Users/jrc/develop/mhk_users/testes/sources/varia/promotor.cli:4:** fonte unknown element: fol.


ERROR: promotor.cli line 3 ** fonte unknown element: fol.
Near line: 3 
Near line: 4       denuncia$den-1631-1/10/2/1631/fol=nao sabemos/inquiridor=manuel mendonca/escrivao=joao da costa/obs=feita nas casas do inquiridor.


/Users/jrc/develop/mhk_users/testes/sources/varia/promotor.cli:4:** fonte unknown element: inquiridor.


ERROR: promotor.cli line 3 ** fonte unknown element: inquiridor.
Near line: 3 
Near line: 4       denuncia$den-1631-1/10/2/1631/fol=nao sabemos/inquiridor=manuel mendonca/escrivao=joao da costa/obs=feita nas casas do inquiridor.


/Users/jrc/develop/mhk_users/testes/sources/varia/promotor.cli:4:** fonte unknown element: escrivao.


ERROR: promotor.cli line 3 ** fonte unknown element: escrivao.
Near line: 3 
Near line: 4       denuncia$den-1631-1/10/2/1631/fol=nao sabemos/inquiridor=manuel mendonca/escrivao=joao da costa/obs=feita nas casas do inquiridor.


/Users/jrc/develop/mhk_users/testes/sources/varia/promotor.cli:4:** fonte unknown element: obs.


ERROR: promotor.cli line 3 ** fonte unknown element: obs.
Near line: 3 
Near line: 4       denuncia$den-1631-1/10/2/1631/fol=nao sabemos/inquiridor=manuel mendonca/escrivao=joao da costa/obs=feita nas casas do inquiridor.

4:       denuncia$den-1631-1/10/2/1631/fol=nao sabemos/inquiridor=manuel mendonca/escrivao=joao da costa/obs=feita nas casas do inquiridor.
5: 

/Users/jrc/develop/mhk_users/testes/sources/varia/promotor.cli:6:** Failure. Could not process -flushGroup


ERROR: promotor.cli line 5 ** Failure. Could not process -flushGroup
Near line: 5 
Near line: 6          denunciante$francisco de foios/id=den-1631-1-per1


/Users/jrc/develop/mhk_users/testes/sources/varia/promotor.cli:6:*** Current group denunciante cannot be linked with previous group fonte([])


ERROR: promotor.cli line 5 *** Current group denunciante cannot be linked with previous group fonte([])
Near line: 5 
Near line: 6          denunciante$francisco de foios/id=den-1631-1-per1


/Users/jrc/develop/mhk_users/testes/sources/varia/promotor.cli:6:***denunciante group not stored.


ERROR: promotor.cli line 5 ***denunciante group not stored.
Near line: 5 
Near line: 6          denunciante$francisco de foios/id=den-1631-1-per1


/Users/jrc/develop/mhk_users/testes/sources/varia/promotor.cli:6:** Failure. Could not process group -denunciante


ERROR: promotor.cli line 5 ** Failure. Could not process group -denunciante
Near line: 5 
Near line: 6          denunciante$francisco de foios/id=den-1631-1-per1


/Users/jrc/develop/mhk_users/testes/sources/varia/promotor.cli:6:** Failure: undefined element. 


ERROR: promotor.cli line 5 ** Failure: undefined element. 
Near line: 5 
Near line: 6          denunciante$francisco de foios/id=den-1631-1-per1


/Users/jrc/develop/mhk_users/testes/sources/varia/promotor.cli:6:** fonte unknown element: id.


ERROR: promotor.cli line 5 ** fonte unknown element: id.
Near line: 5 
Near line: 6          denunciante$francisco de foios/id=den-1631-1-per1

6:          denunciante$francisco de foios/id=den-1631-1-per1

/Users/jrc/develop/mhk_users/testes/sources/varia/promotor.cli:7:** Failure. Could not process -flushGroup


ERROR: promotor.cli line 6 ** Failure. Could not process -flushGroup
Near line: 6          denunciante$francisco de foios/id=den-1631-1-per1
Near line: 7             ls$idade/40


/Users/jrc/develop/mhk_users/testes/sources/varia/promotor.cli:7:*** Current group ls cannot be linked with previous group fonte([])


ERROR: promotor.cli line 6 *** Current group ls cannot be linked with previous group fonte([])
Near line: 6          denunciante$francisco de foios/id=den-1631-1-per1
Near line: 7             ls$idade/40


/Users/jrc/develop/mhk_users/testes/sources/varia/promotor.cli:7:***ls group not stored.


ERROR: promotor.cli line 6 ***ls group not stored.
Near line: 6          denunciante$francisco de foios/id=den-1631-1-per1
Near line: 7             ls$idade/40


/Users/jrc/develop/mhk_users/testes/sources/varia/promotor.cli:7:** Failure. Could not process group -ls


ERROR: promotor.cli line 6 ** Failure. Could not process group -ls
Near line: 6          denunciante$francisco de foios/id=den-1631-1-per1
Near line: 7             ls$idade/40


/Users/jrc/develop/mhk_users/testes/sources/varia/promotor.cli:7:** Failure: undefined element. 


ERROR: promotor.cli line 6 ** Failure: undefined element. 
Near line: 6          denunciante$francisco de foios/id=den-1631-1-per1
Near line: 7             ls$idade/40

7:             ls$idade/40

/Users/jrc/develop/mhk_users/testes/sources/varia/promotor.cli:8:** Failure: undefined element. 


ERROR: promotor.cli line 7 ** Failure: undefined element. 
Near line: 7             ls$idade/40
Near line: 8             ls$cargo/reitor do colegio jesuita de faro


/Users/jrc/develop/mhk_users/testes/sources/varia/promotor.cli:8:** Failure. Could not process -flushGroup


ERROR: promotor.cli line 7 ** Failure. Could not process -flushGroup
Near line: 7             ls$idade/40
Near line: 8             ls$cargo/reitor do colegio jesuita de faro


/Users/jrc/develop/mhk_users/testes/sources/varia/promotor.cli:8:*** Current group ls cannot be linked with previous group fonte([])


ERROR: promotor.cli line 7 *** Current group ls cannot be linked with previous group fonte([])
Near line: 7             ls$idade/40
Near line: 8             ls$cargo/reitor do colegio jesuita de faro


/Users/jrc/develop/mhk_users/testes/sources/varia/promotor.cli:8:***ls group not stored.


ERROR: promotor.cli line 7 ***ls group not stored.
Near line: 7             ls$idade/40
Near line: 8             ls$cargo/reitor do colegio jesuita de faro


/Users/jrc/develop/mhk_users/testes/sources/varia/promotor.cli:8:** Failure. Could not process group -ls


ERROR: promotor.cli line 7 ** Failure. Could not process group -ls
Near line: 7             ls$idade/40
Near line: 8             ls$cargo/reitor do colegio jesuita de faro


/Users/jrc/develop/mhk_users/testes/sources/varia/promotor.cli:8:** Failure: undefined element. 


ERROR: promotor.cli line 7 ** Failure: undefined element. 
Near line: 7             ls$idade/40
Near line: 8             ls$cargo/reitor do colegio jesuita de faro

8:             ls$cargo/reitor do colegio jesuita de faro

/Users/jrc/develop/mhk_users/testes/sources/varia/promotor.cli:9:** Failure: undefined element. 


ERROR: promotor.cli line 8 ** Failure: undefined element. 
Near line: 8             ls$cargo/reitor do colegio jesuita de faro
Near line: 9             ls$residencia/faro


/Users/jrc/develop/mhk_users/testes/sources/varia/promotor.cli:9:** Failure. Could not process -flushGroup


ERROR: promotor.cli line 8 ** Failure. Could not process -flushGroup
Near line: 8             ls$cargo/reitor do colegio jesuita de faro
Near line: 9             ls$residencia/faro


/Users/jrc/develop/mhk_users/testes/sources/varia/promotor.cli:9:*** Current group ls cannot be linked with previous group fonte([])


ERROR: promotor.cli line 8 *** Current group ls cannot be linked with previous group fonte([])
Near line: 8             ls$cargo/reitor do colegio jesuita de faro
Near line: 9             ls$residencia/faro


/Users/jrc/develop/mhk_users/testes/sources/varia/promotor.cli:9:***ls group not stored.


ERROR: promotor.cli line 8 ***ls group not stored.
Near line: 8             ls$cargo/reitor do colegio jesuita de faro
Near line: 9             ls$residencia/faro


/Users/jrc/develop/mhk_users/testes/sources/varia/promotor.cli:9:** Failure. Could not process group -ls


ERROR: promotor.cli line 8 ** Failure. Could not process group -ls
Near line: 8             ls$cargo/reitor do colegio jesuita de faro
Near line: 9             ls$residencia/faro


/Users/jrc/develop/mhk_users/testes/sources/varia/promotor.cli:9:** Failure: undefined element. 


ERROR: promotor.cli line 8 ** Failure: undefined element. 
Near line: 8             ls$cargo/reitor do colegio jesuita de faro
Near line: 9             ls$residencia/faro

9:             ls$residencia/faro

/Users/jrc/develop/mhk_users/testes/sources/varia/promotor.cli:10:** Failure: undefined element. 


ERROR: promotor.cli line 9 ** Failure: undefined element. 
Near line: 9             ls$residencia/faro
Near line: 10             ls$assina/sim


/Users/jrc/develop/mhk_users/testes/sources/varia/promotor.cli:10:** Failure. Could not process -flushGroup


ERROR: promotor.cli line 9 ** Failure. Could not process -flushGroup
Near line: 9             ls$residencia/faro
Near line: 10             ls$assina/sim


/Users/jrc/develop/mhk_users/testes/sources/varia/promotor.cli:10:*** Current group ls cannot be linked with previous group fonte([])


ERROR: promotor.cli line 9 *** Current group ls cannot be linked with previous group fonte([])
Near line: 9             ls$residencia/faro
Near line: 10             ls$assina/sim


/Users/jrc/develop/mhk_users/testes/sources/varia/promotor.cli:10:***ls group not stored.


ERROR: promotor.cli line 9 ***ls group not stored.
Near line: 9             ls$residencia/faro
Near line: 10             ls$assina/sim


/Users/jrc/develop/mhk_users/testes/sources/varia/promotor.cli:10:** Failure. Could not process group -ls


ERROR: promotor.cli line 9 ** Failure. Could not process group -ls
Near line: 9             ls$residencia/faro
Near line: 10             ls$assina/sim


/Users/jrc/develop/mhk_users/testes/sources/varia/promotor.cli:10:** Failure: undefined element. 


ERROR: promotor.cli line 9 ** Failure: undefined element. 
Near line: 9             ls$residencia/faro
Near line: 10             ls$assina/sim

10:             ls$assina/sim

/Users/jrc/develop/mhk_users/testes/sources/varia/promotor.cli:11:** Failure: undefined element. 


ERROR: promotor.cli line 10 ** Failure: undefined element. 
Near line: 10             ls$assina/sim
Near line: 11             ls$ordem/jesuita


/Users/jrc/develop/mhk_users/testes/sources/varia/promotor.cli:11:** Failure. Could not process -flushGroup


ERROR: promotor.cli line 10 ** Failure. Could not process -flushGroup
Near line: 10             ls$assina/sim
Near line: 11             ls$ordem/jesuita


/Users/jrc/develop/mhk_users/testes/sources/varia/promotor.cli:11:*** Current group ls cannot be linked with previous group fonte([])


ERROR: promotor.cli line 10 *** Current group ls cannot be linked with previous group fonte([])
Near line: 10             ls$assina/sim
Near line: 11             ls$ordem/jesuita


/Users/jrc/develop/mhk_users/testes/sources/varia/promotor.cli:11:***ls group not stored.


ERROR: promotor.cli line 10 ***ls group not stored.
Near line: 10             ls$assina/sim
Near line: 11             ls$ordem/jesuita


/Users/jrc/develop/mhk_users/testes/sources/varia/promotor.cli:11:** Failure. Could not process group -ls


ERROR: promotor.cli line 10 ** Failure. Could not process group -ls
Near line: 10             ls$assina/sim
Near line: 11             ls$ordem/jesuita


/Users/jrc/develop/mhk_users/testes/sources/varia/promotor.cli:11:** Failure: undefined element. 


ERROR: promotor.cli line 10 ** Failure: undefined element. 
Near line: 10             ls$assina/sim
Near line: 11             ls$ordem/jesuita

11:             ls$ordem/jesuita

/Users/jrc/develop/mhk_users/testes/sources/varia/promotor.cli:12:** Failure: undefined element. 


ERROR: promotor.cli line 11 ** Failure: undefined element. 
Near line: 11             ls$ordem/jesuita
Near line: 12             ls$profissao/padre


/Users/jrc/develop/mhk_users/testes/sources/varia/promotor.cli:12:** Failure. Could not process -flushGroup


ERROR: promotor.cli line 11 ** Failure. Could not process -flushGroup
Near line: 11             ls$ordem/jesuita
Near line: 12             ls$profissao/padre


/Users/jrc/develop/mhk_users/testes/sources/varia/promotor.cli:12:*** Current group ls cannot be linked with previous group fonte([])


ERROR: promotor.cli line 11 *** Current group ls cannot be linked with previous group fonte([])
Near line: 11             ls$ordem/jesuita
Near line: 12             ls$profissao/padre


/Users/jrc/develop/mhk_users/testes/sources/varia/promotor.cli:12:***ls group not stored.


ERROR: promotor.cli line 11 ***ls group not stored.
Near line: 11             ls$ordem/jesuita
Near line: 12             ls$profissao/padre


/Users/jrc/develop/mhk_users/testes/sources/varia/promotor.cli:12:** Failure. Could not process group -ls


ERROR: promotor.cli line 11 ** Failure. Could not process group -ls
Near line: 11             ls$ordem/jesuita
Near line: 12             ls$profissao/padre


/Users/jrc/develop/mhk_users/testes/sources/varia/promotor.cli:12:** Failure: undefined element. 


ERROR: promotor.cli line 11 ** Failure: undefined element. 
Near line: 11             ls$ordem/jesuita
Near line: 12             ls$profissao/padre

12:             ls$profissao/padre
13: 

/Users/jrc/develop/mhk_users/testes/sources/varia/promotor.cli:14:** Failure: undefined element. 


ERROR: promotor.cli line 13 ** Failure: undefined element. 
Near line: 13 
Near line: 14             caso$den-1631-1-c1/pacto com o demonio/obs=usa uma nomina


/Users/jrc/develop/mhk_users/testes/sources/varia/promotor.cli:14:** Failure. Could not process -flushGroup


ERROR: promotor.cli line 13 ** Failure. Could not process -flushGroup
Near line: 13 
Near line: 14             caso$den-1631-1-c1/pacto com o demonio/obs=usa uma nomina


/Users/jrc/develop/mhk_users/testes/sources/varia/promotor.cli:14:*** Current group caso cannot be linked with previous group fonte([])


ERROR: promotor.cli line 13 *** Current group caso cannot be linked with previous group fonte([])
Near line: 13 
Near line: 14             caso$den-1631-1-c1/pacto com o demonio/obs=usa uma nomina


/Users/jrc/develop/mhk_users/testes/sources/varia/promotor.cli:14:***caso group not stored.


ERROR: promotor.cli line 13 ***caso group not stored.
Near line: 13 
Near line: 14             caso$den-1631-1-c1/pacto com o demonio/obs=usa uma nomina


/Users/jrc/develop/mhk_users/testes/sources/varia/promotor.cli:14:** Failure. Could not process group -caso


ERROR: promotor.cli line 13 ** Failure. Could not process group -caso
Near line: 13 
Near line: 14             caso$den-1631-1-c1/pacto com o demonio/obs=usa uma nomina


/Users/jrc/develop/mhk_users/testes/sources/varia/promotor.cli:14:** Failure: undefined element. 


ERROR: promotor.cli line 13 ** Failure: undefined element. 
Near line: 13 
Near line: 14             caso$den-1631-1-c1/pacto com o demonio/obs=usa uma nomina


/Users/jrc/develop/mhk_users/testes/sources/varia/promotor.cli:14:** Failure: undefined element. 


ERROR: promotor.cli line 13 ** Failure: undefined element. 
Near line: 13 
Near line: 14             caso$den-1631-1-c1/pacto com o demonio/obs=usa uma nomina


/Users/jrc/develop/mhk_users/testes/sources/varia/promotor.cli:14:** fonte unknown element: obs.


ERROR: promotor.cli line 13 ** fonte unknown element: obs.
Near line: 13 
Near line: 14             caso$den-1631-1-c1/pacto com o demonio/obs=usa uma nomina

14:             caso$den-1631-1-c1/pacto com o demonio/obs=usa uma nomina
15: 

/Users/jrc/develop/mhk_users/testes/sources/varia/promotor.cli:16:** Failure. Could not process -flushGroup


ERROR: promotor.cli line 15 ** Failure. Could not process -flushGroup
Near line: 15 
Near line: 16                acusado$joao ramos/id=den-1631-1-c1-per2


/Users/jrc/develop/mhk_users/testes/sources/varia/promotor.cli:16:*** Current group acusado cannot be linked with previous group fonte([])


ERROR: promotor.cli line 15 *** Current group acusado cannot be linked with previous group fonte([])
Near line: 15 
Near line: 16                acusado$joao ramos/id=den-1631-1-c1-per2


/Users/jrc/develop/mhk_users/testes/sources/varia/promotor.cli:16:***acusado group not stored.


ERROR: promotor.cli line 15 ***acusado group not stored.
Near line: 15 
Near line: 16                acusado$joao ramos/id=den-1631-1-c1-per2


/Users/jrc/develop/mhk_users/testes/sources/varia/promotor.cli:16:** Failure. Could not process group -acusado


ERROR: promotor.cli line 15 ** Failure. Could not process group -acusado
Near line: 15 
Near line: 16                acusado$joao ramos/id=den-1631-1-c1-per2


/Users/jrc/develop/mhk_users/testes/sources/varia/promotor.cli:16:** Failure: undefined element. 


ERROR: promotor.cli line 15 ** Failure: undefined element. 
Near line: 15 
Near line: 16                acusado$joao ramos/id=den-1631-1-c1-per2


/Users/jrc/develop/mhk_users/testes/sources/varia/promotor.cli:16:** fonte unknown element: id.


ERROR: promotor.cli line 15 ** fonte unknown element: id.
Near line: 15 
Near line: 16                acusado$joao ramos/id=den-1631-1-c1-per2

16:                acusado$joao ramos/id=den-1631-1-c1-per2

/Users/jrc/develop/mhk_users/testes/sources/varia/promotor.cli:17:** Failure. Could not process -flushGroup


ERROR: promotor.cli line 16 ** Failure. Could not process -flushGroup
Near line: 16                acusado$joao ramos/id=den-1631-1-c1-per2
Near line: 17                   ls$naturalidade/moncarapacho


/Users/jrc/develop/mhk_users/testes/sources/varia/promotor.cli:17:*** Current group ls cannot be linked with previous group fonte([])


ERROR: promotor.cli line 16 *** Current group ls cannot be linked with previous group fonte([])
Near line: 16                acusado$joao ramos/id=den-1631-1-c1-per2
Near line: 17                   ls$naturalidade/moncarapacho


/Users/jrc/develop/mhk_users/testes/sources/varia/promotor.cli:17:***ls group not stored.


ERROR: promotor.cli line 16 ***ls group not stored.
Near line: 16                acusado$joao ramos/id=den-1631-1-c1-per2
Near line: 17                   ls$naturalidade/moncarapacho


/Users/jrc/develop/mhk_users/testes/sources/varia/promotor.cli:17:** Failure. Could not process group -ls


ERROR: promotor.cli line 16 ** Failure. Could not process group -ls
Near line: 16                acusado$joao ramos/id=den-1631-1-c1-per2
Near line: 17                   ls$naturalidade/moncarapacho


/Users/jrc/develop/mhk_users/testes/sources/varia/promotor.cli:17:** Failure: undefined element. 


ERROR: promotor.cli line 16 ** Failure: undefined element. 
Near line: 16                acusado$joao ramos/id=den-1631-1-c1-per2
Near line: 17                   ls$naturalidade/moncarapacho

17:                   ls$naturalidade/moncarapacho

/Users/jrc/develop/mhk_users/testes/sources/varia/promotor.cli:18:** Failure: undefined element. 


ERROR: promotor.cli line 17 ** Failure: undefined element. 
Near line: 17                   ls$naturalidade/moncarapacho
Near line: 18                   ls$ec/c


/Users/jrc/develop/mhk_users/testes/sources/varia/promotor.cli:18:** Failure. Could not process -flushGroup


ERROR: promotor.cli line 17 ** Failure. Could not process -flushGroup
Near line: 17                   ls$naturalidade/moncarapacho
Near line: 18                   ls$ec/c


/Users/jrc/develop/mhk_users/testes/sources/varia/promotor.cli:18:*** Current group ls cannot be linked with previous group fonte([])


ERROR: promotor.cli line 17 *** Current group ls cannot be linked with previous group fonte([])
Near line: 17                   ls$naturalidade/moncarapacho
Near line: 18                   ls$ec/c


/Users/jrc/develop/mhk_users/testes/sources/varia/promotor.cli:18:***ls group not stored.


ERROR: promotor.cli line 17 ***ls group not stored.
Near line: 17                   ls$naturalidade/moncarapacho
Near line: 18                   ls$ec/c


/Users/jrc/develop/mhk_users/testes/sources/varia/promotor.cli:18:** Failure. Could not process group -ls


ERROR: promotor.cli line 17 ** Failure. Could not process group -ls
Near line: 17                   ls$naturalidade/moncarapacho
Near line: 18                   ls$ec/c


/Users/jrc/develop/mhk_users/testes/sources/varia/promotor.cli:18:** Failure: undefined element. 


ERROR: promotor.cli line 17 ** Failure: undefined element. 
Near line: 17                   ls$naturalidade/moncarapacho
Near line: 18                   ls$ec/c

18:                   ls$ec/c

/Users/jrc/develop/mhk_users/testes/sources/varia/promotor.cli:19:** Failure: undefined element. 


ERROR: promotor.cli line 18 ** Failure: undefined element. 
Near line: 18                   ls$ec/c
Near line: 19                   ls$profissao/pescador


/Users/jrc/develop/mhk_users/testes/sources/varia/promotor.cli:19:** Failure. Could not process -flushGroup


ERROR: promotor.cli line 18 ** Failure. Could not process -flushGroup
Near line: 18                   ls$ec/c
Near line: 19                   ls$profissao/pescador


/Users/jrc/develop/mhk_users/testes/sources/varia/promotor.cli:19:*** Current group ls cannot be linked with previous group fonte([])


ERROR: promotor.cli line 18 *** Current group ls cannot be linked with previous group fonte([])
Near line: 18                   ls$ec/c
Near line: 19                   ls$profissao/pescador


/Users/jrc/develop/mhk_users/testes/sources/varia/promotor.cli:19:***ls group not stored.


ERROR: promotor.cli line 18 ***ls group not stored.
Near line: 18                   ls$ec/c
Near line: 19                   ls$profissao/pescador


/Users/jrc/develop/mhk_users/testes/sources/varia/promotor.cli:19:** Failure. Could not process group -ls


ERROR: promotor.cli line 18 ** Failure. Could not process group -ls
Near line: 18                   ls$ec/c
Near line: 19                   ls$profissao/pescador


/Users/jrc/develop/mhk_users/testes/sources/varia/promotor.cli:19:** Failure: undefined element. 


ERROR: promotor.cli line 18 ** Failure: undefined element. 
Near line: 18                   ls$ec/c
Near line: 19                   ls$profissao/pescador

19:                   ls$profissao/pescador
20: 

/Users/jrc/develop/mhk_users/testes/sources/varia/promotor.cli:21:** Failure: undefined element. 


ERROR: promotor.cli line 20 ** Failure: undefined element. 
Near line: 20 
Near line: 21                   pai$joao ramos/id=den-1631-1-c1-per2-per3


/Users/jrc/develop/mhk_users/testes/sources/varia/promotor.cli:21:** Failure. Could not process -flushGroup


ERROR: promotor.cli line 20 ** Failure. Could not process -flushGroup
Near line: 20 
Near line: 21                   pai$joao ramos/id=den-1631-1-c1-per2-per3


/Users/jrc/develop/mhk_users/testes/sources/varia/promotor.cli:21:*** Current group pai cannot be linked with previous group fonte([])


ERROR: promotor.cli line 20 *** Current group pai cannot be linked with previous group fonte([])
Near line: 20 
Near line: 21                   pai$joao ramos/id=den-1631-1-c1-per2-per3


/Users/jrc/develop/mhk_users/testes/sources/varia/promotor.cli:21:***pai group not stored.


ERROR: promotor.cli line 20 ***pai group not stored.
Near line: 20 
Near line: 21                   pai$joao ramos/id=den-1631-1-c1-per2-per3


/Users/jrc/develop/mhk_users/testes/sources/varia/promotor.cli:21:** Failure. Could not process group -pai


ERROR: promotor.cli line 20 ** Failure. Could not process group -pai
Near line: 20 
Near line: 21                   pai$joao ramos/id=den-1631-1-c1-per2-per3


/Users/jrc/develop/mhk_users/testes/sources/varia/promotor.cli:21:** Failure: undefined element. 


ERROR: promotor.cli line 20 ** Failure: undefined element. 
Near line: 20 
Near line: 21                   pai$joao ramos/id=den-1631-1-c1-per2-per3


/Users/jrc/develop/mhk_users/testes/sources/varia/promotor.cli:21:** fonte unknown element: id.


ERROR: promotor.cli line 20 ** fonte unknown element: id.
Near line: 20 
Near line: 21                   pai$joao ramos/id=den-1631-1-c1-per2-per3

21:                   pai$joao ramos/id=den-1631-1-c1-per2-per3

/Users/jrc/develop/mhk_users/testes/sources/varia/promotor.cli:22:** Failure. Could not process -flushGroup


ERROR: promotor.cli line 21 ** Failure. Could not process -flushGroup
Near line: 21                   pai$joao ramos/id=den-1631-1-c1-per2-per3
Near line: 22                      ls$penitenciado/albarda/obs=por ter dormido com a filha


/Users/jrc/develop/mhk_users/testes/sources/varia/promotor.cli:22:*** Current group ls cannot be linked with previous group fonte([])


ERROR: promotor.cli line 21 *** Current group ls cannot be linked with previous group fonte([])
Near line: 21                   pai$joao ramos/id=den-1631-1-c1-per2-per3
Near line: 22                      ls$penitenciado/albarda/obs=por ter dormido com a filha


/Users/jrc/develop/mhk_users/testes/sources/varia/promotor.cli:22:***ls group not stored.


ERROR: promotor.cli line 21 ***ls group not stored.
Near line: 21                   pai$joao ramos/id=den-1631-1-c1-per2-per3
Near line: 22                      ls$penitenciado/albarda/obs=por ter dormido com a filha


/Users/jrc/develop/mhk_users/testes/sources/varia/promotor.cli:22:** Failure. Could not process group -ls


ERROR: promotor.cli line 21 ** Failure. Could not process group -ls
Near line: 21                   pai$joao ramos/id=den-1631-1-c1-per2-per3
Near line: 22                      ls$penitenciado/albarda/obs=por ter dormido com a filha


/Users/jrc/develop/mhk_users/testes/sources/varia/promotor.cli:22:** Failure: undefined element. 


ERROR: promotor.cli line 21 ** Failure: undefined element. 
Near line: 21                   pai$joao ramos/id=den-1631-1-c1-per2-per3
Near line: 22                      ls$penitenciado/albarda/obs=por ter dormido com a filha


/Users/jrc/develop/mhk_users/testes/sources/varia/promotor.cli:22:** Failure: undefined element. 


ERROR: promotor.cli line 21 ** Failure: undefined element. 
Near line: 21                   pai$joao ramos/id=den-1631-1-c1-per2-per3
Near line: 22                      ls$penitenciado/albarda/obs=por ter dormido com a filha


/Users/jrc/develop/mhk_users/testes/sources/varia/promotor.cli:22:** fonte unknown element: obs.


ERROR: promotor.cli line 21 ** fonte unknown element: obs.
Near line: 21                   pai$joao ramos/id=den-1631-1-c1-per2-per3
Near line: 22                      ls$penitenciado/albarda/obs=por ter dormido com a filha

22:                      ls$penitenciado/albarda/obs=por ter dormido com a filha
23: 
/Users/jrc/develop/mhk_users/testes/sources/varia/promotor.cli:23:** Failure. Could not process -flushGroup


ERROR: promotor.cli line 22 ** Failure. Could not process -flushGroup
Near line: 22 Near line: 23 
*** End of File
103  errors.
**** auto rels 2 STARTED.
** Translation finished.
