ClioInput - version @@VERSION@@ - build @@BUILD@@ @@DATE@@
21-6-2019 15-53

Processing data file c1897_2.cli
-------------------------------------------
Generic Act translation module with geoentities (XML).
     Joaquim Ramos de Carvalho (joaquim@uc.pt) 
** New document: kleio
=========================
kleio translation started
=========================
Structure: gacto2.str
Prefix: 
Autorel: 
Translation count: 1
Obs: 
** Processing source fonte$cas1897_2

WARNING: c1897_2.cli line 3 Element value exceeds database field length: loc=adavr,freguesia de s. salvador de ilhavo, casamentos, liv.148, 1897. Size:67 limit: 64
Near line: 3 
Near line: 4       cas$c1897.64/25/09/1897/adavr, freguesia de s. salvador, casamentos, 1897, fls.34-34v/igreja paroquial de s. salvador de ilhavo/reverendo coadjutor domingos ferreira jorge

6: cas$c1897.64
47: cas$c1897.65
84: cas$c1897.66
121: cas$c1897.67
159: cas$c1897.68
196: cas$c1897.69
235: cas$c1897.71
272: cas$c1897.72
311: cas$c1897.73
349: cas$c1897.74b
387: cas$c1897.75
424: cas$c1897.76
461: cas$c1897.77
498: cas$c1897.78
536: cas$c1897.74
573: cas$c1897.80
611: cas$c1897.81
650: cas$c1897.82
688: cas$c1897.83
729: cas$c1897.84
770: cas$c1897.85.23
820: cas$c1897.86
862: cas$c1897.87
902: cas$c1897.88
940: cas$c1897.89
978: cas$c1897.90
1017: cas$c1897.91
1059: cas$c1897.92
1097: cas$c1897.93
1135: cas$c1897.94
1177: cas$c1897.95
1215: cas$c1897.96
1253: cas$c1897.97
1296: cas$c1897.99
1332: cas$c1897.100
1372: cas$c1897.101
1408: cas$c1897
1449: cas$c1897.103
1487: cas$c1897.104
1524: cas$c1897.105
1561: cas$c1897.106
1601: cas$c1897.107
1640: cas$c1897.108
1679: cas$c1897.109
1716: cas$c1897.110
*** End of File
** Processed file- /Users/jrc/mhk-home/sources/ilhavo-master/sources/Clis_Ilhavo/casamentos/c1897_2.cli
** Original file- /Users/jrc/mhk-home/sources/ilhavo-master/sources/Clis_Ilhavo/casamentos/c1897_2.org
** Previous version- /Users/jrc/mhk-home/sources/ilhavo-master/sources/Clis_Ilhavo/casamentos/c1897_2.old
** Temp file with ids- /Users/jrc/mhk-home/sources/ilhavo-master/sources/Clis_Ilhavo/casamentos/c1897_2.ids
0  errors. 
0  warnings.
Translation finished.
