ClioInput - version @@VERSION@@ - build @@BUILD@@ @@DATE@@
21-6-2019 15-54

Processing data file c1904_3.cli
-------------------------------------------
Generic Act translation module with geoentities (XML).
     Joaquim Ramos de Carvalho (joaquim@uc.pt) 
** New document: kleio
=========================
kleio translation started
=========================
Structure: gacto2.str
Prefix: 
Autorel: 
Translation count: 3
Obs: 
** Processing source fonte$cas1904_3
6: cas$c1904.104
43: cas$c1904.105
82: cas$c1904.106
120: cas$c1904.107
160: cas$c1904.108
200: cas$c1904.109
242: cas$c1904.110
279: cas$c1904.111
318: cas$c1904.112
357: cas$c1904.113
394: cas$c1904.114
434: cas$c1904.115
474: cas$c1904.116
514: cas$c1904.117
551: cas$c1904.118
591: cas$c1904.119
630: cas$c1904.120
667: cas$c1904.121
708: cas$c1904.122
745: cas$c1904.123
783: cas$c1904.124
821: cas$c1904.125
858: cas$c1904.126
902: cas$c1904.127
939: cas$c1904.128
987: cas$c1904.129
1024: cas$c1904.130
1064: cas$c1904.131
1101: cas$c1904.132
1142: cas$c1904.133
1181: cas$c1904.134
*** End of File
** Processed file- /Users/jrc/mhk-home/sources/ilhavo-master/sources/Clis_Ilhavo/casamentos/c1904_3.cli
** Original file- /Users/jrc/mhk-home/sources/ilhavo-master/sources/Clis_Ilhavo/casamentos/c1904_3.org
** Previous version- /Users/jrc/mhk-home/sources/ilhavo-master/sources/Clis_Ilhavo/casamentos/c1904_3.old
** Temp file with ids- /Users/jrc/mhk-home/sources/ilhavo-master/sources/Clis_Ilhavo/casamentos/c1904_3.ids
0  errors. 
0  warnings.
Translation finished.
