ClioInput - version @@VERSION@@ - build @@BUILD@@ @@DATE@@
19-6-2019 11-39

Processing data file mp758-santiago-beduido.cli
-------------------------------------------
Generic Act translation module with geoentities (XML).
     Joaquim Ramos de Carvalho (joaquim@uc.pt) 
** New document: kleio
=========================
kleio translation started
=========================
Structure: gacto2.str
Prefix: 
Autorel: 
Translation count: 1
Obs: 
** Processing source fonte$mp58-santiago-beduido-estarreja
6: memoria58$mp58-santbed
*** End of File
** Processed file- /Users/jrc/develop/mhk-git/clio/tests/kleio-home/sources/api_tests/varia/mp758-santiago-beduido.cli
** Original file- /Users/jrc/develop/mhk-git/clio/tests/kleio-home/sources/api_tests/varia/mp758-santiago-beduido.org
** Previous version- /Users/jrc/develop/mhk-git/clio/tests/kleio-home/sources/api_tests/varia/mp758-santiago-beduido.old
** Temp file with ids- /Users/jrc/develop/mhk-git/clio/tests/kleio-home/sources/api_tests/varia/mp758-santiago-beduido.ids
0  errors. 
0  warnings.
Translation finished.
