ClioInput - version @@VERSION@@ - build @@BUILD@@ @@DATE@@
19-6-2019 11-39

Processing data file sourecoimbrabispcoimbra_apontamentosd.cli
-------------------------------------------
Generic Act translation module with geoentities (XML).
     Joaquim Ramos de Carvalho (joaquim@uc.pt) 
** New document: kleio
=========================
kleio translation started
=========================
Structure: gacto2.str
Prefix: 
Autorel: 
Translation count: 2
Obs: 
** Processing source fonte$ap-soure-coimbra-bispcoimbra
6: apontamentosd$apsd-soure-coimbra-bispcoimbra
*** End of File
** Processed file- /Users/jrc/develop/mhk-git/clio/tests/kleio-home/sources/api_tests/varia/sourecoimbrabispcoimbra_apontamentosd.cli
** Original file- /Users/jrc/develop/mhk-git/clio/tests/kleio-home/sources/api_tests/varia/sourecoimbrabispcoimbra_apontamentosd.org
** Previous version- /Users/jrc/develop/mhk-git/clio/tests/kleio-home/sources/api_tests/varia/sourecoimbrabispcoimbra_apontamentosd.old
** Temp file with ids- /Users/jrc/develop/mhk-git/clio/tests/kleio-home/sources/api_tests/varia/sourecoimbrabispcoimbra_apontamentosd.ids
0  errors. 
0  warnings.
Translation finished.
