ClioInput - version 2.3 - build 925 11/08/2017 01:24 
7-4-2018 12-51

Processing data file:/Users/jrc/develop/mhk_users/testes/sources/visitaspastorais/dev1690.cli
-------------------------------------------
Generic Act translation module with geoentities (XML).
     Joaquim Ramos de Carvalho (joaquim@uc.pt) 
** New document: kleio
=========================
kleio translation started
=========================
Structure: 
Prefix: 
Autorel: 
Translation count: 
Obs: 
Translation count not set or invalid, counting as zero: 
** Processing source fonte$visita1690
6: devassa$dev1690
*** End of File
** Processed file- /Users/jrc/develop/mhk_users/testes/sources/visitaspastorais/dev1690.cli
** Original file- /Users/jrc/develop/mhk_users/testes/sources/visitaspastorais/dev1690.org
** Previous version- /Users/jrc/develop/mhk_users/testes/sources/visitaspastorais/dev1690.old
** Temp file with ids- /Users/jrc/develop/mhk_users/testes/sources/visitaspastorais/dev1690.ids
0  errors. 
0  warnings.
Translation finished.
