ClioInput - version @@VERSION@@ - build @@BUILD@@ @@DATE@@
2-7-2019 21-55

Processing data file aforamentos.cli
-------------------------------------------
Generic Act translation module with geoentities (XML).
     Joaquim Ramos de Carvalho (joaquim@uc.pt) 
** New document: kleio
=========================
kleio translation started
=========================
Structure: gacto2-str
Prefix: 
Autorel: 
Translation count: 
Obs: 
Translation count not set or invalid, counting as zero: 
** Processing source fonte$af.pt-tt-cscc-17-part
7: escritura$af1370.1.m7-03
60: escritura$af1370.2.m7-04
113: escritura$af1372.1.m7-10
170: escritura$af1372.2.m7-11
211: escritura$af1379.1.m7-28
252: escritura$af1389.1.m8-13
301: escritura$af1391.1.m8-23
355: escritura$af1391.2.m8-26
404: escritura$af1400.1.m9-04
449: escritura$af1401.1.m9-07
499: escritura$af1440.1.m9-09

WARNING: aforamentos.cli line 498 Element value exceeds database field length: loc=em cima no balcao a janela da gradizela de ferro no mosteiro de santa clara. Size:75 limit: 64
Near lines: 498 
Near line: 499          senhorio$mosteiro de santa clara/id=1440.a1.msc/obs=em cima no balcao a janela da gradizela de ferro onde costumam de fazer os contratos

549: escritura$af1403.1.m9-10

WARNING: aforamentos.cli line 548 Element value exceeds database field length: loc=miranda, casa de morada de afonso lourenco almocreve que mora ao pe da ponte. Size:76 limit: 64
Near lines: 548 
Near line: 549          senhorio$martim mateus/id=1403.a1.martim

589: escritura$af1403.2.m9-11
637: escritura$af1404.1.m9-16
690: escritura$af1417.1.m10-03
729: escritura$af1417.2.m10-04
768: escritura$af1389.2.m10-9b
818: escritura$af1419.1.m10-09c
858: escritura$af1427.1.m10-19
892: escritura$af1438.1.m10-39

WARNING: aforamentos.cli line 932 Element value exceeds database field length: valor=item no lugar do seical uma meia jeira de terra que parte de uma parte com descontra a dita cidade com herdade do mosteiro de santa ... e da outra parte com herdade que foi de rodrigo anes de buarcos e com outras confrontacoes com que de direito devia partir. Size:258 limit: 254
Near lines: 932             atr$confrontacoes/item no lugar do seical uma meia jeira de terra que parte de uma parte com descontra a dita cidade com herdade do mosteiro de santa ... e da outra parte com herdade que foi de rodrigo anes de buarcos e com outras confrontacoes com que de direito devia partir
Near line: 933             atr$confrontacoes/item na ... servia? ... de terra que partem de uma parte descontra a dita cidade com herdade que foi de afonso peres monteiro e da outra parte com herdade do ......

956: escritura$af1444.1.m11-08
1046: escritura$af1448.1.m11-14

WARNING: aforamentos.cli line 1045 Element value exceeds database field length: loc=em cima do balcao as gradizelas de ferro, mosteiro de santa clara, coimbra. Size:74 limit: 64
Near lines: 1045 
Near line: 1046          senhorio$mosteiro de santa clara/id=1448.a1.msc

1102: escritura$af1448.2.m11-16a

WARNING: aforamentos.cli line 1101 Element value exceeds database field length: loc=as gradizelas de ferro, dentro no mosteiro de santa clara, coimbra. Size:66 limit: 64
Near lines: 1101 
Near line: 1102          senhorio$mosteiro de santa clara/id=1448.a2.msc

1158: escritura$af1449.1.m11-20
1222: escritura$af1449.2.m11-21
** New document: kleio
=========================
kleio translation started
=========================
Structure: gacto2-str
Prefix: 
Autorel: 
Translation count: 
Obs: 
Translation count not set or invalid, counting as zero: 

ERROR: aforamentos.cli line 1286 ** ID already used in this file: af.pt-tt-cscc-17-part
Near lines: 1286 
Near line: 1287       escritura$af1370.1.m7-03/27/10/1370/aforamento/fol=dgarq.ofm.scc.mc.7 n.3/loc=a gradizela de ferro do mosteiro de santa clara/sumario=aldora de sousa faz aforamento de um pisao e suas herdades a estaco domingues e margarida lourenco/obs=perg., razoavel, got.cursivo, sinal notarial

** Processing source fonte$af.pt-tt-cscc-17-part

ERROR: aforamentos.cli line 1288 ** ID already used in this file: af1370.1.m7-03
Near lines: 1288 
Near line: 1289          senhorio$mosteiro de santa clara/id=1370.af1.msc

1289: escritura$af1370.1.m7-03

ERROR: aforamentos.cli line 1290 ** ID already used in this file: 1370.af1.msc
Near lines: 1290 
Near line: 1291             referida$aldora sousa/id=1370.af1.msc.aba.


ERROR: aforamentos.cli line 1291 ** ID already used in this file: 1370.af1.msc.aba.
Near lines: 1291             referida$aldora sousa/id=1370.af1.msc.aba.
Near line: 1292                ls$cargo/abadessa de santa clara


ERROR: aforamentos.cli line 1294 ** ID already used in this file: 1370.af1.estaco
Near lines: 1294          foreiro$estaco domingues/id=1370.af1.estaco
Near line: 1295             ls$residencia/porto dos judeus/obs=termo de penela


ERROR: aforamentos.cli line 1297 ** ID already used in this file: 1370.af1.margarida
Near lines: 1297          foreira$margarida lourenco/id=1370.af1.margarida
Near line: 1298             ls$residencia/porto dos judeus/obs=termo de penela


ERROR: aforamentos.cli line 1302 ** ID already used in this file: 1370.af1.estevao
Near lines: 1302 
Near line: 1303             referido$gil cassado/id=1370.af1.gil


ERROR: aforamentos.cli line 1303 ** ID already used in this file: 1370.af1.gil
Near lines: 1303             referido$gil cassado/id=1370.af1.gil
Near line: 1304                rel$parentesco/filho/estevao cassado/1370.af1.estevao


ERROR: aforamentos.cli line 1307 ** ID already used in this file: 1370.af1.constanca
Near lines: 1307             referida$constanca esteves/id=1370.af1.constanca
Near line: 1308                rel$parentesco/mulher/estevao cassado/1370.af1.estevao


ERROR: aforamentos.cli line 1310 ** ID already used in this file: af1370.1.m7-03-per1
Near lines: 1310          test$vasco martins/id=af1370.1.m7-03-per1
Near line: 1311             rel$sociabilidade/procurador/mosteiro de santa clara/1370.af1.msc


ERROR: aforamentos.cli line 1314 ** ID already used in this file: af1370.1.m7-03-per2
Near lines: 1314 
Near line: 1315          test$afonso anes/id=af1370.1.m7-03-per3


ERROR: aforamentos.cli line 1315 ** ID already used in this file: af1370.1.m7-03-per3
Near lines: 1315          test$afonso anes/id=af1370.1.m7-03-per3
Near line: 1316             ls$residencia/carvalhais


ERROR: aforamentos.cli line 1318 ** ID already used in this file: af1370.1.m7-03-per4
Near lines: 1318          test$afonso esteves/id=af1370.1.m7-03-per4
Near line: 1319             ls$residencia/lamas


ERROR: aforamentos.cli line 1321 ** ID already used in this file: af1370.1.m7-03-per5
Near lines: 1321          tabeliao$diogo lourenco/obs=6 soldos pelo registo/id=af1370.1.m7-03-per5
Near line: 1322             ls$intitulacao/tabeliao publico de nosso senhor el rei na dita cidade de coimbra


ERROR: aforamentos.cli line 1341 ** ID already used in this file: af1370.2.m7-04
Near lines: 1341 
Near line: 1342          senhorio$mosteiro de santa clara/id=1370.af2.msc

1342: escritura$af1370.2.m7-04

ERROR: aforamentos.cli line 1343 ** ID already used in this file: 1370.af2.msc
Near lines: 1343 
Near line: 1344             referida$aldora sousa/id=1370.af2.msc.aba.


ERROR: aforamentos.cli line 1344 ** ID already used in this file: 1370.af2.msc.aba.
Near lines: 1344             referida$aldora sousa/id=1370.af2.msc.aba.
Near line: 1345                ls$cargo/abadessa de santa clara


ERROR: aforamentos.cli line 1347 ** ID already used in this file: 1370.af2.estaco
Near lines: 1347          foreiro$estaco domingues/id=1370.af2.estaco
Near line: 1348             ls$residencia/porto dos judeus/obs=termo de penela


ERROR: aforamentos.cli line 1350 ** ID already used in this file: 1370.af2.margarida
Near lines: 1350          foreira$margarida lourenco/id=1370.af2.margarida
Near line: 1351             ls$residencia/porto dos judeus/obs=termo de penela


ERROR: aforamentos.cli line 1355 ** ID already used in this file: 1370.af2.estevao
Near lines: 1355 
Near line: 1356             referido$gil cassado/id=1370.af2.gil


ERROR: aforamentos.cli line 1356 ** ID already used in this file: 1370.af2.gil
Near lines: 1356             referido$gil cassado/id=1370.af2.gil
Near line: 1357                rel$parentesco/filho/estevao cassado/1370.af2.estevao


ERROR: aforamentos.cli line 1360 ** ID already used in this file: 1370.af2.constanca
Near lines: 1360             referida$constanca esteves/id=1370.af2.constanca
Near line: 1361                rel$parentesco/mulher/estevao cassado/1370.af2.estevao


ERROR: aforamentos.cli line 1363 ** ID already used in this file: af1370.2.m7-04-per1
Near lines: 1363          test$vasco martins/id=af1370.2.m7-04-per1
Near line: 1364             rel$sociabilidade/procurador/mosteiro de santa clara/1370.af2.msc


ERROR: aforamentos.cli line 1367 ** ID already used in this file: af1370.2.m7-04-per2
Near lines: 1367 
Near line: 1368          test$afonso anes/id=af1370.2.m7-04-per3


ERROR: aforamentos.cli line 1368 ** ID already used in this file: af1370.2.m7-04-per3
Near lines: 1368          test$afonso anes/id=af1370.2.m7-04-per3
Near line: 1369             ls$residencia/carvalhais


ERROR: aforamentos.cli line 1371 ** ID already used in this file: af1370.2.m7-04-per4
Near lines: 1371          test$afonso esteves/id=af1370.2.m7-04-per4
Near line: 1372             ls$residencia/lamas


ERROR: aforamentos.cli line 1374 ** ID already used in this file: af1370.2.m7-04-per5
Near lines: 1374          tabeliao$diogo lourenco/obs=seis soldos pelo registo/id=af1370.2.m7-04-per5
Near line: 1375             ls$intitulacao/tabeliao publico de nosso senhor el rei na dita cidade de coimbra


ERROR: aforamentos.cli line 1394 ** ID already used in this file: af1372.1.m7-10
Near lines: 1394 
Near line: 1395          senhorio$mosteiro de santa clara/id=1372.af1.msc

1395: escritura$af1372.1.m7-10

ERROR: aforamentos.cli line 1396 ** ID already used in this file: 1372.af1.msc
Near lines: 1396 
Near line: 1397             referida$aldora de sousa/id=1372.af1.msc.aba


ERROR: aforamentos.cli line 1397 ** ID already used in this file: 1372.af1.msc.aba
Near lines: 1397             referida$aldora de sousa/id=1372.af1.msc.aba
Near line: 1398                ls$cargo/abadessa de santa clara


ERROR: aforamentos.cli line 1400 ** ID already used in this file: 1372.af1.vasco
Near lines: 1400          procurador$vasco martins/id=1372.af1.vasco
Near line: 1401             rel$sociabilidade/procurador/mosteiro de santa clara/1372.af1.msc


ERROR: aforamentos.cli line 1403 ** ID already used in this file: 1372.af1.martim
Near lines: 1403          foreiro$martim gil/id=1372.af1.martim
Near line: 1404             ls$residencia/abiul


ERROR: aforamentos.cli line 1406 ** ID already used in this file: 1372.af1.leonor
Near lines: 1406          foreira$leonor esteves/id=1372.af1.leonor
Near line: 1407             ls$residencia/abiul


ERROR: aforamentos.cli line 1410 ** ID already used in this file: 1372.af1.domingos
Near lines: 1410             referido$domingos peres/id=1372.af1.domingos
Near line: 1411                ls$alcunha/cogombreiro


ERROR: aforamentos.cli line 1414 ** ID already used in this file: 1372.af1.maria
Near lines: 1414             referida$maria domingues/id=1372.af1.maria
Near line: 1415                ls$residencia/vale do milho


ERROR: aforamentos.cli line 1419 ** ID already used in this file: 1372.af1.vicente
Near lines: 1419 
Near line: 1420          test$afonso anes/id=af1372.1.m7-10-per1


ERROR: aforamentos.cli line 1420 ** ID already used in this file: af1372.1.m7-10-per1
Near lines: 1420          test$afonso anes/id=af1372.1.m7-10-per1
Near line: 1421             rel$parentesco/sobrinho/vicente esteves/1372.af1.vicente


ERROR: aforamentos.cli line 1423 ** ID already used in this file: af1372.1.m7-10-per2
Near lines: 1423          test$joao afonso/id=af1372.1.m7-10-per2
Near line: 1424             ls$profissao/corrector/obs=duvida na profissao


ERROR: aforamentos.cli line 1426 ** ID already used in this file: af1372.1.m7-10-per3
Near lines: 1426          test$martim anes/id=af1372.1.m7-10-per3
Near line: 1427             ls$profissao/merceeiro


ERROR: aforamentos.cli line 1429 ** ID already used in this file: af1372.1.m7-10-per4
Near lines: 1429          test$afonso peres/id=af1372.1.m7-10-per4
Near line: 1430             ls$residencia/aveiro


ERROR: aforamentos.cli line 1432 ** ID already used in this file: af1372.1.m7-10-per5
Near lines: 1432          tabeliao$goncalo martins/obs=40 soldos pelo registo/id=af1372.1.m7-10-per5
Near line: 1433             ls$intitulacao/tabeliao publico de nosso senhor el rei na dita cidade de coimbra


ERROR: aforamentos.cli line 1451 ** ID already used in this file: af1372.2.m7-11
Near lines: 1451 
Near line: 1452          senhorio$mosteiro de santa clara/id=1372.af2.msc

1452: escritura$af1372.2.m7-11

ERROR: aforamentos.cli line 1453 ** ID already used in this file: 1372.af2.msc
Near lines: 1453 
Near line: 1454             referida$aldora de sousa/id=1372.af2.msc.aba


ERROR: aforamentos.cli line 1454 ** ID already used in this file: 1372.af2.msc.aba
Near lines: 1454             referida$aldora de sousa/id=1372.af2.msc.aba
Near line: 1455                ls$cargo/abadessa de santa clara


ERROR: aforamentos.cli line 1457 ** ID already used in this file: 1372.af2.rodrigo
Near lines: 1457          foreiro$rodrigo anes/id=1372.af2.rodrigo
Near line: 1458             ls$residencia/fungalvaz/obs=a par do paco, termo de torres novas


ERROR: aforamentos.cli line 1460 ** ID already used in this file: 1372.af2.iria
Near lines: 1460          foreira$iria vicente/id=1372.af2.iria
Near line: 1461             ls$residencia/fungalvaz/obs=a par do paco, termo de torres novas


ERROR: aforamentos.cli line 1464 ** ID already used in this file: af1372.2.m7-11-per1
Near lines: 1464          test$domingos alvo/id=af1372.2.m7-11-per1
Near line: 1465             ls$cargo/almoxarife/obs=antiga profissao


ERROR: aforamentos.cli line 1467 ** ID already used in this file: af1372.2.m7-11-per2
Near lines: 1467          test$afonso fernandes/id=af1372.2.m7-11-per2
Near line: 1468             rel$sociabilidade/procurador/mosteiro de santa clara/1372.af2.msc


ERROR: aforamentos.cli line 1470 ** ID already used in this file: af1372.2.m7-11-per3
Near lines: 1470          test$lourenco anes/id=af1372.2.m7-11-per3
Near line: 1471             ls$cargo/escrivao da portagem


ERROR: aforamentos.cli line 1474 ** ID already used in this file: af1372.2.m7-11-per4
Near lines: 1474 
Near line: 1475          test$vicente migueis/id=af1372.2.m7-11-per5


ERROR: aforamentos.cli line 1476 ** ID already used in this file: af1372.2.m7-11-per5
Near lines: 1476 
Near line: 1477          tabeliao$goncalo martins/obs=8 soldos pelo registo/id=af1372.2.m7-11-per6


ERROR: aforamentos.cli line 1477 ** ID already used in this file: af1372.2.m7-11-per6
Near lines: 1477          tabeliao$goncalo martins/obs=8 soldos pelo registo/id=af1372.2.m7-11-per6
Near line: 1478             ls$intitulacao/tabeliao publico de nosso senhor el rei na dita cidade de coimbra e seus termos


ERROR: aforamentos.cli line 1492 ** ID already used in this file: af1379.1.m7-28
Near lines: 1492 
Near line: 1493          senhorio$mosteiro de santa clara/id=1379.af1.msc

1493: escritura$af1379.1.m7-28

ERROR: aforamentos.cli line 1494 ** ID already used in this file: 1379.af1.msc
Near lines: 1494 
Near line: 1495             referida$ines rodrigues de vasconcelos/id=1379.af1.msc.aba


ERROR: aforamentos.cli line 1495 ** ID already used in this file: 1379.af1.msc.aba
Near lines: 1495             referida$ines rodrigues de vasconcelos/id=1379.af1.msc.aba
Near line: 1496                ls$cargo/abadessa de santa clara


ERROR: aforamentos.cli line 1498 ** ID already used in this file: 1379.af1.goncalo
Near lines: 1498          foreiro$goncalo lourenco/id=1379.af1.goncalo
Near line: 1499             rel$sociabilidade/homem/mosteiro de santa clara/1379.af1.msc/obs=homem da abadessa e do convento


ERROR: aforamentos.cli line 1501 ** ID already used in this file: 1379.af1.catarina
Near lines: 1501          foreira$catarina esteves/id=1379.af1.catarina
Near line: 1502             rel$parentesco/mulher/goncalo lourenco/1379.af1.goncalo


ERROR: aforamentos.cli line 1504 ** ID already used in this file: af1379.1.m7-28-per1
Near lines: 1504          test$afonso domingues/id=af1379.1.m7-28-per1
Near line: 1505             ls$cargo/corregedor


ERROR: aforamentos.cli line 1508 ** ID already used in this file: af1379.1.m7-28-per2
Near lines: 1508          test$domingos anes/id=af1379.1.m7-28-per2
Near line: 1509             rel$sociabilidade/homem/mosteiro de santa clara/1379.af1.msc/obs=homem da abadessa e do convento


ERROR: aforamentos.cli line 1511 ** ID already used in this file: af1379.1.m7-28-per3
Near lines: 1511          test$andre domingues/id=af1379.1.m7-28-per3
Near line: 1512             rel$sociabilidade/homem/mosteiro de santa clara/1379.af1.msc/obs=homem da abadessa e do convento


ERROR: aforamentos.cli line 1514 ** ID already used in this file: af1379.1.m7-28-per4
Near lines: 1514          tabeliao$goncalo martins/id=af1379.1.m7-28-per4
Near line: 1515             ls$intitulacao/tabeliao de nosso senhor el rei na dita cidade de coimbra e em seu termo


ERROR: aforamentos.cli line 1533 ** ID already used in this file: af1389.1.m8-13
Near lines: 1533 
Near line: 1534          senhorio$mosteiro de santa clara/id=1389.af1.msc

1534: escritura$af1389.1.m8-13

ERROR: aforamentos.cli line 1535 ** ID already used in this file: 1389.af1.msc
Near lines: 1535 
Near line: 1536             referida$beatriz pimentel/id=1389.af1.msc-per1


ERROR: aforamentos.cli line 1536 ** ID already used in this file: 1389.af1.msc-per1
Near lines: 1536             referida$beatriz pimentel/id=1389.af1.msc-per1
Near line: 1537                ls$cargo/abadessa de santa clara


ERROR: aforamentos.cli line 1539 ** ID already used in this file: 1389.af1.goncalo
Near lines: 1539          foreiro$goncalo goncalves/id=1389.af1.goncalo
Near line: 1540             ls$residencia/fungalvaz/obs=termo de torres novas


ERROR: aforamentos.cli line 1542 ** ID already used in this file: 1389.af1.iria
Near lines: 1542          foreira$iria martins/id=1389.af1.iria
Near line: 1543             ls$residencia/fungalvaz/obs=termo de torres novas


ERROR: aforamentos.cli line 1546 ** ID already used in this file: af1389.1.m8-13-per2
Near lines: 1546          test$goncalo lourenco/id=af1389.1.m8-13-per2
Near line: 1547             ls$profissao/criado


ERROR: aforamentos.cli line 1550 ** ID already used in this file: af1389.1.m8-13-per3
Near lines: 1550          test$joao anes/id=af1389.1.m8-13-per3
Near line: 1551             ls$profissao/criado


ERROR: aforamentos.cli line 1554 ** ID already used in this file: af1389.1.m8-13-per4
Near lines: 1554          test$joao vicente/id=af1389.1.m8-13-per4
Near line: 1555             ls$cargo/albardeiro


ERROR: aforamentos.cli line 1557 ** ID already used in this file: af1389.1.m8-13-per5
Near lines: 1557          test$pedro aparicio/id=af1389.1.m8-13-per5
Near line: 1558             ls$titulo/clerigo


ERROR: aforamentos.cli line 1560 ** ID already used in this file: af1389.1.m8-13-per6
Near lines: 1560          tabeliao$gomes anes/id=af1389.1.m8-13-per6
Near line: 1561             ls$intitulacao/tabeliao de el rei na dita cidade de coimbra


ERROR: aforamentos.cli line 1564 ** ID already used in this file: 1389.af1.afonso
Near lines: 1564 
Near line: 1565          aforamento$2 casais


ERROR: aforamentos.cli line 1582 ** ID already used in this file: af1391.1.m8-23
Near lines: 1582 
Near line: 1583          senhorio$mosteiro de santa clara/id=1391.a1.msc

1583: escritura$af1391.1.m8-23

ERROR: aforamentos.cli line 1584 ** ID already used in this file: 1391.a1.msc
Near lines: 1584 
Near line: 1585             referida$beatriz pimentel/id=1391.a1.msc-per1


ERROR: aforamentos.cli line 1585 ** ID already used in this file: 1391.a1.msc-per1
Near lines: 1585             referida$beatriz pimentel/id=1391.a1.msc-per1
Near line: 1586                ls$cargo/abadessa de santa clara


ERROR: aforamentos.cli line 1588 ** ID already used in this file: 1391.a1.estevao
Near lines: 1588          foreiro$estevao domingues/id=1391.a1.estevao
Near line: 1589             ls$residencia/porto dos judeus/obs=termo de penela


ERROR: aforamentos.cli line 1591 ** ID already used in this file: 1391.a1.margarida
Near lines: 1591          foreira$margarida afonso/id=1391.a1.margarida
Near line: 1592             ls$residencia/porto dos judeus/obs=termo de penela


ERROR: aforamentos.cli line 1595 ** ID already used in this file: a1391.1.m8-23-per2
Near lines: 1595          test$goncalo lourenco/id=a1391.1.m8-23-per2
Near line: 1596             rel$sociabilidade/homem/mosteiro de santa clara/1391.a1.msc


ERROR: aforamentos.cli line 1598 ** ID already used in this file: a1391.1.m8-23-per3
Near lines: 1598          test$joao anes/id=a1391.1.m8-23-per3
Near line: 1599             rel$sociabilidade/homem/mosteiro de santa clara/1391.a1.msc


ERROR: aforamentos.cli line 1601 ** ID already used in this file: a1391.1.m8-23-per4
Near lines: 1601          test$gil anes/id=a1391.1.m8-23-per4
Near line: 1602             rel$sociabilidade/homem/mosteiro de santa clara/1391.a1.msc


ERROR: aforamentos.cli line 1604 ** ID already used in this file: a1391.1.m8-23-per5
Near lines: 1604          tabeliao$vasco martins/id=a1391.1.m8-23-per5
Near line: 1605             ls$intitulacao/tabeliao de nosso senhor el rei na dita cidade de coimbra


ERROR: aforamentos.cli line 1608 ** ID already used in this file: a1391.1.m8-23-per5-per6
Near lines: 1608 
Near line: 1609             referido$graviel/obs=mora no dito casal/id=a1391.1.m8-23-per5-per7


ERROR: aforamentos.cli line 1610 ** ID already used in this file: a1391.1.m8-23-per5-per7
Near lines: 1610 
Near line: 1611          aforamento$1 casal/obs=o dito nosso mosteiro havemos haver de nove quinhoes os sete, os dois quinhoes ha-de haver aldonca pereira em o dito casal


ERROR: aforamentos.cli line 1636 ** ID already used in this file: af1391.2.m8-26
Near lines: 1636 
Near line: 1637          senhorio$mosteiro de santa clara/id=1391.a2.msc

1637: escritura$af1391.2.m8-26

ERROR: aforamentos.cli line 1638 ** ID already used in this file: 1391.a2.msc
Near lines: 1638 
Near line: 1639             referida$beatriz pimentel/id=1391.a2.msc-per1


ERROR: aforamentos.cli line 1639 ** ID already used in this file: 1391.a2.msc-per1
Near lines: 1639             referida$beatriz pimentel/id=1391.a2.msc-per1
Near line: 1640                ls$cargo/abadessa de santa clara


ERROR: aforamentos.cli line 1642 ** ID already used in this file: 1391.a2.afonso
Near lines: 1642          foreiro$afonso martins/id=1391.a2.afonso
Near line: 1643             ls$alcunha/negurchinho


ERROR: aforamentos.cli line 1646 ** ID already used in this file: 1391.a2.leonor
Near lines: 1646          foreira$leonor aparicio/id=1391.a2.leonor
Near line: 1647             ls$residencia/vila seca/obs=termo de coimbra


ERROR: aforamentos.cli line 1650 ** ID already used in this file: a1391.2.m8-26-per2
Near lines: 1650          test$goncalo lourenco/id=a1391.2.m8-26-per2
Near line: 1651             rel$sociabilidade/procurador/mosteiro de santa clara/1391.a2.msc


ERROR: aforamentos.cli line 1653 ** ID already used in this file: a1391.2.m8-26-per3
Near lines: 1653          test$goncalo lourenco/id=a1391.2.m8-26-per3
Near line: 1654             ls$profissao/azemel


ERROR: aforamentos.cli line 1657 ** ID already used in this file: a1391.2.m8-26-per4
Near lines: 1657          test$goncalo vicente/id=a1391.2.m8-26-per4
Near line: 1658             rel$parentesco/filho/vicente lourenco/1391.a2.vicente


ERROR: aforamentos.cli line 1661 ** ID already used in this file: 1391.a2.vicente
Near lines: 1661 
Near line: 1662          tabeliao$martim de pinho/obs=20 soldos pelo registo/id=a1391.2.m8-26-per5


ERROR: aforamentos.cli line 1662 ** ID already used in this file: a1391.2.m8-26-per5
Near lines: 1662          tabeliao$martim de pinho/obs=20 soldos pelo registo/id=a1391.2.m8-26-per5
Near line: 1663             ls$intitulacao/tabeliao de nosso senhor el rei na dita cidade de coimbra


ERROR: aforamentos.cli line 1665 ** ID already used in this file: 1391.a2.domingos
Near lines: 1665             referido$domingos anes/id=1391.a2.domingos
Near line: 1666                rel$sociabilidade/doador/mosteiro de santa clara/1391.a2.msc


ERROR: aforamentos.cli line 1685 ** ID already used in this file: af1400.1.m9-04
Near lines: 1685 
Near line: 1686          senhorio$mosteiro de santa clara/id=1400.a1.msc

1686: escritura$af1400.1.m9-04

ERROR: aforamentos.cli line 1687 ** ID already used in this file: 1400.a1.msc
Near lines: 1687 
Near line: 1688             referida$beatriz afonso pimentel/id=1400.a1.msc-per1


ERROR: aforamentos.cli line 1688 ** ID already used in this file: 1400.a1.msc-per1
Near lines: 1688             referida$beatriz afonso pimentel/id=1400.a1.msc-per1
Near line: 1689                ls$cargo/abadessa de santa clara


ERROR: aforamentos.cli line 1692 ** ID already used in this file: 1400.a1.afonso
Near lines: 1692          foreiro$afonso lourenco/id=1400.a1.afonso
Near line: 1693             ls$residencia/almalagues


ERROR: aforamentos.cli line 1695 ** ID already used in this file: a1400.1.m9-04-per2
Near lines: 1695          foreira$catarina lourenco/id=a1400.1.m9-04-per2
Near line: 1696             ls$residencia/almalagues


ERROR: aforamentos.cli line 1699 ** ID already used in this file: a1400.1.m9-04-per3
Near lines: 1699          test$gil anes/id=a1400.1.m9-04-per3
Near line: 1700             rel$sociabilidade/homem/mosteiro de santa clara/1400.a1.msc

*** ERROR: MAXIMUM NUMBER OF ERRORS REACHED. TRANSLATION ABORTED.
*** End of File
100  errors. 
5  warnings.
Translation finished.
