ClioInput - version @@VERSION@@ - build @@BUILD@@ @@DATE@@
2-7-2019 21-55

Processing data file arrendamentos.cli
-------------------------------------------
Generic Act translation module with geoentities (XML).
     Joaquim Ramos de Carvalho (joaquim@uc.pt) 
** New document: kleio
=========================
kleio translation started
=========================
Structure: gacto2-str
Prefix: 
Autorel: 
Translation count: 
Obs: 
Translation count not set or invalid, counting as zero: 
** Processing source fonte$ar.pt-tt-cscc-17-part
7: escritura$ar1384.1.m8-02
46: escritura$ar1404.1.m9-18
76: escritura$ar1415.1.m9-39

WARNING: arrendamentos.cli line 75 Element value exceeds database field length: loc=as gradizelas de ferro dentro da igreja do mosteiro de santa clara. Size:66 limit: 64
Near lines: 75 
Near line: 76          senhorio$mosteiro de santa clara/id=1415.ar1.msc

113: escritura$ar1417.1.m10-05
** New document: kleio
=========================
kleio translation started
=========================
Structure: gacto2-str
Prefix: 
Autorel: 
Translation count: 
Obs: 
Translation count not set or invalid, counting as zero: 

ERROR: arrendamentos.cli line 150 ** ID already used in this file: ar.pt-tt-cscc-17-part
Near lines: 150 
Near line: 151       escritura$ar1384.1.m8-02/3/8/1384/arrendamento/fol=dgarq.ofm.scc.mc.8 n.02/loc=pacos da alcacova em coimbra/obs=onde ora as ditas donas sao juntas por medo da guerra/obs=perg.,bom, got.cursivo, sinal notarial/sumario=a abadessa de santa clara e o convento do mosteiro de santa clara arrendam a goncalo peres todos os casais com seus direitos foros e racao em sandomil

** Processing source fonte$ar.pt-tt-cscc-17-part

ERROR: arrendamentos.cli line 152 ** ID already used in this file: ar1384.1.m8-02
Near lines: 152 
Near line: 153          senhorio$mosteiro de santa clara/id=1384.ar1.msc

153: escritura$ar1384.1.m8-02

ERROR: arrendamentos.cli line 154 ** ID already used in this file: 1384.ar1.msc
Near lines: 154 
Near line: 155             referida$ines de vasconcelos/id=1384.ar1.msc.aba


ERROR: arrendamentos.cli line 155 ** ID already used in this file: 1384.ar1.msc.aba
Near lines: 155             referida$ines de vasconcelos/id=1384.ar1.msc.aba
Near line: 156                ls$cargo/abadessa de santa clara


ERROR: arrendamentos.cli line 159 ** ID already used in this file: 1384.ar1.goncalo
Near lines: 159          arrendatario$goncalo peres/id=1384.ar1.goncalo
Near line: 160             ls$residencia/sandomil/obs=sandemil


ERROR: arrendamentos.cli line 162 ** ID already used in this file: ar1384.1.m8-02-per1
Near lines: 162          test$estevao anes/id=ar1384.1.m8-02-per1
Near line: 163             ls$titulo/clerigo


ERROR: arrendamentos.cli line 166 ** ID already used in this file: ar1384.1.m8-02-per2
Near lines: 166          test$gil anes/id=ar1384.1.m8-02-per2
Near line: 167             ls$profissao/criado


ERROR: arrendamentos.cli line 170 ** ID already used in this file: ar1384.1.m8-02-per3
Near lines: 170          tabeliao$gomes anes/obs=6 soldos pelo registo/id=ar1384.1.m8-02-per3
Near line: 171             ls$intitulacao/tabeliao na dita cidade por nosso senhor mestre de avis regedor e defensor destes reinos


ERROR: arrendamentos.cli line 174 ** ID already used in this file: 1384.ar1.ni
Near lines: 174             referido$joao/id=1384.ar1.ni/obs=o documento nao refere o nome do mestre de avis regedor e defensor dos reinos de portugal e do algarve. e possivel inferir o nome de joao pela data em que e referido pois em 1384 era dom joao o mestre da ordem de avis que foi regedor do reino durante a crise de 1383.14 da qual saiu como fundador da segunda dinastia portuguesa
Near line: 175                ls$titulo/regedor e defensor/obs= dos reinos de portugal e do algarve


ERROR: arrendamentos.cli line 191 ** ID already used in this file: ar1404.1.m9-18
Near lines: 191 
Near line: 192          senhorio$mosteiro de santa clara/id=1404.ar1.msc

192: escritura$ar1404.1.m9-18

ERROR: arrendamentos.cli line 193 ** ID already used in this file: 1404.ar1.msc
Near lines: 193 
Near line: 194          procurador$gil anes/obs=obriga se a defender o dito pardieiro/id=ar1404.1.m9-18-per1


ERROR: arrendamentos.cli line 194 ** ID already used in this file: ar1404.1.m9-18-per1
Near lines: 194          procurador$gil anes/obs=obriga se a defender o dito pardieiro/id=ar1404.1.m9-18-per1
Near line: 195             rel$sociabilidade/procurador/mosteiro de santa clara/1404.ar1.msc


ERROR: arrendamentos.cli line 197 ** ID already used in this file: 1404.ar1.joao
Near lines: 197          arrendatario$joao peres/id=1404.ar1.joao
Near line: 198             ls$residencia/leiria


ERROR: arrendamentos.cli line 200 ** ID already used in this file: ar1404.1.m9-18-per2
Near lines: 200          test$joao peres/id=ar1404.1.m9-18-per2
Near line: 201             ls$profissao/tabeliao/obs=da dita vila de leiria


ERROR: arrendamentos.cli line 203 ** ID already used in this file: ar1404.1.m9-18-per3
Near lines: 203          test$joao do monte/id=ar1404.1.m9-18-per3
Near line: 204             ls$profissao/sapateiro


ERROR: arrendamentos.cli line 206 ** ID already used in this file: ar1404.1.m9-18-per4
Near lines: 206          tabeliao$pedro anes/obs=3 reais pelo registo/id=ar1404.1.m9-18-per4
Near line: 207             ls$intitulacao/tabeliao de nosso senhor el rei am a dita vila de leiria


ERROR: arrendamentos.cli line 221 ** ID already used in this file: ar1415.1.m9-39
Near lines: 221 
Near line: 222          senhorio$mosteiro de santa clara/id=1415.ar1.msc

222: escritura$ar1415.1.m9-39

WARNING: arrendamentos.cli line 221 Element value exceeds database field length: loc=as gradizelas de ferro dentro da igreja do mosteiro de santa clara. Size:66 limit: 64
Near lines: 221 
Near line: 222          senhorio$mosteiro de santa clara/id=1415.ar1.msc


ERROR: arrendamentos.cli line 223 ** ID already used in this file: 1415.ar1.msc
Near lines: 223 
Near line: 224             referida$beatriz pimentel/id=1415.ar1.msc-per1


ERROR: arrendamentos.cli line 224 ** ID already used in this file: 1415.ar1.msc-per1
Near lines: 224             referida$beatriz pimentel/id=1415.ar1.msc-per1
Near line: 225                ls$cargo/abadessa de santa clara


ERROR: arrendamentos.cli line 228 ** ID already used in this file: 1415.ar1.rodrigo
Near lines: 228          arrendatario$rodrigo anes/id=1415.ar1.rodrigo
Near line: 229             ls$residencia/abiul


ERROR: arrendamentos.cli line 231 ** ID already used in this file: 1415.ar1.manuel
Near lines: 231          arrendatario$manuel anes/id=1415.ar1.manuel
Near line: 232             ls$residencia/abiul


ERROR: arrendamentos.cli line 234 ** ID already used in this file: ar1415.1.m9-39-per2
Near lines: 234          test$gil anes/id=ar1415.1.m9-39-per2
Near line: 235             rel$sociabilidade/procurador/mosteiro de santa clara/1415.ar1.msc


ERROR: arrendamentos.cli line 237 ** ID already used in this file: ar1415.1.m9-39-per3
Near lines: 237          test$goncalo vicente/id=ar1415.1.m9-39-per3
Near line: 238             ls$alcunha/boga


ERROR: arrendamentos.cli line 241 ** ID already used in this file: ar1415.1.m9-39-per4
Near lines: 241          tabeliao$fernao martins/id=ar1415.1.m9-39-per4
Near line: 242             ls$intitulacao/tabeliao publico de el rei em a dita cidade de coimbra e seus termos


ERROR: arrendamentos.cli line 258 ** ID already used in this file: ar1417.1.m10-05
Near lines: 258 
Near line: 259          senhorio$mosteiro de santa clara/id=1417.ar1.msc

259: escritura$ar1417.1.m10-05

ERROR: arrendamentos.cli line 260 ** ID already used in this file: 1417.ar1.msc
Near lines: 260 
Near line: 261             referida$beatriz pimentel/id=1417.ar1.msc-per1


ERROR: arrendamentos.cli line 261 ** ID already used in this file: 1417.ar1.msc-per1
Near lines: 261             referida$beatriz pimentel/id=1417.ar1.msc-per1
Near line: 262                ls$cargo/abadessa de santa clara


ERROR: arrendamentos.cli line 265 ** ID already used in this file: ar1417.1.m10-05-per2
Near lines: 265          procurador$gil anes/id=ar1417.1.m10-05-per2
Near line: 266             rel$sociabilidade/procurador/mosteiro de santa clara/1417.ar1.msc


ERROR: arrendamentos.cli line 268 ** ID already used in this file: 1417.ar1.ascenso
Near lines: 268          arrendatario$ascenso martins/id=1417.ar1.ascenso
Near line: 269             ls$residencia/eira pedrinha/obs=termo de coimbra, actualmente concelho de condeixa a nova


ERROR: arrendamentos.cli line 271 ** ID already used in this file: ar1417.1.m10-05-per3
Near lines: 271          test$martim de pinho/id=ar1417.1.m10-05-per3
Near line: 272             ls$profissao/tabeliao/obs=na dita cidade de coimbra


ERROR: arrendamentos.cli line 274 ** ID already used in this file: ar1417.1.m10-05-per4
Near lines: 274          test$gil martins/id=ar1417.1.m10-05-per4
Near line: 275             ls$cargo/rendeiro/obs=de condeixa a velha


ERROR: arrendamentos.cli line 277 ** ID already used in this file: ar1417.1.m10-05-per5
Near lines: 277          test$afonso cachos/id=ar1417.1.m10-05-per5
Near line: 278             ls$residencia/condeixa a nova


ERROR: arrendamentos.cli line 280 ** ID already used in this file: ar1417.1.m10-05-per6
Near lines: 280          tabeliao$fernao martins/obs=ascenso martins pagou pela feitura deste instrumento/id=ar1417.1.m10-05-per6
Near line: 281             ls$intitulacao/tabeliao publico de el rei em a dita cidade

*** End of File
33  errors. 
2  warnings.
Translation finished.
