ClioInput - version @@VERSION@@ - build @@BUILD@@ @@DATE@@
2-7-2019 21-55

Processing data file experiencia.cli
-------------------------------------------
Generic Act translation module with geoentities (XML).
     Joaquim Ramos de Carvalho (joaquim@uc.pt) 
** New document: kleio
=========================
kleio translation started
=========================
Structure: gacto2-str
Prefix: 
Autorel: 
Translation count: 
Obs: 
Translation count not set or invalid, counting as zero: 
** Processing source fonte$experiencias
5: escritura$ex.af1370.1.m7-03
58: escritura$ex.ar1384.1.m8-02
97: escritura$ex.cv1373.1.m7-13
141: escritura$ex.1370.e1.msc.m7-01
182: escritura$ex.es1370.1.m7-02
249: escritura$ex.af1444.1.m11-08
*** End of File
** Processed file- /Users/jrc/develop/mhk-git/clio/tests/kleio-home/sources/api_tests/testes/sources/santaclara/svn/santaclara/ANTT/experiencia.cli
** Original file- /Users/jrc/develop/mhk-git/clio/tests/kleio-home/sources/api_tests/testes/sources/santaclara/svn/santaclara/ANTT/experiencia.org
** Previous version- /Users/jrc/develop/mhk-git/clio/tests/kleio-home/sources/api_tests/testes/sources/santaclara/svn/santaclara/ANTT/experiencia.old
** Temp file with ids- /Users/jrc/develop/mhk-git/clio/tests/kleio-home/sources/api_tests/testes/sources/santaclara/svn/santaclara/ANTT/experiencia.ids
0  errors. 
0  warnings.
Translation finished.
