ClioInput - version @@VERSION@@ - build @@BUILD@@ @@DATE@@
2-7-2019 21-55

Processing data file traslados.cli
-------------------------------------------
Generic Act translation module with geoentities (XML).
     Joaquim Ramos de Carvalho (joaquim@uc.pt) 
** New document: kleio
=========================
kleio translation started
=========================
Structure: gacto2-str
Prefix: 
Autorel: 
Translation count: 
Obs: 
Translation count not set or invalid, counting as zero: 
** Processing source fonte$tr.pt-tt-cscc-17-part
7: escritura$tr1384.1.m8-01
38: escritura$tr1384.2.m8-04
61: escritura$tr1386.1.m8-07
95: escritura$tr1418.1.m8-18
111: escritura$tr1408.1.m9-27
134: escritura$tr1410.1.m9-30
159: escritura$tr1410.2.m9-31
202: escritura$tr1410.3.m9-32
245: escritura$tr1424.1.m10-15
281: escritura$tr1428.1.m10-20
314: escritura$tr1432.1.m10-27
349: escritura$tr1435.1.m10-33
388: escritura$tr1436.1.m10-34
415: escritura$tr1446.1.m11-11
435: escritura$tr1452.1.m11-29
459: escritura$tr1452.2.m11-30
483: escritura$tr1457.1.m12-01
** New document: kleio
=========================
kleio translation started
=========================
Structure: gacto2-str
Prefix: 
Autorel: 
Translation count: 
Obs: 
Translation count not set or invalid, counting as zero: 

ERROR: traslados.cli line 518 ** ID already used in this file: tr.pt-tt-cscc-17-part
Near lines: 518 
Near line: 519       escritura$tr1384.1.m8-01/25/4/1384/traslado/fol=dgarq.ofm.scc.mc.8 n.01/loc=adro da se de coimbra/sumario=domingos anes pede pelo mosteiro de santa clara ao alvazil de coimbra bartolomeu geraldes que autorize o traslado de uma carta regia relativa a doacao de bens em penacova por dom fernando em honra de sua avo rainha dona isabel/obs=perg., bom, got.cursivo, sinal notarial

** Processing source fonte$tr.pt-tt-cscc-17-part

ERROR: traslados.cli line 520 ** ID already used in this file: tr1384.1.m8-01
Near lines: 520 
Near line: 521          procurador$domingos anes/obs=disse que por quanto as ditas abadessa e convento do dito mosteiro se temiam da dita carta se perder por fogo ou agua ou mures ou traca ou por outra algum cajom/id=tr1384.1.m8-01-per1

521: escritura$tr1384.1.m8-01

ERROR: traslados.cli line 521 ** ID already used in this file: tr1384.1.m8-01-per1
Near lines: 521          procurador$domingos anes/obs=disse que por quanto as ditas abadessa e convento do dito mosteiro se temiam da dita carta se perder por fogo ou agua ou mures ou traca ou por outra algum cajom/id=tr1384.1.m8-01-per1
Near line: 522             rel$sociabilidade/procurador/mosteiro de santa clara/1384.tr1.msc


ERROR: traslados.cli line 525 ** ID already used in this file: 1384.tr1.msc
Near lines: 525 
Near line: 526             referido$bartolomeu geraldes/obs=pede o procurador ao alvazil que permita por sua autoridade que se traslade a carta de doacao regia em publica forma, o qual depois de verificar a autenticidade da carta autorizou o traslado/id=tr1384.1.m8-01-per1-per2


ERROR: traslados.cli line 526 ** ID already used in this file: tr1384.1.m8-01-per1-per2
Near lines: 526             referido$bartolomeu geraldes/obs=pede o procurador ao alvazil que permita por sua autoridade que se traslade a carta de doacao regia em publica forma, o qual depois de verificar a autenticidade da carta autorizou o traslado/id=tr1384.1.m8-01-per1-per2
Near line: 527                ls$cargo/alvazil/obs=de coimbra


ERROR: traslados.cli line 529 ** ID already used in this file: tr1384.1.m8-01-per3
Near lines: 529          test$joao fernandes/id=tr1384.1.m8-01-per3
Near line: 530             ls$profissao/tabeliao


ERROR: traslados.cli line 532 ** ID already used in this file: tr1384.1.m8-01-per4
Near lines: 532          test$clemente anes/id=tr1384.1.m8-01-per4
Near line: 533             ls$profissao/tabeliao


ERROR: traslados.cli line 535 ** ID already used in this file: tr1384.1.m8-01-per5
Near lines: 535          test$afonso domingues/id=tr1384.1.m8-01-per5
Near line: 536             ls$profissao/tabeliao


ERROR: traslados.cli line 538 ** ID already used in this file: tr1384.1.m8-01-per6
Near lines: 538          test$afonso martins/id=tr1384.1.m8-01-per6
Near line: 539             ls$profissao/tabeliao


ERROR: traslados.cli line 541 ** ID already used in this file: tr1384.1.m8-01-per7
Near lines: 541          test$vicente lourenco/id=tr1384.1.m8-01-per7
Near line: 542             ls$profissao/porteiro


ERROR: traslados.cli line 544 ** ID already used in this file: tr1384.1.m8-01-per8
Near lines: 544          test$fernao gomes?/obs=duvida no segundo nome/id=tr1384.1.m8-01-per8
Near line: 545             ls$profissao/porteiro


ERROR: traslados.cli line 547 ** ID already used in this file: tr1384.1.m8-01-per9
Near lines: 547          tabeliao$angelo peres/obs=doze soldos pelo registo/id=tr1384.1.m8-01-per9
Near line: 548             ls$intitulacao/tabelao de nosso senhor o mestre de avis regedor e defensor dos reinos de portugal e do algarve


ERROR: traslados.cli line 551 ** ID already used in this file: tr1384.2.m8-04
Near lines: 551 
Near line: 552          procurador$domingos anes/id=tr1384.2.m8-04-per1

552: escritura$tr1384.2.m8-04

ERROR: traslados.cli line 552 ** ID already used in this file: tr1384.2.m8-04-per1
Near lines: 552          procurador$domingos anes/id=tr1384.2.m8-04-per1
Near line: 553             rel$sociabilidade/procurador/mosteiro de santa clara/1384.tr2.msc


ERROR: traslados.cli line 556 ** ID already used in this file: 1384.tr2.msc
Near lines: 556 
Near line: 557             referido$martim esteves/obs=pede o procurador ao alvazil que permita por sua autoridade que se traslade o documento de emprazamento em publica forma/id=tr1384.2.m8-04-per1-per2


ERROR: traslados.cli line 557 ** ID already used in this file: tr1384.2.m8-04-per1-per2
Near lines: 557             referido$martim esteves/obs=pede o procurador ao alvazil que permita por sua autoridade que se traslade o documento de emprazamento em publica forma/id=tr1384.2.m8-04-per1-per2
Near line: 558                ls$cargo/escudeiro


ERROR: traslados.cli line 561 ** ID already used in this file: tr1384.2.m8-04-per3
Near lines: 561          test$joao peres/id=tr1384.2.m8-04-per3
Near line: 562             ls$profissao/tabeliao


ERROR: traslados.cli line 564 ** ID already used in this file: tr1384.2.m8-04-per4
Near lines: 564          test$pedro anes/id=tr1384.2.m8-04-per4
Near line: 565             ls$profissao/tabeliao


ERROR: traslados.cli line 567 ** ID already used in this file: tr1384.2.m8-04-per5
Near lines: 567          test$joao anes/id=tr1384.2.m8-04-per5
Near line: 568             ls$alcunha/tosqueado


ERROR: traslados.cli line 570 ** ID already used in this file: tr1384.2.m8-04-per6
Near lines: 570          tabeliao$lourenco martins/obs=doze soldos pelo registo/id=tr1384.2.m8-04-per6
Near line: 571             ls$intitulacao/tabeliao em a dita vila de leiria


ERROR: traslados.cli line 575 ** ID already used in this file: tr1386.1.m8-07
Near lines: 575 
Near line: 576          procurador$goncalo fernandes/obs=mostra carta selada com dois selos, um selo com a figura do abade do dito mosteiro e outro selo com a figura de ... com seu filho no braco; e pede publica forma para guarda do direito do mosteiro

576: escritura$tr1386.1.m8-07

ERROR: traslados.cli line 581 ** ID already used in this file: 1386.tr1.mspa
Near lines: 581 
Near line: 582             referido$afonso anes


ERROR: traslados.cli line 611 ** ID already used in this file: tr1418.1.m8-18
Near lines: 611 
Near line: 612          procurador$gil anes/obs=disse que por quanto se temia de perderem a dita carta por agua ou por fogo ou ratos ou por outra alguma razao/id=tr1418.1.m8-18-per1

612: escritura$tr1418.1.m8-18

ERROR: traslados.cli line 612 ** ID already used in this file: tr1418.1.m8-18-per1
Near lines: 612          procurador$gil anes/obs=disse que por quanto se temia de perderem a dita carta por agua ou por fogo ou ratos ou por outra alguma razao/id=tr1418.1.m8-18-per1
Near line: 613             rel$sociabilidade/procurador/mosteiro de santa clara/1418.tr1.msc


ERROR: traslados.cli line 616 ** ID already used in this file: 1418.tr1.msc
Near lines: 616 
Near line: 617             referido$afonso lopes/obs=que me pedia que lhe mandasse dar o traslado da dita carta em publica forma sob meu sinal e com o selo da audiencia do dito senhor bispo/id=tr1418.1.m8-18-per1-per2


ERROR: traslados.cli line 617 ** ID already used in this file: tr1418.1.m8-18-per1-per2
Near lines: 617             referido$afonso lopes/obs=que me pedia que lhe mandasse dar o traslado da dita carta em publica forma sob meu sinal e com o selo da audiencia do dito senhor bispo/id=tr1418.1.m8-18-per1-per2
Near line: 618                ls$cargo/conego/obs=da se de coimbra


ERROR: traslados.cli line 622 ** ID already used in this file: tr1418.1.m8-18-per1-per3
Near lines: 622             referido$gil/id=tr1418.1.m8-18-per1-per3
Near line: 623                ls$cargo/bispo de coimbra


ERROR: traslados.cli line 627 ** ID already used in this file: tr1408.1.m9-27
Near lines: 627 
Near line: 628          procurador$pedro afonso/id=tr1408.1.m9-27-per1

628: escritura$tr1408.1.m9-27

ERROR: traslados.cli line 628 ** ID already used in this file: tr1408.1.m9-27-per1
Near lines: 628          procurador$pedro afonso/id=tr1408.1.m9-27-per1
Near line: 629             ls$profissao/tabeliao/obs=de coimbra


ERROR: traslados.cli line 633 ** ID already used in this file: 1408.tr1.msc
Near lines: 633 
Near line: 634             referido$afonso lopes/id=tr1408.1.m9-27-per1-per2


ERROR: traslados.cli line 634 ** ID already used in this file: tr1408.1.m9-27-per1-per2
Near lines: 634             referido$afonso lopes/id=tr1408.1.m9-27-per1-per2
Near line: 635                ls$cargo/conego/obs=da se de coimbra


ERROR: traslados.cli line 638 ** ID already used in this file: tr1408.1.m9-27-per1-per3
Near lines: 638             referido$gil/id=tr1408.1.m9-27-per1-per3
Near line: 639                ls$cargo/bispo de coimbra


ERROR: traslados.cli line 642 ** ID already used in this file: tr1408.1.m9-27-per1-per4
Near lines: 642             referido$vasco gil/id=tr1408.1.m9-27-per1-per4
Near line: 643                ls$cargo/prior/obs=da igreja paroquia de santa maria de podentes


ERROR: traslados.cli line 645 ** ID already used in this file: tr1408.1.m9-27-per1-per5
Near lines: 645             referido$lourenco/id=tr1408.1.m9-27-per1-per5
Near line: 646                ls$cargo/arcebispo de braga


ERROR: traslados.cli line 650 ** ID already used in this file: tr1410.1.m9-30
Near lines: 650 
Near line: 651          procurador$gil anes/id=tr1410.1.m9-30-per1

651: escritura$tr1410.1.m9-30

ERROR: traslados.cli line 651 ** ID already used in this file: tr1410.1.m9-30-per1
Near lines: 651          procurador$gil anes/id=tr1410.1.m9-30-per1
Near line: 652             ls$profissao/criado


ERROR: traslados.cli line 657 ** ID already used in this file: 1410.tr1.msc
Near lines: 657 
Near line: 658             referida$beatriz afonso pimentel/id=1410.tr1.msc.aba


ERROR: traslados.cli line 658 ** ID already used in this file: 1410.tr1.msc.aba
Near lines: 658             referida$beatriz afonso pimentel/id=1410.tr1.msc.aba
Near line: 659                ls$cargo/abadessa de santa clara


ERROR: traslados.cli line 662 ** ID already used in this file: tr1410.1.m9-30-per1-per2
Near lines: 662             referido$afonso lopes/id=tr1410.1.m9-30-per1-per2
Near line: 663                ls$cargo/conego/obs=da se de coimbra


ERROR: traslados.cli line 667 ** ID already used in this file: tr1410.1.m9-30-per1-per3
Near lines: 667             referido$gil/id=tr1410.1.m9-30-per1-per3
Near line: 668                ls$cargo/bispo de coimbra


ERROR: traslados.cli line 671 ** ID already used in this file: tr1410.1.m9-30-per4
Near lines: 671          tabeliao$pedro afonso/id=tr1410.1.m9-30-per4
Near line: 672             ls$intitulacao/tabeliao por el rei na dita cidade de coimbra


ERROR: traslados.cli line 675 ** ID already used in this file: tr1410.2.m9-31
Near lines: 675 
Near line: 676          procurador$gil anes/obs=pelo dito procurador foi dito que as ditas abadessa e convento se temiam de se lhes perder a dita carta por fogo ou aguas ou por algum outro cajom e caso fortuito e que porem pedia ao dito vigario que lha mandasse tornar em esta publica forma por sua autoridade/id=tr1410.2.m9-31-per1

676: escritura$tr1410.2.m9-31

ERROR: traslados.cli line 676 ** ID already used in this file: tr1410.2.m9-31-per1
Near lines: 676          procurador$gil anes/obs=pelo dito procurador foi dito que as ditas abadessa e convento se temiam de se lhes perder a dita carta por fogo ou aguas ou por algum outro cajom e caso fortuito e que porem pedia ao dito vigario que lha mandasse tornar em esta publica forma por sua autoridade/id=tr1410.2.m9-31-per1
Near line: 677             ls$profissao/criado


ERROR: traslados.cli line 682 ** ID already used in this file: 1410.tr2.msc
Near lines: 682 
Near line: 683             referida$beatriz afonso pimentel/id=1410.tr2.msc.aba


ERROR: traslados.cli line 683 ** ID already used in this file: 1410.tr2.msc.aba
Near lines: 683             referida$beatriz afonso pimentel/id=1410.tr2.msc.aba
Near line: 684                ls$cargo/abadessa de santa clara


ERROR: traslados.cli line 687 ** ID already used in this file: tr1410.2.m9-31-per1-per2
Near lines: 687             referido$afonso lopes/obs=e o dito vigario visto como a dita carta nao era rassa nem entrelinhada nem em uma parte suspeita nem viciada que em lugar de suspeita fosse mais sa e inteira e que se de toda suspeita segundo na primeira face dela parecia lhe mandou tornar a dita carta em esta publica forma por sua autoridade e deu e entrepos a ele sua autoridade ordinaria e real e mandou que este instrumento de publica forma valha e faca fe em juizo e fora dele e em todos lugar como o proprio original da dita carta/id=tr1410.2.m9-31-per1-per2
Near line: 688                ls$cargo/conego/obs=da se de coimbra


ERROR: traslados.cli line 691 ** ID already used in this file: tr1410.2.m9-31-per1-per3
Near lines: 691             referido$gil/id=tr1410.2.m9-31-per1-per3
Near line: 692                ls$cargo/bispo de coimbra


ERROR: traslados.cli line 695 ** ID already used in this file: tr1410.2.m9-31-per4
Near lines: 695          test$francisco domingues/id=tr1410.2.m9-31-per4
Near line: 696             ls$profissao/escrivao/obs=da dita audiencia da se de coimbra


ERROR: traslados.cli line 699 ** ID already used in this file: tr1410.2.m9-31-per5
Near lines: 699          test$joao fernandes/id=tr1410.2.m9-31-per5
Near line: 700             ls$profissao/escrivao/obs=da dita audiencia da se de coimbra


ERROR: traslados.cli line 703 ** ID already used in this file: tr1410.2.m9-31-per6
Near lines: 703          test$joao vasques/id=tr1410.2.m9-31-per6
Near line: 704             ls$profissao/escrivao/obs=da dita audiencia da se de coimbra


ERROR: traslados.cli line 707 ** ID already used in this file: tr1410.2.m9-31-per7
Near lines: 707          test$luis goncalves/id=tr1410.2.m9-31-per7
Near line: 708             ls$profissao/escrivao/obs=da dita audiencia da se de coimbra


ERROR: traslados.cli line 711 ** ID already used in this file: tr1410.2.m9-31-per8
Near lines: 711          tabeliao$pedro afonso/id=tr1410.2.m9-31-per8
Near line: 712             ls$intitulacao/tabeliao por el rei na dita cidade de coimbra


ERROR: traslados.cli line 714 ** ID already used in this file: tr1410.2.m9-31-per8-per9
Near lines: 714             referido$fernando afonso/obs=escrivao dado por carta de el rei para escrever as posturas do dito pedro afonso/id=tr1410.2.m9-31-per8-per9
Near line: 715                ls$profissao/escrivao


ERROR: traslados.cli line 718 ** ID already used in this file: tr1410.3.m9-32
Near lines: 718 
Near line: 719          procurador$gil anes/obs=pelo dito procurador foi dito que as ditas abadessa e convento se temiam de se lhes perder a dita carta por fogo ou aguas ou por algum outro cajom e caso fortuito e que porem pedia ao dito vigario que lha mandasse tornar em esta publica forma por sua autoridade/id=tr1410.3.m9-32-per1

719: escritura$tr1410.3.m9-32

ERROR: traslados.cli line 719 ** ID already used in this file: tr1410.3.m9-32-per1
Near lines: 719          procurador$gil anes/obs=pelo dito procurador foi dito que as ditas abadessa e convento se temiam de se lhes perder a dita carta por fogo ou aguas ou por algum outro cajom e caso fortuito e que porem pedia ao dito vigario que lha mandasse tornar em esta publica forma por sua autoridade/id=tr1410.3.m9-32-per1
Near line: 720             ls$profissao/criado


ERROR: traslados.cli line 725 ** ID already used in this file: 1410.tr3.msc
Near lines: 725 
Near line: 726             referida$beatriz afonso pimentel/id=1410.tr3.msc.aba


ERROR: traslados.cli line 726 ** ID already used in this file: 1410.tr3.msc.aba
Near lines: 726             referida$beatriz afonso pimentel/id=1410.tr3.msc.aba
Near line: 727                ls$cargo/abadessa de santa clara


ERROR: traslados.cli line 730 ** ID already used in this file: tr1410.3.m9-32-per1-per2
Near lines: 730             referido$afonso lopes/obs=e o dito vigario visto como a dita carta nao era rassa nem entrelinhada nem em uma parte suspeita nem viciada que em lugar de suspeita fosse mais sa e inteira e que se de toda suspeita segundo na primeira face dela parecia lhe mandou tornar a dita carta em esta publica forma por sua autoridade e deu e entrepos a ele sua autoridade ordinaria e real e mandou que este instrumento de publica forma valha e faca fe em juizo e fora dele e em todos lugar como o proprio original da dita carta/id=tr1410.3.m9-32-per1-per2
Near line: 731                ls$cargo/conego/obs=da se de coimbra


ERROR: traslados.cli line 734 ** ID already used in this file: tr1410.3.m9-32-per1-per3
Near lines: 734             referido$gil/id=tr1410.3.m9-32-per1-per3
Near line: 735                ls$cargo/bispo de coimbra


ERROR: traslados.cli line 738 ** ID already used in this file: tr1410.3.m9-32-per4
Near lines: 738          test$francisco domingues/id=tr1410.3.m9-32-per4
Near line: 739             ls$profissao/escrivao/obs=da dita audiencia da se de coimbra


ERROR: traslados.cli line 742 ** ID already used in this file: tr1410.3.m9-32-per5
Near lines: 742          test$joao fernandes/id=tr1410.3.m9-32-per5
Near line: 743             ls$profissao/escrivao/obs=da dita audiencia da se de coimbra


ERROR: traslados.cli line 746 ** ID already used in this file: tr1410.3.m9-32-per6
Near lines: 746          test$joao vasques/id=tr1410.3.m9-32-per6
Near line: 747             ls$profissao/escrivao/obs=da dita audiencia da se de coimbra


ERROR: traslados.cli line 750 ** ID already used in this file: tr1410.3.m9-32-per7
Near lines: 750          test$luis goncalves/id=tr1410.3.m9-32-per7
Near line: 751             ls$profissao/escrivao/obs=da dita audiencia da se de coimbra


ERROR: traslados.cli line 754 ** ID already used in this file: tr1410.3.m9-32-per8
Near lines: 754          tabeliao$pedro afonso/id=tr1410.3.m9-32-per8
Near line: 755             ls$intitulacao/tabeliao por el rei na dita cidade de coimbra


ERROR: traslados.cli line 757 ** ID already used in this file: tr1410.3.m9-32-per8-per9
Near lines: 757             referido$fernando afonso/obs=escrivao dado por carta de el rei para escrever as posturas do dito pedro afonso/id=tr1410.3.m9-32-per8-per9
Near line: 758                ls$profissao/escrivao


ERROR: traslados.cli line 761 ** ID already used in this file: tr1424.1.m10-15
Near lines: 761 
Near line: 762          procurador$pedro afonso/obs=o dito mosteiro temia de se lhe a dita carta perder por algum caso fortuito e se entendia dela de ajudar em outras partes que lhe pedira que lhe mandasse dar um instrumento com o teor dela em publica forma/id=tr1424.1.m10-15-per1

762: escritura$tr1424.1.m10-15

ERROR: traslados.cli line 762 ** ID already used in this file: tr1424.1.m10-15-per1
Near lines: 762          procurador$pedro afonso/obs=o dito mosteiro temia de se lhe a dita carta perder por algum caso fortuito e se entendia dela de ajudar em outras partes que lhe pedira que lhe mandasse dar um instrumento com o teor dela em publica forma/id=tr1424.1.m10-15-per1
Near line: 763             rel$sociabilidade/procurador/mosteiro de santa clara/1424.tr1.msc


ERROR: traslados.cli line 766 ** ID already used in this file: 1424.tr1.msc
Near lines: 766 
Near line: 767             referida$guiomar ferreira/id=tr1424.1.m10-15-per1-per2


ERROR: traslados.cli line 767 ** ID already used in this file: tr1424.1.m10-15-per1-per2
Near lines: 767             referida$guiomar ferreira/id=tr1424.1.m10-15-per1-per2
Near line: 768                ls$cargo/abadessa de santa clara


ERROR: traslados.cli line 771 ** ID already used in this file: tr1424.1.m10-15-per1-per3
Near lines: 771             referido$francisco anes de torres?/obs=duvida no toponimo associado ao nome/id=tr1424.1.m10-15-per1-per3
Near line: 772                ls$cargo/escudeiro


ERROR: traslados.cli line 777 ** ID already used in this file: 1424.tr1.joao
Near lines: 777             referido$joao/id=1424.tr1.joao
Near line: 778                ls$titulo/dom


ERROR: traslados.cli line 781 ** ID already used in this file: tr1424.1.m10-15-per4
Near lines: 781          test$alvaro peres/id=tr1424.1.m10-15-per4
Near line: 782             ls$profissao/tabeliao/obs=na dita cidade de coimbra


ERROR: traslados.cli line 784 ** ID already used in this file: tr1424.1.m10-15-per5
Near lines: 784          test$pedro afonso/id=tr1424.1.m10-15-per5
Near line: 785             ls$profissao/tabeliao/obs=na dita cidade de coimbra


ERROR: traslados.cli line 787 ** ID already used in this file: tr1424.1.m10-15-per6
Near lines: 787          test$andre alvares/id=tr1424.1.m10-15-per6
Near line: 788             ls$profissao/tabeliao/obs=na dita cidade de coimbra


ERROR: traslados.cli line 790 ** ID already used in this file: tr1424.1.m10-15-per7
Near lines: 790          test$joao de guimaraes/id=tr1424.1.m10-15-per7
Near line: 791             ls$profissao/tabeliao/obs=na dita cidade de coimbra


ERROR: traslados.cli line 793 ** ID already used in this file: tr1424.1.m10-15-per8
Near lines: 793          tabeliao$vasco anes/obs=20 pelo registo/id=tr1424.1.m10-15-per8
Near line: 794             ls$intitulacao/tabeliao por o dito senhor rei na dita cidade de coimbra


ERROR: traslados.cli line 797 ** ID already used in this file: tr1428.1.m10-20
Near lines: 797 
Near line: 798          procurador$pedro afonso/obs=o dito mosteiro temia de se lhe o dito alvara perder por fogo ou agua ou por outro algum cajom ou caso fortuito e que porem ele em nome da dita abadessa e convento pedia ao dito ouvidor que mandasse a mim tabeliao sobredito que lhe desse um instrumento com traslado do dito alvara em publica forma sob meu sinal/id=tr1428.1.m10-20-per1

798: escritura$tr1428.1.m10-20

ERROR: traslados.cli line 798 ** ID already used in this file: tr1428.1.m10-20-per1
Near lines: 798          procurador$pedro afonso/obs=o dito mosteiro temia de se lhe o dito alvara perder por fogo ou agua ou por outro algum cajom ou caso fortuito e que porem ele em nome da dita abadessa e convento pedia ao dito ouvidor que mandasse a mim tabeliao sobredito que lhe desse um instrumento com traslado do dito alvara em publica forma sob meu sinal/id=tr1428.1.m10-20-per1
Near line: 799             rel$sociabilidade/procurador/mosteiro de santa clara/1428.tr1.msc


ERROR: traslados.cli line 802 ** ID already used in this file: 1428.tr1.msc
Near lines: 802 
Near line: 803             referida$guiomar ferreira/id=tr1428.1.m10-20-per1-per2


ERROR: traslados.cli line 803 ** ID already used in this file: tr1428.1.m10-20-per1-per2
Near lines: 803             referida$guiomar ferreira/id=tr1428.1.m10-20-per1-per2
Near line: 804                ls$cargo/abadessa de santa clara


ERROR: traslados.cli line 807 ** ID already used in this file: tr1428.1.m10-20-per1-per3
Near lines: 807             referido$fernao goncalves/obs=e o dito ouvidor visto seu dizer e pedir e visto como o dito alvara nao era borrado nem entrelinhado nem viciado nem em outro algum lugar em si suspeito mandou a mim tabeliao sobredito que lhe desse o dito instrumento, e que o dito traslado valesse e fizesse se em juizo e fora de juizo assim como o proprio e verdadeiro original do dito alvara/id=tr1428.1.m10-20-per1-per3
Near line: 808                ls$cargo/ouvidor/obs=em coimbra posto pelos homens bons dessa mesma


ERROR: traslados.cli line 810 ** ID already used in this file: tr1428.1.m10-20-per1-per4
Near lines: 810             referido$joao/id=tr1428.1.m10-20-per1-per4
Near line: 811                ls$titulo/dom


ERROR: traslados.cli line 814 ** ID already used in this file: tr1428.1.m10-20-per5
Near lines: 814          test$rodrigo anes/id=tr1428.1.m10-20-per5
Near line: 815             ls$profissao/tabeliao/obs=em a dita cidade de coimbra


ERROR: traslados.cli line 817 ** ID already used in this file: tr1428.1.m10-20-per6
Near lines: 817          test$alvaro peres/id=tr1428.1.m10-20-per6
Near line: 818             ls$profissao/tabeliao/obs=em a dita cidade de coimbra


ERROR: traslados.cli line 820 ** ID already used in this file: tr1428.1.m10-20-per7
Near lines: 820          test$pedro afonso/id=tr1428.1.m10-20-per7
Near line: 821             ls$profissao/tabeliao/obs=em a dita cidade de coimbra


ERROR: traslados.cli line 823 ** ID already used in this file: tr1428.1.m10-20-per8
Near lines: 823          test$joao de guimaraes/id=tr1428.1.m10-20-per8
Near line: 824             ls$profissao/tabeliao/obs=em a dita cidade de coimbra


ERROR: traslados.cli line 826 ** ID already used in this file: tr1428.1.m10-20-per9
Near lines: 826          tabeliao$andre alvares/obs=15 reais pelo registo/id=tr1428.1.m10-20-per9
Near line: 827             ls$intitulacao/tabeliao de nosso senhor el rei em a dita cidade de coimbra


ERROR: traslados.cli line 830 ** ID already used in this file: tr1432.1.m10-27
Near lines: 830 
Near line: 831          procurador$pedro afonso/obs=era muito necessario o treslado da dita carta em publica forma sob sinal de tabeliao por quanto se entendiam de ajudar dela em outras partes e se temiam de se perder a dita carta por agua ou por fogo ou por velhice ou por algum cajom e que porem pedia ao dito juiz em nome do dito mosteiro que desse a mim tabeliao sua autoridade ordinaria e me mandasse que lhe desse um e dois instrumentos e mais aqueles que lhe cumpridoiros fossem em publica forma sob meu sinal/id=tr1432.1.m10-27-per1

831: escritura$tr1432.1.m10-27

ERROR: traslados.cli line 831 ** ID already used in this file: tr1432.1.m10-27-per1
Near lines: 831          procurador$pedro afonso/obs=era muito necessario o treslado da dita carta em publica forma sob sinal de tabeliao por quanto se entendiam de ajudar dela em outras partes e se temiam de se perder a dita carta por agua ou por fogo ou por velhice ou por algum cajom e que porem pedia ao dito juiz em nome do dito mosteiro que desse a mim tabeliao sua autoridade ordinaria e me mandasse que lhe desse um e dois instrumentos e mais aqueles que lhe cumpridoiros fossem em publica forma sob meu sinal/id=tr1432.1.m10-27-per1
Near line: 832             rel$sociabilidade/procurador/mosteiro de santa clara/1432.tr1.msc


ERROR: traslados.cli line 836 ** ID already used in this file: 1432.tr1.msc
Near lines: 836 
Near line: 837             referida$guiomar ferreira/id=tr1432.1.m10-27-per1-per2


ERROR: traslados.cli line 837 ** ID already used in this file: tr1432.1.m10-27-per1-per2
Near lines: 837             referida$guiomar ferreira/id=tr1432.1.m10-27-per1-per2
Near line: 838                ls$cargo/abadessa de santa clara


ERROR: traslados.cli line 841 ** ID already used in this file: tr1432.1.m10-27-per1-per3
Near lines: 841             referido$goncalo anes do rego/obs=porem deu a mim dito tabeliao sua autoridade ordinaria quanto com direito podia e devia e me mandou que lhe desse um e dois instrumentos e mais aqueles que lhe cumpridoiros fosse/id=tr1432.1.m10-27-per1-per3
Near line: 842                ls$titulo/bacharel em leis


ERROR: traslados.cli line 845 ** ID already used in this file: tr1432.1.m10-27-per1-per4
Near lines: 845             referido$joao/id=tr1432.1.m10-27-per1-per4
Near line: 846                ls$titulo/dom


ERROR: traslados.cli line 849 ** ID already used in this file: tr1432.1.m10-27-per5
Near lines: 849          test$alvaro peres/id=tr1432.1.m10-27-per5
Near line: 850             ls$profissao/tabeliao/obs=em a dita cidade de coimbra


ERROR: traslados.cli line 852 ** ID already used in this file: tr1432.1.m10-27-per6
Near lines: 852          test$pedro afonso/id=tr1432.1.m10-27-per6
Near line: 853             ls$profissao/tabeliao/obs=em a dita cidade de coimbra


ERROR: traslados.cli line 855 ** ID already used in this file: tr1432.1.m10-27-per7
Near lines: 855          test$joao de guimaraes/id=tr1432.1.m10-27-per7
Near line: 856             ls$profissao/tabeliao/obs=em a dita cidade de coimbra


ERROR: traslados.cli line 858 ** ID already used in this file: tr1432.1.m10-27-per8
Near lines: 858          test$diogo de pinho/id=tr1432.1.m10-27-per8
Near line: 859             ls$profissao/tabeliao/obs=em a dita cidade de coimbra


ERROR: traslados.cli line 861 ** ID already used in this file: tr1432.1.m10-27-per9
Near lines: 861          tabeliao$pedro beltraes/obs=25 reais pelo registo/id=tr1432.1.m10-27-per9
Near line: 862             ls$intitulacao/tabeliao de nosso senhor el rei em esta mesma cidade de coimbra


ERROR: traslados.cli line 865 ** ID already used in this file: tr1435.1.m10-33
Near lines: 865 
Near line: 866          procurador$goncalo ferreira/obs=era necessario o treslado da dita lettera em publica forma por quanto se entendia dela de ajudar porem ele em nome do dito mosteiro requeria ao dito juiz que lhe mandasse dar um instrumento e mais com o teor da dita lettera apostolica/id=tr1435.1.m10-33-per1

866: escritura$tr1435.1.m10-33

ERROR: traslados.cli line 866 ** ID already used in this file: tr1435.1.m10-33-per1
Near lines: 866          procurador$goncalo ferreira/obs=era necessario o treslado da dita lettera em publica forma por quanto se entendia dela de ajudar porem ele em nome do dito mosteiro requeria ao dito juiz que lhe mandasse dar um instrumento e mais com o teor da dita lettera apostolica/id=tr1435.1.m10-33-per1
Near line: 867             rel$sociabilidade/procurador/mosteiro de santa clara/1435.tr1.msc

*** ERROR: MAXIMUM NUMBER OF ERRORS REACHED. TRANSLATION ABORTED.
*** End of File
100  errors. 
0  warnings.
Translation finished.
