ClioInput - version @@VERSION@@ - build @@BUILD@@ @@DATE@@
30-6-2019 16-21

Processing data file cas1714-1722-com-celebrante.cli
-------------------------------------------
Generic Act translation module with geoentities (XML).
     Joaquim Ramos de Carvalho (joaquim@uc.pt) 
** New document: kleio
=========================
kleio translation started
=========================
Structure: gacto.str
Prefix: 
Autorel: 
Translation count: 44
Obs: 
** Processing source fonte$casamentos1592-1728

WARNING: cas1714-1722-com-celebrante.cli line 3 Element value exceeds database field length: type=freguesia de sao silvestre da lousa. Size:35 limit: 32
Near line: 3 
Near line: 4       cas$c1714-1/8/2/1714/fl.142v./igreja de sao silvestre/manuel da fonseca(prior)/obs=com licenca do prior manuel lopes serra que assina o termonao se referem testemunhas

6: cas$c1714-1
28: cas$c1714-2
*** End of File
** Processed file- /Users/jrc/develop/mhk-git/clio/tests/kleio-home/sources/api_tests/paroquiais/casamentos/cas1714-1722-com-celebrante.cli
** Original file- /Users/jrc/develop/mhk-git/clio/tests/kleio-home/sources/api_tests/paroquiais/casamentos/cas1714-1722-com-celebrante.org
** Previous version- /Users/jrc/develop/mhk-git/clio/tests/kleio-home/sources/api_tests/paroquiais/casamentos/cas1714-1722-com-celebrante.old
** Temp file with ids- /Users/jrc/develop/mhk-git/clio/tests/kleio-home/sources/api_tests/paroquiais/casamentos/cas1714-1722-com-celebrante.ids
0  errors. 
1  warnings.
Translation finished.
