ClioInput - version @@VERSION@@ - build @@BUILD@@ @@DATE@@
3-7-2019 8-9

Processing data file bapSB-1646-1679.cli
-------------------------------------------
Generic Act translation module with geoentities (XML).
     Joaquim Ramos de Carvalho (joaquim@uc.pt) 
** New document: kleio
=========================
kleio translation started
=========================
Structure: gacto2.str
Prefix: 
Autorel: 
Translation count: 
Obs: 
Translation count not set or invalid, counting as zero: 
** Processing source fonte$baptismos1646-1679
6: bap$b1646-1
16: bap$b1646-2
26: bap$b1646-3
39: bap$b1646-4
49: bap$b1646-5
63: bap$b1647-6
73: bap$b1648-7
83: bap$b1648-8
96: bap$b1648-9
111: bap$b1648-10
119: bap$b1648-11
129: bap$b1649-12
139: bap$b1649-13
149: bap$b1641-14
159: bap$b1652-14
169: bap$b1652-15
176: bap$b1652-16
186: bap$b1653-17
196: bap$b1653-18
*** End of File
** Processed file- /Users/jrc/develop/mhk-git/clio/tests/kleio-home/sources/api_tests/testes/sources/santaclara/santaclara/bapSB-1646-1679.cli
** Original file- /Users/jrc/develop/mhk-git/clio/tests/kleio-home/sources/api_tests/testes/sources/santaclara/santaclara/bapSB-1646-1679.org
** Previous version- /Users/jrc/develop/mhk-git/clio/tests/kleio-home/sources/api_tests/testes/sources/santaclara/santaclara/bapSB-1646-1679.old
** Temp file with ids- /Users/jrc/develop/mhk-git/clio/tests/kleio-home/sources/api_tests/testes/sources/santaclara/santaclara/bapSB-1646-1679.ids
0  errors. 
0  warnings.
Translation finished.
