ClioInput - version @@VERSION@@ - build @@BUILD@@ @@DATE@@
3-7-2019 8-7

Processing data file auc_notsimaogrebelo_2.cli
-------------------------------------------
Generic Act translation module with geoentities (XML).
     Joaquim Ramos de Carvalho (joaquim@uc.pt) 
** New document: kleio
=========================
kleio translation started
=========================
Structure: gacto2.str
Prefix: 
Autorel: 
Translation count: 
Obs: 
Translation count not set or invalid, counting as zero: 
** Processing source fonte$not1645

WARNING: auc_notsimaogrebelo_2.cli line 3 Element value exceeds database field length: loc=auc, notarial cota v i-es-9-3-103, notario simao gomes rebelo, abril a novembro. Size:79 limit: 64
Near lines: 3 
Near line: 4       escritura$not1645-e1/13/5/1645/arrendamanto/fol=23-25/loc=casa do locutorio/sumario=contrato de arrendamento por tempo de dois anos celebrado entre mosteiro de santa clara da cidade de coimbra e manuel pires, de uma renda sita em urzelhe, termo da vila de miranda do corvo

6: escritura$not1645-e1
66: escritura$not1645-e2
*** End of File
** Processed file- /Users/jrc/develop/mhk-git/clio/tests/kleio-home/sources/api_tests/testes/sources/santaclara/svn/santaclara/AUC/auc_notsimaogrebelo_2.cli
** Original file- /Users/jrc/develop/mhk-git/clio/tests/kleio-home/sources/api_tests/testes/sources/santaclara/svn/santaclara/AUC/auc_notsimaogrebelo_2.org
** Previous version- /Users/jrc/develop/mhk-git/clio/tests/kleio-home/sources/api_tests/testes/sources/santaclara/svn/santaclara/AUC/auc_notsimaogrebelo_2.old
** Temp file with ids- /Users/jrc/develop/mhk-git/clio/tests/kleio-home/sources/api_tests/testes/sources/santaclara/svn/santaclara/AUC/auc_notsimaogrebelo_2.ids
0  errors. 
1  warnings.
Translation finished.
