ClioInput - version @@VERSION@@ - build @@BUILD@@ @@DATE@@
3-7-2019 9-31

Processing data file b1886_3.cli
-------------------------------------------
Generic Act translation module with geoentities (XML).
     Joaquim Ramos de Carvalho (joaquim@uc.pt) 
** New document: kleio
=========================
kleio translation started
=========================
Structure: gacto2.str
Prefix: 
Autorel: 
Translation count: 3
Obs: 
** Processing source fonte$bap1891_3

WARNING: b1886_3.cli line 3 Element value exceeds database field length: loc=adavr, freguesia de s. salvador de ilhavo, baptismos, livro 62, 1886. Size:68 limit: 64
Near lines: 3 
Near line: 4       bap$b1886.201/04/07/1886/adavr, freguesia de s. salvador, baptismos, 1886, fls. 78v-79/igreja paroquial de s. salvador de ilhavo/prior manuel branco de lemos assina

6: bap$b1886.201
48: bap$b1886.202
90: bap$b1886.203
129: bap$b1886.204
166: bap$b1886.205
205: bap$b1886.206
239: bap$b1886.207
273: bap$b1886.208
308: bap$b1886.209
340: bap$b1886.210
379: bap$b1886.211
419: bap$b1886.212
451: bap$b1886.213
484: bap$b1886.214
525: bap$b1886.215
563: bap$b1886.216
600: bap$b1886.217
633: bap$b1886.218
665: bap$b1886.219
697: bap$b1886.220
*** End of File
** Processed file- /Users/jrc/develop/mhk-git/clio/tests/kleio-home/sources/api_tests/testes/sources/ilhavo/batismos/b1886_3.cli
** Original file- /Users/jrc/develop/mhk-git/clio/tests/kleio-home/sources/api_tests/testes/sources/ilhavo/batismos/b1886_3.org
** Previous version- /Users/jrc/develop/mhk-git/clio/tests/kleio-home/sources/api_tests/testes/sources/ilhavo/batismos/b1886_3.old
** Temp file with ids- /Users/jrc/develop/mhk-git/clio/tests/kleio-home/sources/api_tests/testes/sources/ilhavo/batismos/b1886_3.ids
0  errors. 
1  warnings.
Translation finished.
