ClioInput - version @@VERSION@@ - build @@BUILD@@ @@DATE@@
3-7-2019 9-33

Processing data file b1887_4.cli
-------------------------------------------
Generic Act translation module with geoentities (XML).
     Joaquim Ramos de Carvalho (joaquim@uc.pt) 
** New document: kleio
=========================
kleio translation started
=========================
Structure: gacto2.str
Prefix: 
Autorel: 
Translation count: 3
Obs: 
** Processing source fonte$bap1887_4

WARNING: b1887_4.cli line 3 Element value exceeds database field length: loc=adavr, freguesia de s. salvador de ilhavo, baptismos, livro 63, 1887. Size:68 limit: 64
Near lines: 3 
Near line: 4       bap$b1887.301/02/10/1887/adavr, freguesia de s. salvador de ilhavo, baptismos, 1887, fl. 112v/igreja paroquial de s. salvador de ilhavo/prior manuel branco de lemos assina

6: bap$b1887.301

WARNING: b1887_4.cli line 5 Element value exceeds database field length: fol=adavr, freguesia de s. salvador de ilhavo, baptismos, 1887, fl. 112v. Size:68 limit: 64
Near lines: 5 
Near line: 6          n$felicidade/f/id=b1887.301-per1

39: bap$b1887.302

WARNING: b1887_4.cli line 38 Element value exceeds database field length: fol=adavr, freguesia de s. salvador de ilhavo, baptismos, 1887, fls. 112v-113. Size:73 limit: 64
Near lines: 38 
Near line: 39          n$maria/f/id=b1887.302-per1

74: bap$b1887.303

WARNING: b1887_4.cli line 73 Element value exceeds database field length: fol=adavr, freguesia de s. salvador de ilhavo, baptismos, 1887, fls. 113-113v. Size:73 limit: 64
Near lines: 73 
Near line: 74          n$joao/m/id=b1887.303-per1

107: bap$b1887.304

WARNING: b1887_4.cli line 106 Element value exceeds database field length: fol=adavr, freguesia de s. salvador de ilhavo, baptismos, 1887, fls. 113v-114. Size:73 limit: 64
Near lines: 106 
Near line: 107          n$maria/f/id=b1887-304.maria

150: bap$b1887.305

WARNING: b1887_4.cli line 149 Element value exceeds database field length: fol=adavr, freguesia de s. salvador de ilhavo, baptismos, 1887, fl. 114. Size:67 limit: 64
Near lines: 149 
Near line: 150          n$emilia/f/id=b1887-305.emilia

191: bap$b1887.306

WARNING: b1887_4.cli line 190 Element value exceeds database field length: fol=adavr, freguesia de s. salvador de ilhavo, baptismos, 1887, fl. 114v. Size:68 limit: 64
Near lines: 190 
Near line: 191          n$jose/m/id=b1887.306-per1

225: bap$b1887.307

WARNING: b1887_4.cli line 224 Element value exceeds database field length: fol=adavr, freguesia de s. salvador de ilhavo, baptismos, 1887, fls. 114v-115. Size:73 limit: 64
Near lines: 224 
Near line: 225          n$antonio/m/id=b1887.307-per1

257: bap$b1887.308

WARNING: b1887_4.cli line 256 Element value exceeds database field length: fol=adavr, freguesia de s. salvador de ilhavo, baptismos, 1887, fls. 115-115v. Size:73 limit: 64
Near lines: 256 
Near line: 257          n$rosa/f/id=b1887.308-per1

294: bap$b1887.309

WARNING: b1887_4.cli line 293 Element value exceeds database field length: fol=adavr, freguesia de s. salvador de ilhavo, baptismos, 1887, fl. 115v. Size:68 limit: 64
Near lines: 293 
Near line: 294          n$benilde/f/id=b1887-309.benilde

331: bap$b1887.310

WARNING: b1887_4.cli line 330 Element value exceeds database field length: fol=adavr, freguesia de s. salvador de ilhavo, baptismos, 1887, fls. 115v-116. Size:73 limit: 64
Near lines: 330 
Near line: 331          n$domingos/m/id=b1887.310-per1

363: bap$b1887.311

WARNING: b1887_4.cli line 362 Element value exceeds database field length: fol=adavr, freguesia de s. salvador de ilhavo, baptismos, 1887, fls. 116-116v. Size:73 limit: 64
Near lines: 362 
Near line: 363          n$manuel/m/id=b1887-311.manuel

403: bap$b1887.312

WARNING: b1887_4.cli line 402 Element value exceeds database field length: fol=adavr, freguesia de s. salvador de ilhavo, baptismos, 1887, fl. 116v. Size:68 limit: 64
Near lines: 402 
Near line: 403          n$josefa/f/id=b1887.312-per1

437: bap$b1887.313

WARNING: b1887_4.cli line 436 Element value exceeds database field length: fol=adavr, freguesia de s. salvador de ilhavo, baptismos, 1887, fls. 116v-117. Size:73 limit: 64
Near lines: 436 
Near line: 437          n$carlos/m/id=b1887-313.carlos

477: bap$b1887.314

WARNING: b1887_4.cli line 476 Element value exceeds database field length: fol=adavr, freguesia de s. salvador de ilhavo, baptismos, 1887, fls. 117-117v. Size:73 limit: 64
Near lines: 476 
Near line: 477          n$adelaide/f/id=b1887.314-per1

511: bap$b1887.315

WARNING: b1887_4.cli line 510 Element value exceeds database field length: fol=adavr, freguesia de s. salvador de ilhavo, baptismos, 1887, fl. 117v. Size:68 limit: 64
Near lines: 510 
Near line: 511          n$joao/m/id=b1887.315-per1

543: bap$b1887.316

WARNING: b1887_4.cli line 542 Element value exceeds database field length: fol=adavr, freguesia de s. salvador de ilhavo, baptismos, 1887, fls. 117v-118. Size:73 limit: 64
Near lines: 542 
Near line: 543          n$rosa/f/id=b1887-316.rosa

583: bap$b1887.317

WARNING: b1887_4.cli line 582 Element value exceeds database field length: fol=adavr, freguesia de s. salvador de ilhavo, baptismos, 1887, fl. 118. Size:67 limit: 64
Near lines: 582 
Near line: 583          n$clementina/f/id=b1887-317.clementina

623: bap$b1887.318

WARNING: b1887_4.cli line 622 Element value exceeds database field length: fol=adavr, freguesia de s. salvador de ilhavo, baptismos, 1887, fls. 118-118v. Size:73 limit: 64
Near lines: 622 
Near line: 623          n$eustaquio/m/id=b1887.318-per1

658: bap$b1887.319

WARNING: b1887_4.cli line 657 Element value exceeds database field length: fol=adavr, freguesia de s. salvador de ilhavo, baptismos, 1887, fls. 118v-119. Size:73 limit: 64
Near lines: 657 
Near line: 658          n$casimiro/m/id=b1887-319.casimiro

699: bap$b1887.320

WARNING: b1887_4.cli line 698 Element value exceeds database field length: fol=adavr, freguesia de s. salvador de ilhavo, baptismos, 1887, fl. 119. Size:67 limit: 64
Near lines: 698 
Near line: 699          n$maria/f/id=b1887-320.maria

734: bap$b1887.321

WARNING: b1887_4.cli line 733 Element value exceeds database field length: fol=adavr, freguesia de s. salvador de ilhavo, baptismos, 1887, fls. 119-119v. Size:73 limit: 64
Near lines: 733 
Near line: 734          n$joao/m/id=b1887-321.joao

773: bap$b1887.322

WARNING: b1887_4.cli line 772 Element value exceeds database field length: fol=adavr, freguesia de s. salvador de ilhavo, baptismos, 1887, fls. 119v-120. Size:73 limit: 64
Near lines: 772 
Near line: 773          n$marcalo/m/id=b1887-322.marcalo

809: bap$b1887.323

WARNING: b1887_4.cli line 808 Element value exceeds database field length: fol=adavr, freguesia de s. salvador de ilhavo, baptismos, 1887, fl. 120. Size:67 limit: 64
Near lines: 808 
Near line: 809          n$duarte/m/id=b1887-323.duarte

843: bap$b1887.324

WARNING: b1887_4.cli line 842 Element value exceeds database field length: fol=adavr, freguesia de s. salvador de ilhavo, baptismos, 1887, fls. 120-120v. Size:73 limit: 64
Near lines: 842 
Near line: 843          n$maria/f/id=b1887.324-per1

876: bap$b1887.325

WARNING: b1887_4.cli line 875 Element value exceeds database field length: fol=adavr, freguesia de s. salvador de ilhavo, baptismos, 1887, fls. 120v-121. Size:73 limit: 64
Near lines: 875 
Near line: 876          n$maria/f/id=b1887.325-per1

911: bap$b1887.326

WARNING: b1887_4.cli line 910 Element value exceeds database field length: fol=adavr, freguesia de s. salvador de ilhavo, baptismos, 1887, fl. 121. Size:67 limit: 64
Near lines: 910 
Near line: 911          n$maria/f/id=b1887-326.maria

950: bap$b1887.327

WARNING: b1887_4.cli line 949 Element value exceeds database field length: fol=adavr, freguesia de s. salvador de ilhavo, baptismos, 1887, fls. 121-121v. Size:73 limit: 64
Near lines: 949 
Near line: 950          n$jose/m/id=b1887-327.jose

990: bap$b1887.328

WARNING: b1887_4.cli line 989 Element value exceeds database field length: fol=adavr, freguesia de s. salvador de ilhavo, baptismos, 1887, fl. 121v. Size:68 limit: 64
Near lines: 989 
Near line: 990          n$joao/m/id=b1887.328-per1

1022: bap$b1887.329

WARNING: b1887_4.cli line 1021 Element value exceeds database field length: fol=adavr, freguesia de s. salvador de ilhavo, baptismos, 1887, fls. 121v-122. Size:73 limit: 64
Near lines: 1021 
Near line: 1022          n$armando/m/id=b1887-329.armando

1063: bap$b1887.330

WARNING: b1887_4.cli line 1062 Element value exceeds database field length: fol=adavr, freguesia de s. salvador de ilhavo, baptismos, 1887, fls. 122-122v. Size:73 limit: 64
Near lines: 1062 
Near line: 1063          n$manuel/m/id=b1887-330.manuel

1100: bap$b1887.331

WARNING: b1887_4.cli line 1099 Element value exceeds database field length: fol=adavr, freguesia de s. salvador de ilhavo, baptismos, 1887, fl. 122v. Size:68 limit: 64
Near lines: 1099 
Near line: 1100          n$henrique/m/id=b1887-331.henrique

1139: bap$b1887.332

WARNING: b1887_4.cli line 1138 Element value exceeds database field length: fol=adavr, freguesia de s. salvador de ilhavo, baptismos, 1887, fls. 122v-123. Size:73 limit: 64
Near lines: 1138 
Near line: 1139          n$joao/m/id=b1887.332-per1

1172: bap$b1887.333

WARNING: b1887_4.cli line 1171 Element value exceeds database field length: fol=adavr, freguesia de s. salvador de ilhavo, baptismos, 1887, fls. 123-123v. Size:73 limit: 64
Near lines: 1171 
Near line: 1172          n$antonio/m/id=b1887-333.antonio

1207: bap$b1887.334

WARNING: b1887_4.cli line 1206 Element value exceeds database field length: fol=adavr, freguesia de s. salvador de ilhavo, baptismos, 1887, fl. 123v. Size:68 limit: 64
Near lines: 1206 
Near line: 1207          n$esau/m/id=b1887-334.esau

1249: bap$b1887.335

WARNING: b1887_4.cli line 1248 Element value exceeds database field length: fol=adavr, freguesia de s. salvador de ilhavo, baptismos, 1887, fl. 124. Size:67 limit: 64
Near lines: 1248 
Near line: 1249          n$jose/m/id=b1887.335-per1

1283: bap$b1887.336

WARNING: b1887_4.cli line 1282 Element value exceeds database field length: fol=adavr, freguesia de s. salvador de ilhavo, baptismos, 1887, fls. 124-124v. Size:73 limit: 64
Near lines: 1282 
Near line: 1283          n$rosa/f/id=b1887-336.rosa

1316: bap$b1887.337

WARNING: b1887_4.cli line 1315 Element value exceeds database field length: fol=adavr, freguesia de s. salvador de ilhavo, baptismos, 1887, fl. 124v. Size:68 limit: 64
Near lines: 1315 
Near line: 1316          n$francisco/m/id=b1887.337-per1

1348: bap$b1887.338

WARNING: b1887_4.cli line 1347 Element value exceeds database field length: fol=adavr, freguesia de s. salvador de ilhavo, baptismos, 1887, fls. 124v-125. Size:73 limit: 64
Near lines: 1347 
Near line: 1348          n$maria/f/id=b1887-338.maria

1386: bap$b1887.339

WARNING: b1887_4.cli line 1385 Element value exceeds database field length: fol=adavr, freguesia de s. salvador de ilhavo, baptismos, 1887, fls. 125-125v. Size:73 limit: 64
Near lines: 1385 
Near line: 1386          n$nazare/f/id=b1887-339.nazare

1419: bap$b1887.340

WARNING: b1887_4.cli line 1418 Element value exceeds database field length: fol=adavr, freguesia de s. salvador de ilhavo, baptismos, 1887, fl. 125v. Size:68 limit: 64
Near lines: 1418 
Near line: 1419          n$maria/f/id=b1887.340-per1

1451: bap$b1887.341

WARNING: b1887_4.cli line 1450 Element value exceeds database field length: fol=adavr, freguesia de s. salvador de ilhavo, baptismos, 1887, fls. 125v-126. Size:73 limit: 64
Near lines: 1450 
Near line: 1451          n$daniel/m/id=b1887-341.daniel

1490: bap$b1887.342

WARNING: b1887_4.cli line 1489 Element value exceeds database field length: fol=adavr, freguesia de s. salvador de ilhavo, baptismos, 1887, fls. 126-126v. Size:73 limit: 64
Near lines: 1489 
Near line: 1490          n$carlos/m/id=b1887.342-per1

1522: bap$b1887.343

WARNING: b1887_4.cli line 1521 Element value exceeds database field length: fol=adavr, freguesia de s. salvador de ilhavo, baptismos, 1887, fl. 126v. Size:68 limit: 64
Near lines: 1521 
Near line: 1522          n$jose/m/id=b1887.343-per1

1554: bap$b1887.344

WARNING: b1887_4.cli line 1553 Element value exceeds database field length: fol=adavr, freguesia de s. salvador de ilhavo, baptismos, 1887, fls. 126v-127. Size:73 limit: 64
Near lines: 1553 
Near line: 1554          n$manuel/m/id=b1887-344.manuel

1594: bap$b1887.345

WARNING: b1887_4.cli line 1593 Element value exceeds database field length: fol=adavr, freguesia de s. salvador de ilhavo, baptismos, 1887, fls. 127-127v. Size:73 limit: 64
Near lines: 1593 
Near line: 1594          n$francisco/m/id=b1887.345-per1

1627: bap$b1887.346

WARNING: b1887_4.cli line 1626 Element value exceeds database field length: fol=adavr, freguesia de s. salvador de ilhavo, baptismos, 1887, fl. 127v. Size:68 limit: 64
Near lines: 1626 
Near line: 1627          n$manuel/m/id=b1887-346.manuel

1666: bap$b1887.347

WARNING: b1887_4.cli line 1665 Element value exceeds database field length: fol=adavr, freguesia de s. salvador de ilhavo, baptismos, 1887, fls. 127v-128. Size:73 limit: 64
Near lines: 1665 
Near line: 1666          n$antonio/m/id=b1887-347.antonio

1704: bap$b1887.348

WARNING: b1887_4.cli line 1703 Element value exceeds database field length: fol=adavr, freguesia de s. salvador de ilhavo, baptismos, 1887, fls. 128-128v. Size:73 limit: 64
Near lines: 1703 
Near line: 1704          n$clotilde/f/id=b1887-348.clotilde

1739: bap$b1887.349

WARNING: b1887_4.cli line 1738 Element value exceeds database field length: fol=adavr, freguesia de s. salvador de ilhavo, baptismos, 1887, fls. 128v-129. Size:73 limit: 64
Near lines: 1738 
Near line: 1739          n$rosa/f/id=b1887-349.rosa

1780: bap$b1887.350

WARNING: b1887_4.cli line 1779 Element value exceeds database field length: fol=adavr, freguesia de s. salvador de ilhavo, baptismos, 1887, fl. 129. Size:67 limit: 64
Near lines: 1779 
Near line: 1780          n$herminia/f/id=b1887-350.herminia

1819: bap$b1887.351

WARNING: b1887_4.cli line 1818 Element value exceeds database field length: fol=adavr, freguesia de s. salvador de ilhavo, baptismos, 1887, fls. 129-129v. Size:73 limit: 64
Near lines: 1818 
Near line: 1819          n$lourenco/m/id=b1887.351-per1

1851: bap$b1887.352

WARNING: b1887_4.cli line 1850 Element value exceeds database field length: fol=adavr, freguesia de s. salvador de ilhavo, baptismos, 1887, fls. 129v-130. Size:73 limit: 64
Near lines: 1850 
Near line: 1851          n$francisco/m/id=b1887.352-per1

1882: bap$b1887.353

WARNING: b1887_4.cli line 1881 Element value exceeds database field length: fol=adavr, freguesia de s. salvador de ilhavo, baptismos, 1887, fl. 130. Size:67 limit: 64
Near lines: 1881 
Near line: 1882          n$jose/m/id=b1887-353.jose

1921: bap$b1887.354

WARNING: b1887_4.cli line 1920 Element value exceeds database field length: fol=adavr, freguesia de s. salvador de ilhavo, baptismos, 1887, fls. 130-130v. Size:73 limit: 64
Near lines: 1920 
Near line: 1921          n$joao/m/id=b1887-354.joao

1959: bap$b1887.355

WARNING: b1887_4.cli line 1958 Element value exceeds database field length: fol=adavr, freguesia de s. salvador de ilhavo, baptismos, 1887, fls. 130v-131. Size:73 limit: 64
Near lines: 1958 
Near line: 1959          n$julia/f/id=b1887.355-per1

1991: bap$b1887.356

WARNING: b1887_4.cli line 1990 Element value exceeds database field length: fol=adavr, freguesia de s. salvador de ilhavo, baptismos, 1887, fl. 131. Size:67 limit: 64
Near lines: 1990 
Near line: 1991          n$rosa/f/id=b1887-356.rosa

2030: bap$b1887.357

WARNING: b1887_4.cli line 2029 Element value exceeds database field length: fol=adavr, freguesia de s. salvador de ilhavo, baptismos, 1887, fls. 131-131v. Size:73 limit: 64
Near lines: 2029 
Near line: 2030          n$manuel/m/id=b1887-357.manuel

2065: bap$b1887.358

WARNING: b1887_4.cli line 2064 Element value exceeds database field length: fol=adavr, freguesia de s. salvador de ilhavo, baptismos, 1887, fls. 131v-132. Size:73 limit: 64
Near lines: 2064 
Near line: 2065          n$beatriz/f/id=b1887.358-per1

2099: bap$b1887.359

WARNING: b1887_4.cli line 2098 Element value exceeds database field length: fol=adavr, freguesia de s. salvador de ilhavo, baptismos, 1887, fls. 132-132v. Size:73 limit: 64
Near lines: 2098 
Near line: 2099          n$libania/f/id=b1887.359-per1

2134: bap$b1887.360

WARNING: b1887_4.cli line 2133 Element value exceeds database field length: fol=adavr, freguesia de s. salvador de ilhavo, baptismos, 1887, fls. 132v-133. Size:73 limit: 64
Near lines: 2133 
Near line: 2134          n$antonia/f/id=b1887-360.antonia

2169: bap$b1887.361

WARNING: b1887_4.cli line 2168 Element value exceeds database field length: fol=adavr, freguesia de s. salvador de ilhavo, baptismos, 1887, fl. 133. Size:67 limit: 64
Near lines: 2168 
Near line: 2169          n$joaquim/m/id=b1887.361-per1

2204: bap$b1887.362

WARNING: b1887_4.cli line 2203 Element value exceeds database field length: fol=adavr, freguesia de s. salvador de ilhavo, baptismos, 1887, fl. 133v. Size:68 limit: 64
Near lines: 2203 
Near line: 2204          n$joana/f/id=b1887.362-per1

2240: bap$b1887.363

WARNING: b1887_4.cli line 2239 Element value exceeds database field length: fol=adavr, freguesia de s. salvador de ilhavo, baptismos, 1887, fls. 133v-134. Size:73 limit: 64
Near lines: 2239 
Near line: 2240          n$maria/f/id=b1887.363-per1

2272: bap$b1887.364

WARNING: b1887_4.cli line 2271 Element value exceeds database field length: fol=adavr, freguesia de s. salvador de ilhavo, baptismos, 1887, fls. 134-134v. Size:73 limit: 64
Near lines: 2271 
Near line: 2272          n$antonio/m/id=b1887-364.antonio

2307: bap$b1887.365

WARNING: b1887_4.cli line 2306 Element value exceeds database field length: fol=adavr, freguesia de s. salvador de ilhavo, baptismos, 1887, fl. 134v. Size:68 limit: 64
Near lines: 2306 
Near line: 2307          n$joao/m/id=b1887.365-per1

2341: bap$b1887.366

WARNING: b1887_4.cli line 2340 Element value exceeds database field length: fol=adavr, freguesia de s. salvador de ilhavo, baptismos, 1887, fls. 134v-135. Size:73 limit: 64
Near lines: 2340 
Near line: 2341          n$manuel/m/id=b1887.366-per1

2373: bap$b1887.367

WARNING: b1887_4.cli line 2372 Element value exceeds database field length: fol=adavr, freguesia de s. salvador de ilhavo, baptismos, 1887, fls. 135-135v. Size:73 limit: 64
Near lines: 2372 
Near line: 2373          n$maria/f/id=b1887-367.maria

2414: bap$b1887.368

WARNING: b1887_4.cli line 2413 Element value exceeds database field length: fol=adavr, freguesia de s. salvador de ilhavo, baptismos, 1887, fl. 135v. Size:68 limit: 64
Near lines: 2413 
Near line: 2414          n$aquiles/m/id=b1887-368.aquiles

2454: bap$b1887.369

WARNING: b1887_4.cli line 2453 Element value exceeds database field length: fol=adavr, freguesia de s. salvador de ilhavo, baptismos, 1887, fls. 135v-136. Size:73 limit: 64
Near lines: 2453 
Near line: 2454          n$joaquim/m/id=b1887-369.joaquim

2497: bap$b1887.370

WARNING: b1887_4.cli line 2496 Element value exceeds database field length: fol=adavr, freguesia de s. salvador de ilhavo, baptismos, 1887, fls. 136-136v. Size:73 limit: 64
Near lines: 2496 
Near line: 2497          n$manuel/m/id=b1887-370.manuel

2531: bap$b1887.371

WARNING: b1887_4.cli line 2530 Element value exceeds database field length: fol=adavr, freguesia de s. salvador de ilhavo, baptismos, 1887, fls. 136v-137. Size:73 limit: 64
Near lines: 2530 
Near line: 2531          n$manuel/m/id=b1887-371.manuel

2569: bap$b1887.372

WARNING: b1887_4.cli line 2568 Element value exceeds database field length: fol=adavr, freguesia de s. salvador de ilhavo, baptismos, 1887, fl. 137. Size:67 limit: 64
Near lines: 2568 
Near line: 2569          n$manuel/m/id=b1887.372-per1

2601: bap$b1887.373

WARNING: b1887_4.cli line 2600 Element value exceeds database field length: fol=adavr, freguesia de s. salvador de ilhavo, baptismos, 1887, fls. 137-137v. Size:73 limit: 64
Near lines: 2600 
Near line: 2601          n$jose/m/id=b1887.373-per1

2633: bap$b1887.374

WARNING: b1887_4.cli line 2632 Element value exceeds database field length: fol=adavr, freguesia de s. salvador de ilhavo, baptismos, 1887, fls. 137v-138. Size:73 limit: 64
Near lines: 2632 
Near line: 2633          n$rosalina/f/id=b1887-374.rosalina

2666: bap$b1887.375

WARNING: b1887_4.cli line 2665 Element value exceeds database field length: fol=adavr, freguesia de s. salvador de ilhavo, baptismos, 1887, fl. 138. Size:67 limit: 64
Near lines: 2665 
Near line: 2666          n$jose/m/id=b1887-375.jose

2706: bap$b1887.376

WARNING: b1887_4.cli line 2705 Element value exceeds database field length: fol=adavr, freguesia de s. salvador de ilhavo, baptismos, 1887, fls. 138-138v. Size:73 limit: 64
Near lines: 2705 
Near line: 2706          n$antonio/m/id=b1887-376.antonio

2744: bap$b1887.377

WARNING: b1887_4.cli line 2743 Element value exceeds database field length: fol=adavr, freguesia de s. salvador de ilhavo, baptismos, 1887, fls. 138v-139. Size:73 limit: 64
Near lines: 2743 
Near line: 2744          n$manuel/m/id=b1887.377-per1

2778: bap$b1887.378

WARNING: b1887_4.cli line 2777 Element value exceeds database field length: fol=adavr, freguesia de s. salvador de ilhavo, baptismos, 1887, fls. 139-139v. Size:73 limit: 64
Near lines: 2777 
Near line: 2778          n$adelaide/f/id=b1887-378.adelaide

2817: bap$b1887.379

WARNING: b1887_4.cli line 2816 Element value exceeds database field length: fol=adavr, freguesia de s. salvador de ilhavo, baptismos, 1887, fl. 139v. Size:68 limit: 64
Near lines: 2816 
Near line: 2817          n$manuel/m/id=b1887.379-per1

2851: bap$b1887.380

WARNING: b1887_4.cli line 2850 Element value exceeds database field length: fol=adavr, freguesia de s. salvador de ilhavo, baptismos, 1887, fls. 139v-140. Size:73 limit: 64
Near lines: 2850 
Near line: 2851          n$manuel/m/id=b1887-380.manuel

2890: bap$b1887.381

WARNING: b1887_4.cli line 2889 Element value exceeds database field length: fol=adavr, freguesia de s. salvador de ilhavo, baptismos, 1887, fls. 140-140v. Size:73 limit: 64
Near lines: 2889 
Near line: 2890          n$maria/f/id=b1887.381-per1

2926: bap$b1887.382

WARNING: b1887_4.cli line 2925 Element value exceeds database field length: fol=adavr, freguesia de s. salvador de ilhavo, baptismos, 1887, fls. 140v-141. Size:73 limit: 64
Near lines: 2925 
Near line: 2926          n$luis/f/id=b1887.382-per1

2958: bap$b1887.383

WARNING: b1887_4.cli line 2957 Element value exceeds database field length: fol=adavr, freguesia de s. salvador de ilhavo, baptismos, 1887, fl. 141. Size:67 limit: 64
Near lines: 2957 
Near line: 2958          n$deolinda/f/id=b1887.383-per1

2994: bap$b1887.384

WARNING: b1887_4.cli line 2993 Element value exceeds database field length: fol=adavr, freguesia de s. salvador de ilhavo, baptismos, 1887, fls. 141-141v. Size:73 limit: 64
Near lines: 2993 
Near line: 2994          n$cipriano/m/id=b1887-384.cipriano

3034: bap$b1887.385

WARNING: b1887_4.cli line 3033 Element value exceeds database field length: fol=adavr, freguesia de s. salvador de ilhavo, baptismos, 1887, fls. 141v-142. Size:73 limit: 64
Near lines: 3033 
Near line: 3034          n$servulo/m/obs=duvida no nome proprio/id=b1887-385.ser

3075: bap$b1887.386

WARNING: b1887_4.cli line 3074 Element value exceeds database field length: fol=adavr, freguesia de s. salvador de ilhavo, baptismos, 1887, fls. 142-142v. Size:73 limit: 64
Near lines: 3074 
Near line: 3075          n$maria/f/id=b1887.386-per1

3108: bap$b1887.387

WARNING: b1887_4.cli line 3107 Element value exceeds database field length: fol=adavr, freguesia de s. salvador de ilhavo, baptismos, 1887, fl. 142v. Size:68 limit: 64
Near lines: 3107 
Near line: 3108          n$carlos/m/id=b1887.387-per1

3142: bap$b1887.388

WARNING: b1887_4.cli line 3141 Element value exceeds database field length: fol=adavr, freguesia de s. salvador de ilhavo, baptismos, 1887, fls. 142v-143. Size:73 limit: 64
Near lines: 3141 
Near line: 3142          n$maria/f/id=b1887-388.maria

3181: bap$b1887.389

WARNING: b1887_4.cli line 3180 Element value exceeds database field length: fol=adavr, freguesia de s. salvador de ilhavo, baptismos, 1887, fls. 143-143v. Size:73 limit: 64
Near lines: 3180 
Near line: 3181          n$joana rosa/f/id=b1887-389.joana

*** End of File
** Processed file- /Users/jrc/develop/mhk-git/clio/tests/kleio-home/sources/api_tests/testes/sources/ilhavo/batismos/b1887_4.cli
** Original file- /Users/jrc/develop/mhk-git/clio/tests/kleio-home/sources/api_tests/testes/sources/ilhavo/batismos/b1887_4.org
** Previous version- /Users/jrc/develop/mhk-git/clio/tests/kleio-home/sources/api_tests/testes/sources/ilhavo/batismos/b1887_4.old
** Temp file with ids- /Users/jrc/develop/mhk-git/clio/tests/kleio-home/sources/api_tests/testes/sources/ilhavo/batismos/b1887_4.ids
0  errors. 
90  warnings.
Translation finished.
