ClioInput - version @@VERSION@@ - build @@BUILD@@ @@DATE@@
3-7-2019 9-35

Processing data file b1892_2.cli
-------------------------------------------
Generic Act translation module with geoentities (XML).
     Joaquim Ramos de Carvalho (joaquim@uc.pt) 
** New document: kleio
=========================
kleio translation started
=========================
Structure: gacto2.str
Prefix: 
Autorel: 
Translation count: 3
Obs: 
** Processing source fonte$bap1892_2

WARNING: b1892_2.cli line 3 Element value exceeds database field length: loc=adavr,freguesia de s. salvador de ilhavo, baptismos, livro 68, 1892. Size:67 limit: 64
Near lines: 3 
Near line: 4       bap$b1892.101/20/03/1892/adavr, freguesia de s. salvador de ilhavo, baptismos, 1892, fl. 32v/igreja paroquial de s. salvador de ilhavo/prior manuel branco de lemos assina

6: bap$b1892.101

WARNING: b1892_2.cli line 5 Element value exceeds database field length: fol=adavr, freguesia de s. salvador de ilhavo, baptismos, 1892, fl. 32v. Size:67 limit: 64
Near lines: 5 
Near line: 6          n$rosa/f/id=b1892-101.rosa

46: bap$b1892.102

WARNING: b1892_2.cli line 45 Element value exceeds database field length: fol=adavr, freguesia de s. salvador de ilhavo, baptismos, 1892, fls. 32v-33. Size:71 limit: 64
Near lines: 45 
Near line: 46          n$antonio/m/id=b1892.102-per1

78: bap$b1892.103

WARNING: b1892_2.cli line 77 Element value exceeds database field length: fol=adavr, freguesia de s. salvador de ilhavo, baptismos, 1892, fl. 33. Size:66 limit: 64
Near lines: 77 
Near line: 78          n$rosa/f/id=b1892-103.rosa

117: bap$b1892.104

WARNING: b1892_2.cli line 116 Element value exceeds database field length: fol=adavr, freguesia de s. salvador de ilhavo, baptismos, 1892, fls. 33-33v. Size:71 limit: 64
Near lines: 116 
Near line: 117          n$manuel/m/id=b1892-104.manuel

156: bap$b1892.105

WARNING: b1892_2.cli line 155 Element value exceeds database field length: fol=adavr, freguesia de s. salvador de ilhavo, baptismos, 1892, fl. 33v. Size:67 limit: 64
Near lines: 155 
Near line: 156          n$joao/m/id=b1892-105.joao

193: bap$b1892.106

WARNING: b1892_2.cli line 192 Element value exceeds database field length: fol=adavr, freguesia de s. salvador de ilhavo, baptismos, 1892, fl. 34. Size:66 limit: 64
Near lines: 192 
Near line: 193          n$antonio/m/id=b1892.106-per1

228: bap$b1892.107

WARNING: b1892_2.cli line 227 Element value exceeds database field length: fol=adavr, freguesia de s. salvador de ilhavo, baptismos, 1892, fls. 34-34v. Size:71 limit: 64
Near lines: 227 
Near line: 228          n$maria/f/id=b1892-107.maria

265: bap$b1892.108

WARNING: b1892_2.cli line 264 Element value exceeds database field length: fol=adavr, freguesia de s. salvador de ilhavo, baptismos, 1892, fl. 34v. Size:67 limit: 64
Near lines: 264 
Near line: 265          n$rita/f/id=b1892.108-per1

297: bap$b1892.109

WARNING: b1892_2.cli line 296 Element value exceeds database field length: fol=adavr, freguesia de s. salvador de ilhavo, baptismos, 1892, fls. 34v-35. Size:71 limit: 64
Near lines: 296 
Near line: 297          n$joaquim/m/id=b1892-109.joaquim

337: bap$b1892.110

WARNING: b1892_2.cli line 336 Element value exceeds database field length: fol=adavr, freguesia de s. salvador de ilhavo, baptismos, 1892, fl. 35. Size:66 limit: 64
Near lines: 336 
Near line: 337          n$maria/f/id=b1892.110-per1

369: bap$b1892.111

WARNING: b1892_2.cli line 368 Element value exceeds database field length: fol=adavr, freguesia de s. salvador de ilhavo, baptismos, 1892, fls. 35-35v. Size:71 limit: 64
Near lines: 368 
Near line: 369          n$maria/f/id=b1892-111.maria

409: bap$b1892.112

WARNING: b1892_2.cli line 408 Element value exceeds database field length: fol=adavr, freguesia de s. salvador de ilhavo, baptismos, 1892, fls. 35v-36. Size:71 limit: 64
Near lines: 408 
Near line: 409          n$ausenda/f/id=b1892.112-per1

441: bap$b1892.113

WARNING: b1892_2.cli line 440 Element value exceeds database field length: fol=adavr, freguesia de s. salvador de ilhavo, baptismos, 1892, fl. 36. Size:66 limit: 64
Near lines: 440 
Near line: 441          n$elvira/f/id=b1892.113-per1

475: bap$b1892.114

WARNING: b1892_2.cli line 474 Element value exceeds database field length: fol=adavr, freguesia de s. salvador de ilhavo, baptismos, 1892, fls. 36-36v. Size:71 limit: 64
Near lines: 474 
Near line: 475          n$jose/m/id=b1892-114.jose

514: bap$b1892.115

WARNING: b1892_2.cli line 513 Element value exceeds database field length: fol=adavr, freguesia de s. salvador de ilhavo, baptismos, 1892, fl. 36v. Size:67 limit: 64
Near lines: 513 
Near line: 514          n$samuel/m/id=b1892.115-per1

546: bap$b1892.116

WARNING: b1892_2.cli line 545 Element value exceeds database field length: fol=adavr, freguesia de s. salvador de ilhavo, baptismos, 1892, fls. 36v-37. Size:71 limit: 64
Near lines: 545 
Near line: 546          n$manuel/m/id=b1892.116-per1

579: bap$b1892.117

WARNING: b1892_2.cli line 578 Element value exceeds database field length: fol=adavr, freguesia de s. salvador de ilhavo, baptismos, 1892, fls. 37-37v. Size:71 limit: 64
Near lines: 578 
Near line: 579          n$ausenda/f/id=b1892.117-per1

613: bap$b1892.118

WARNING: b1892_2.cli line 612 Element value exceeds database field length: fol=adavr, freguesia de s. salvador de ilhavo, baptismos, 1892, fl. 37v. Size:67 limit: 64
Near lines: 612 
Near line: 613          n$zulmira/f/id=b1892.118-per1

648: bap$b1892.119

WARNING: b1892_2.cli line 647 Element value exceeds database field length: fol=adavr, freguesia de s. salvador de ilhavo, baptismos, 1892, fls. 37v-38. Size:71 limit: 64
Near lines: 647 
Near line: 648          n$maria/f/id=b1892.119-per1

680: bap$b1892.120

WARNING: b1892_2.cli line 679 Element value exceeds database field length: fol=adavr, freguesia de s. salvador de ilhavo, baptismos, 1892, fl. 38. Size:66 limit: 64
Near lines: 679 
Near line: 680          n$jose/m/id=b1892.120-per1

713: bap$b1892.121

WARNING: b1892_2.cli line 712 Element value exceeds database field length: fol=adavr, freguesia de s. salvador de ilhavo, baptismos, 1892, fls. 38-38v. Size:71 limit: 64
Near lines: 712 
Near line: 713          n$custodia/f/id=b1892-121.custodia

745: bap$b1892.122

WARNING: b1892_2.cli line 744 Element value exceeds database field length: fol=adavr, freguesia de s. salvador de ilhavo, baptismos, 1892, fls. 38v-39. Size:71 limit: 64
Near lines: 744 
Near line: 745          n$rosa/f/id=b1892-122.rosa

785: bap$b1892.123

WARNING: b1892_2.cli line 784 Element value exceeds database field length: fol=adavr, freguesia de s. salvador de ilhavo, baptismos, 1892, fl. 39. Size:66 limit: 64
Near lines: 784 
Near line: 785          n$antonio/m/id=b1892.123-per1

817: bap$b1892.124

WARNING: b1892_2.cli line 816 Element value exceeds database field length: fol=adavr, freguesia de s. salvador de ilhavo, baptismos, 1892, fls. 39-39v. Size:71 limit: 64
Near lines: 816 
Near line: 817          n$candida/f/id=b1892.124-per1

849: bap$b1892.125

WARNING: b1892_2.cli line 848 Element value exceeds database field length: fol=adavr, freguesia de s. salvador de ilhavo, baptismos, 1892, fl. 39v. Size:67 limit: 64
Near lines: 848 
Near line: 849          n$joao/m/id=b1892.125-per1

881: bap$b1892.126

WARNING: b1892_2.cli line 880 Element value exceeds database field length: fol=adavr, freguesia de s. salvador de ilhavo, baptismos, 1892, fls. 39v-40. Size:71 limit: 64
Near lines: 880 
Near line: 881          n$maria/f/id=b1892.126-per1

913: bap$b1892.127

WARNING: b1892_2.cli line 912 Element value exceeds database field length: fol=adavr, freguesia de s. salvador de ilhavo, baptismos, 1892, fls. 40-40v. Size:71 limit: 64
Near lines: 912 
Near line: 913          n$clara/f/id=b1892.127-per1

945: bap$b1892.128

WARNING: b1892_2.cli line 944 Element value exceeds database field length: fol=adavr, freguesia de s. salvador de ilhavo, baptismos, 1892, fl. 40v. Size:67 limit: 64
Near lines: 944 
Near line: 945          n$amancio/m/id=b1892.128-per1

979: bap$b1892.129

WARNING: b1892_2.cli line 978 Element value exceeds database field length: fol=adavr, freguesia de s. salvador de ilhavo, baptismos, 1892, fls. 40v-41. Size:71 limit: 64
Near lines: 978 
Near line: 979          n$joao/m/id=b1892.129-per1

1013: bap$b1892.130

WARNING: b1892_2.cli line 1012 Element value exceeds database field length: fol=adavr, freguesia de s. salvador de ilhavo, baptismos, 1892, fl. 41. Size:66 limit: 64
Near lines: 1012 
Near line: 1013          n$manuel/m/id=b1892.130-per1

1046: bap$b1892.131

WARNING: b1892_2.cli line 1045 Element value exceeds database field length: fol=adavr, freguesia de s. salvador de ilhavo, baptismos, 1892, fls. 41-41v. Size:71 limit: 64
Near lines: 1045 
Near line: 1046          n$amadeu/m/id=b1892-131.amadeu

1084: bap$b1892.132

WARNING: b1892_2.cli line 1083 Element value exceeds database field length: fol=adavr, freguesia de s. salvador de ilhavo, baptismos, 1892, fls. 41v-42. Size:71 limit: 64
Near lines: 1083 
Near line: 1084          n$manuel/m/id=b1892-132.manuel

1123: bap$b1892.133

WARNING: b1892_2.cli line 1122 Element value exceeds database field length: fol=adavr, freguesia de s. salvador de ilhavo, baptismos, 1892, fl. 42. Size:66 limit: 64
Near lines: 1122 
Near line: 1123          n$rosa/f/id=b1892.133-per1

1157: bap$b1892.134

WARNING: b1892_2.cli line 1156 Element value exceeds database field length: fol=adavr, freguesia de s. salvador de ilhavo, baptismos, 1892, fls. 42-42v. Size:71 limit: 64
Near lines: 1156 
Near line: 1157          n$ascencao/f/id=b1892-134.ascencao

1196: bap$b1892.135

WARNING: b1892_2.cli line 1195 Element value exceeds database field length: fol=adavr, freguesia de s. salvador de ilhavo, baptismos, 1892, fl. 42v. Size:67 limit: 64
Near lines: 1195 
Near line: 1196          n$manuel/m/id=b1892-135.manuel

1235: bap$b1892.136

WARNING: b1892_2.cli line 1234 Element value exceeds database field length: fol=adavr, freguesia de s. salvador de ilhavo, baptismos, 1892, fls. 42v-43. Size:71 limit: 64
Near lines: 1234 
Near line: 1235          n$jose/m/id=b1892.136-per1

1267: bap$b1892.137

WARNING: b1892_2.cli line 1266 Element value exceeds database field length: fol=adavr, freguesia de s. salvador de ilhavo, baptismos, 1892, fl. 43. Size:66 limit: 64
Near lines: 1266 
Near line: 1267          n$julia/f/id=b1892-137.julia

1306: bap$b1892.138

WARNING: b1892_2.cli line 1305 Element value exceeds database field length: fol=adavr, freguesia de s. salvador de ilhavo, baptismos, 1892, fl. 43v. Size:67 limit: 64
Near lines: 1305 
Near line: 1306          n$arminda/f/id=b1892-138.arminda

1344: bap$b1892.139

WARNING: b1892_2.cli line 1343 Element value exceeds database field length: fol=adavr, freguesia de s. salvador de ilhavo, baptismos, 1892, fls. 43v-44. Size:71 limit: 64
Near lines: 1343 
Near line: 1344          n$joaquim/m/id=b1892-139.joaquim

1383: bap$b1892.140

WARNING: b1892_2.cli line 1382 Element value exceeds database field length: fol=adavr, freguesia de s. salvador de ilhavo, baptismos, 1892, fl. 44. Size:66 limit: 64
Near lines: 1382 
Near line: 1383          n$julia/f/id=b1892.140-per1

1417: bap$b1892.141

WARNING: b1892_2.cli line 1416 Element value exceeds database field length: fol=adavr, freguesia de s. salvador de ilhavo, baptismos, 1892, fls. 44-44v. Size:71 limit: 64
Near lines: 1416 
Near line: 1417          n$maria/f/id=b1892.141-per1

1451: bap$b1892.142

WARNING: b1892_2.cli line 1450 Element value exceeds database field length: fol=adavr, freguesia de s. salvador de ilhavo, baptismos, 1892, fl. 44v. Size:67 limit: 64
Near lines: 1450 
Near line: 1451          n$maria/f/id=b1892-142.maria

1491: bap$b1892.143

WARNING: b1892_2.cli line 1490 Element value exceeds database field length: fol=adavr, freguesia de s. salvador de ilhavo, baptismos, 1892, fl. 44v-45. Size:70 limit: 64
Near lines: 1490 
Near line: 1491          n$francisco/m/id=b1892.143-per1

1524: bap$b1892.144

WARNING: b1892_2.cli line 1523 Element value exceeds database field length: fol=adavr, freguesia de s. salvador de ilhavo, baptismos, 1892, fl. 45. Size:66 limit: 64
Near lines: 1523 
Near line: 1524          n$manuel/m/id=b1892.144-per1

1556: bap$b1892.145

WARNING: b1892_2.cli line 1555 Element value exceeds database field length: fol=adavr, freguesia de s. salvador de ilhavo, baptismos, 1892, fls. 45-45v. Size:71 limit: 64
Near lines: 1555 
Near line: 1556          n$jeronimo/m/id=b1892-145.jeronimo

1595: bap$b1892.146

WARNING: b1892_2.cli line 1594 Element value exceeds database field length: fol=adavr, freguesia de s. salvador de ilhavo, baptismos, 1892, fls. 45v-46. Size:71 limit: 64
Near lines: 1594 
Near line: 1595          n$jose/m/id=b1892.146-per1

1627: bap$b1892.147

WARNING: b1892_2.cli line 1626 Element value exceeds database field length: fol=adavr, freguesia de s. salvador de ilhavo, baptismos, 1892, fl. 46. Size:66 limit: 64
Near lines: 1626 
Near line: 1627          n$maria/f/id=b1892.147-per1

1661: bap$b1892.148

WARNING: b1892_2.cli line 1660 Element value exceeds database field length: fol=adavr, freguesia de s. salvador de ilhavo, baptismos, 1892, fls. 46-46v. Size:71 limit: 64
Near lines: 1660 
Near line: 1661          n$maria/f/id=b1892.148-per1

1693: bap$b1892.149

WARNING: b1892_2.cli line 1692 Element value exceeds database field length: fol=adavr, freguesia de s. salvador de ilhavo, baptismos, 1892, fl. 46v. Size:67 limit: 64
Near lines: 1692 
Near line: 1693          n$domingos/m/id=b1892.149-per1

1725: bap$b1892.150

WARNING: b1892_2.cli line 1724 Element value exceeds database field length: fol=adavr, freguesia de s. salvador de ilhavo, baptismos, 1892, fls. 46v-47. Size:71 limit: 64
Near lines: 1724 
Near line: 1725          n$joao/m/id=b1892-150.joao

1765: bap$b1892.151

WARNING: b1892_2.cli line 1764 Element value exceeds database field length: fol=adavr, freguesia de s. salvador de ilhavo, baptismos, 1892, fls. 47-47v. Size:71 limit: 64
Near lines: 1764 
Near line: 1765          n$julia/f/id=b1892.151-per1

1799: bap$b1892.152

WARNING: b1892_2.cli line 1798 Element value exceeds database field length: fol=adavr, freguesia de s. salvador de ilhavo, baptismos, 1892, fl. 47v. Size:67 limit: 64
Near lines: 1798 
Near line: 1799          n$carlos/m/id=b1892.152-per1

1834: bap$b1892.153

WARNING: b1892_2.cli line 1833 Element value exceeds database field length: fol=adavr, freguesia de s. salvador de ilhavo, baptismos, 1892, fls. 47v-48. Size:71 limit: 64
Near lines: 1833 
Near line: 1834          n$leda/f/obs=duvida no nome proprio/id=b1892.153-per1

1867: bap$b1892.154

WARNING: b1892_2.cli line 1866 Element value exceeds database field length: fol=adavr, freguesia de s. salvador de ilhavo, baptismos, 1892, fl. 48. Size:66 limit: 64
Near lines: 1866 
Near line: 1867          n$jose/m/id=b1892-154.jose

1912: bap$b1892.155

WARNING: b1892_2.cli line 1911 Element value exceeds database field length: fol=adavr, freguesia de s. salvador de ilhavo, baptismos, 1892, fls. 48-48v. Size:71 limit: 64
Near lines: 1911 
Near line: 1912          n$manuel/m/id=b1892.155-per1

1945: bap$b1892.156

WARNING: b1892_2.cli line 1944 Element value exceeds database field length: fol=adavr, freguesia de s. salvador de ilhavo, baptismos, 1892, fls. 48v-49. Size:71 limit: 64
Near lines: 1944 
Near line: 1945          n$maria/f/id=b1892-156.maria

1983: bap$b1892.157

WARNING: b1892_2.cli line 1982 Element value exceeds database field length: fol=adavr, freguesia de s. salvador de ilhavo, baptismos, 1892, fl. 49. Size:66 limit: 64
Near lines: 1982 
Near line: 1983          n$joaquim/m/id=b1892-157.quim

2024: bap$b1892.158

WARNING: b1892_2.cli line 2023 Element value exceeds database field length: fol=adavr, freguesia de s. salvador de ilhavo, baptismos, 1892, fls. 49-49v. Size:71 limit: 64
Near lines: 2023 
Near line: 2024          n$joao/m/id=b1892.158-per1

2057: bap$b1892.159

WARNING: b1892_2.cli line 2056 Element value exceeds database field length: fol=adavr, freguesia de s. salvador de ilhavo, baptismos, 1892, fl. 49v. Size:67 limit: 64
Near lines: 2056 
Near line: 2057          n$benjamim/m/id=b1892.159-per1

2089: bap$b1892.160

WARNING: b1892_2.cli line 2088 Element value exceeds database field length: fol=adavr, freguesia de s. salvador de ilhavo, baptismos, 1892, fls. 49v-50. Size:71 limit: 64
Near lines: 2088 
Near line: 2089          n$manuel/m/id=b1892-160.manuel

2128: bap$b1892.161

WARNING: b1892_2.cli line 2127 Element value exceeds database field length: fol=adavr, freguesia de s. salvador de ilhavo, baptismos, 1892, fl. 50. Size:66 limit: 64
Near lines: 2127 
Near line: 2128          n$manuel/m/id=b1892.161-per1

2161: bap$b1892.162

WARNING: b1892_2.cli line 2160 Element value exceeds database field length: fol=adavr, freguesia de s. salvador de ilhavo, baptismos, 1892, fl. 50v. Size:67 limit: 64
Near lines: 2160 
Near line: 2161          n$maria/f/id=b1892-162.maria

2201: bap$b1892.163

WARNING: b1892_2.cli line 2200 Element value exceeds database field length: fol=adavr, freguesia de s. salvador de ilhavo, baptismos, 1892, fls. 50v-51. Size:71 limit: 64
Near lines: 2200 
Near line: 2201          n$ana/f/id=b1892.163-per1

2233: bap$b1892.164

WARNING: b1892_2.cli line 2232 Element value exceeds database field length: fol=adavr, freguesia de s. salvador de ilhavo, baptismos, 1892, fl. 51. Size:66 limit: 64
Near lines: 2232 
Near line: 2233          n$maria/f/id=b1892.164-per1

2264: bap$b1892.165

WARNING: b1892_2.cli line 2263 Element value exceeds database field length: fol=adavr, freguesia de s. salvador de ilhavo, baptismos, 1892, fls. 51-51v. Size:71 limit: 64
Near lines: 2263 
Near line: 2264          n$deolinda/f/id=b1892.165-per1

2296: bap$b1892.166

WARNING: b1892_2.cli line 2295 Element value exceeds database field length: fol=adavr, freguesia de s. salvador de ilhavo, baptismos, 1892, fl. 51v. Size:67 limit: 64
Near lines: 2295 
Near line: 2296          n$antonio/m/id=b1892.166-per1

2331: bap$b1892.167

WARNING: b1892_2.cli line 2330 Element value exceeds database field length: fol=adavr, freguesia de s. salvador de ilhavo, baptismos, 1892, fls. 51v-52. Size:71 limit: 64
Near lines: 2330 
Near line: 2331          n$francisco/m/id=b1892-167.francisco

2373: bap$b1892.168

WARNING: b1892_2.cli line 2372 Element value exceeds database field length: fol=adavr, freguesia de s. salvador de ilhavo, baptismos, 1892, fls. 52-52v. Size:71 limit: 64
Near lines: 2372 
Near line: 2373          n$manuel/m/id=b1892.168-per1

2410: bap$b1892.169

WARNING: b1892_2.cli line 2409 Element value exceeds database field length: fol=adavr, freguesia de s. salvador de ilhavo, baptismos, 1892, fl. 52v. Size:67 limit: 64
Near lines: 2409 
Near line: 2410          n$maria/f/id=b1892-169.maria

2449: bap$b1892.170

WARNING: b1892_2.cli line 2448 Element value exceeds database field length: fol=adavr, freguesia de s. salvador de ilhavo, baptismos, 1892, fls. 52v-53. Size:71 limit: 64
Near lines: 2448 
Near line: 2449          n$maria/f/id=b1892-170.maria

2489: bap$b1892.171

WARNING: b1892_2.cli line 2488 Element value exceeds database field length: fol=adavr, freguesia de s. salvador de ilhavo, baptismos, 1892, fl. 53. Size:66 limit: 64
Near lines: 2488 
Near line: 2489          n$manuel/m/id=b1892-171.manuel

2528: bap$b1892.172

WARNING: b1892_2.cli line 2527 Element value exceeds database field length: fol=adavr, freguesia de s. salvador de ilhavo, baptismos, 1892, fls. 53-53v. Size:71 limit: 64
Near lines: 2527 
Near line: 2528          n$ausenda/f/id=b1892.172-per1

2562: bap$b1892.173

WARNING: b1892_2.cli line 2561 Element value exceeds database field length: fol=adavr, freguesia de s. salvador de ilhavo, baptismos, 1892, fls. 53v-54. Size:71 limit: 64
Near lines: 2561 
Near line: 2562          n$joaquim/m/id=b1892-173.joaquim

2602: bap$b1892.174

WARNING: b1892_2.cli line 2601 Element value exceeds database field length: fol=adavr, freguesia de s. salvador de ilhavo, baptismos, 1892, fl. 54. Size:66 limit: 64
Near lines: 2601 
Near line: 2602          n$maria/f/id=b1892-174.maria

2641: bap$b1892.175

WARNING: b1892_2.cli line 2640 Element value exceeds database field length: fol=adavr, freguesia de s. salvador de ilhavo, baptismos, 1892, fls. 54-54v. Size:71 limit: 64
Near lines: 2640 
Near line: 2641          n$conceicao/f/id=b1892-175.conceicao

2682: bap$b1892.176

WARNING: b1892_2.cli line 2681 Element value exceeds database field length: fol=adavr, freguesia de s. salvador de ilhavo, baptismos, 1892, fls. 54v-55. Size:71 limit: 64
Near lines: 2681 
Near line: 2682          n$jose/m/id=b1892.176-per1

2716: bap$b1892.177

WARNING: b1892_2.cli line 2715 Element value exceeds database field length: fol=adavr, freguesia de s. salvador de ilhavo, baptismos, 1892, fl. 55. Size:66 limit: 64
Near lines: 2715 
Near line: 2716          n$jose/m/id=b1892-177.jose

2755: bap$b1892.178

WARNING: b1892_2.cli line 2754 Element value exceeds database field length: fol=adavr, freguesia de s. salvador de ilhavo, baptismos, 1892, fls. 55-55v. Size:71 limit: 64
Near lines: 2754 
Near line: 2755          n$remigio/m/id=b1892-178.remigio

2794: bap$b1892.179

WARNING: b1892_2.cli line 2793 Element value exceeds database field length: fol=adavr, freguesia de s. salvador de ilhavo, baptismos, 1892, fl. 55v. Size:67 limit: 64
Near lines: 2793 
Near line: 2794          n$maria/f/id=b1892.179-per1

2826: bap$b1892.180

WARNING: b1892_2.cli line 2825 Element value exceeds database field length: fol=adavr, freguesia de s. salvador de ilhavo, baptismos, 1892, fls. 55v-56. Size:71 limit: 64
Near lines: 2825 
Near line: 2826          n$benilde/f/id=b1892.180-per1

2858: bap$b1892.181

WARNING: b1892_2.cli line 2857 Element value exceeds database field length: fol=adavr, freguesia de s. salvador de ilhavo, baptismos, 1892, fls. 56-56v. Size:71 limit: 64
Near lines: 2857 
Near line: 2858          n$joao/m/id=b1892.181-per1

2890: bap$b1892.182

WARNING: b1892_2.cli line 2889 Element value exceeds database field length: fol=adavr, freguesia de s. salvador de ilhavo, baptismos, 1892, fl. 56v. Size:67 limit: 64
Near lines: 2889 
Near line: 2890          n$antonio/m/id=b1892-182.antonio

2930: bap$b1892.183

WARNING: b1892_2.cli line 2929 Element value exceeds database field length: fol=adavr, freguesia de s. salvador de ilhavo, baptismos, 1892, fls. 56v-57. Size:71 limit: 64
Near lines: 2929 
Near line: 2930          n$maria/f/id=b1892.183-per1

2964: bap$b1892.184

WARNING: b1892_2.cli line 2963 Element value exceeds database field length: fol=adavr, freguesia de s. salvador de ilhavo, baptismos, 1892, fl. 57. Size:66 limit: 64
Near lines: 2963 
Near line: 2964          n$manuel/m/id=b1892-184.manuel

3002: bap$b1892.185

WARNING: b1892_2.cli line 3001 Element value exceeds database field length: fol=adavr, freguesia de s. salvador de ilhavo, baptismos, 1892, fls. 57-57v. Size:71 limit: 64
Near lines: 3001 
Near line: 3002          n$antonio/m/id=b1893-185.antonio

3041: bap$b1892.186

WARNING: b1892_2.cli line 3040 Element value exceeds database field length: fol=adavr, freguesia de s. salvador de ilhavo, baptismos, 1892, fls. 57v-58. Size:71 limit: 64
Near lines: 3040 
Near line: 3041          n$carlos/m/id=b1892.186-per1

3073: bap$b1892.187

WARNING: b1892_2.cli line 3072 Element value exceeds database field length: fol=adavr, freguesia de s. salvador de ilhavo, baptismos, 1892, fl. 58. Size:66 limit: 64
Near lines: 3072 
Near line: 3073          n$nome desconhecido/f/id=b1892-187.nd/obs=morreu antes de poder ser baptizada na igreja paroquial de ilhavo

3103: bap$b1892.188

WARNING: b1892_2.cli line 3102 Element value exceeds database field length: fol=adavr, freguesia de s. salvador de ilhavo, baptismos, 1892, fls. 58-58v. Size:71 limit: 64
Near lines: 3102 
Near line: 3103          n$amadeu/m/id=b1892.188-per1

3135: bap$b1892.189

WARNING: b1892_2.cli line 3134 Element value exceeds database field length: fol=adavr, freguesia de s. salvador de ilhavo, baptismos, 1892, fl. 58v. Size:67 limit: 64
Near lines: 3134 
Near line: 3135          n$marcos/m/id=b1892-189.marcos

3175: bap$b1892.190

WARNING: b1892_2.cli line 3174 Element value exceeds database field length: fol=adavr, freguesia de s. salvador de ilhavo, baptismos, 1892, fls. 58v-59. Size:71 limit: 64
Near lines: 3174 
Near line: 3175          n$candida/f/id=b1892.190-per1

3209: bap$b1892.191

WARNING: b1892_2.cli line 3208 Element value exceeds database field length: fol=adavr, freguesia de s. salvador de ilhavo, baptismos, 1892, fls. 59-59v. Size:71 limit: 64
Near lines: 3208 
Near line: 3209          n$manuel/m/id=b1892-191.manuel

3245: bap$b1892.192

WARNING: b1892_2.cli line 3244 Element value exceeds database field length: fol=adavr, freguesia de s. salvador de ilhavo, baptismos, 1892, fl. 59v. Size:67 limit: 64
Near lines: 3244 
Near line: 3245          n$joao/m/id=b1892.192-per1

3277: bap$b1892.193

WARNING: b1892_2.cli line 3276 Element value exceeds database field length: fol=adavr, freguesia de s. salvador de ilhavo, baptismos, 1892, fls. 59v-60. Size:71 limit: 64
Near lines: 3276 
Near line: 3277          n$maria/f/id=b1892-193.maria

3316: bap$b1892.194

WARNING: b1892_2.cli line 3315 Element value exceeds database field length: fol=adavr, freguesia de s. salvador de ilhavo, baptismos, 1892, fl. 60. Size:66 limit: 64
Near lines: 3315 
Near line: 3316          n$jose/m/id=b1892.194-per1

3348: bap$b1892.195

WARNING: b1892_2.cli line 3347 Element value exceeds database field length: fol=adavr, freguesia de s. salvador de ilhavo, baptismos, 1892, fls. 60-60v. Size:71 limit: 64
Near lines: 3347 
Near line: 3348          n$antonio/m/id=b1892-195.antonio

3387: bap$b1892.196

WARNING: b1892_2.cli line 3386 Element value exceeds database field length: fol=adavr, freguesia de s. salvador de ilhavo, baptismos, 1892, fl. 60v. Size:67 limit: 64
Near lines: 3386 
Near line: 3387          n$jose/m/id=b1892-196.jose

3425: bap$b1892.197

WARNING: b1892_2.cli line 3424 Element value exceeds database field length: fol=adavr, freguesia de s. salvador de ilhavo, baptismos, 1892, fls. 60v-61. Size:71 limit: 64
Near lines: 3424 
Near line: 3425          n$joao/m/id=b1892.197-per1

3459: bap$b1892.198

WARNING: b1892_2.cli line 3458 Element value exceeds database field length: fol=adavr, freguesia de s. salvador de ilhavo, baptismos, 1892, fl. 61. Size:66 limit: 64
Near lines: 3458 
Near line: 3459          n$marcos/m/id=b1892-198.marcos

3497: bap$b1892.199

WARNING: b1892_2.cli line 3496 Element value exceeds database field length: fol=adavr, freguesia de s. salvador de ilhavo, baptismos, 1892, fl. 61v. Size:67 limit: 64
Near lines: 3496 
Near line: 3497          n$maria/f/id=b1892.199-per1

3530: bap$b1892.200

WARNING: b1892_2.cli line 3529 Element value exceeds database field length: fol=adavr, freguesia de s. salvador de ilhavo, baptismos, 1892, fls. 61v-62. Size:71 limit: 64
Near lines: 3529 
Near line: 3530          n$joao/m/id=b1892.200-per1

*** End of File
** Processed file- /Users/jrc/develop/mhk-git/clio/tests/kleio-home/sources/api_tests/testes/sources/ilhavo/batismos/b1892_2.cli
** Original file- /Users/jrc/develop/mhk-git/clio/tests/kleio-home/sources/api_tests/testes/sources/ilhavo/batismos/b1892_2.org
** Previous version- /Users/jrc/develop/mhk-git/clio/tests/kleio-home/sources/api_tests/testes/sources/ilhavo/batismos/b1892_2.old
** Temp file with ids- /Users/jrc/develop/mhk-git/clio/tests/kleio-home/sources/api_tests/testes/sources/ilhavo/batismos/b1892_2.ids
0  errors. 
101  warnings.
Translation finished.
