ClioInput - version $Revision$ SWI $Date$
26-5-2017 4-43

Processing data file:/Users/jrc/develop/mhk_users/testes/sources/santaclara/documents/auc_notafonsocardoso_1.cli
-------------------------------------------
Generic Act translation module with geoentities (XML).
     Joaquim Ramos de Carvalho (joaquim@uc.pt) 
** New document: kleio
1: kleio$gacto2.str
=========================
kleio translation started
=========================
Structure: gacto2.str
Prefix: 
Autorel: 
Translation count: 
Obs: 
Translation count not set or invalid, counting as zero: 
2:    fonte$not1638-1639/tipo=escrituras notariais/loc=auc, notarial cota: v i-es-9-5-91, notario afonso cardoso, julho a marco
3: 
**** auto rels 2 STARTED.
** Processing source fonte$not1638-1639
4:       escritura$not1639-e1/14/1/1639/arrendamento de rendas/fol=100v-103/loc=grade do parlatorio/sumario=contrato de arrendamento celebrado entre mosteiro de santa clara da cidade de coimbra e antonio castanho, da renda da igreja do lugar de sangalhos, mais suas pertencas, direitos e dizimas
5: 
**** auto rels 2 STARTED.
** Processing act escritura$not1639-e1
6:          senhoria$eugenia de noronha/id=not1639-e1-per1
7:             ls$cargo/abadessa
8:             ls$assina/sim
9: 
10:          rendeiro$antonio castanho/id=not1639-e1-per2
11:             ls$residencia/coimbra
12: 
13:          bem$renda da igreja de sangalhos mais suas pertencas direitos e dizimas
bem-not1639-e1-obj1- ** was stored with function in ACT verify act
14:             atr$localizacao/sangalhos
15:             atr$renda/quatrocentos e sessenta mil reais em dinheiro de contado
16:             atr$renda/cinquenta arrobas de bacalhau pelo advento
17:             atr$renda/quarenta alqueires de mel
18:             atr$renda/seis arrobas de cera por sao miguel
19:             atr$renda/um barril de linguados fritos de cento e cinquenta linguados
20:             atr$renda/cinquenta almudes de vinho cozido
21:             atr$renda/trinta alqueires de milho
22:             atr$renda/dez alqueires de cevada
23:             atr$renda/dez mil reais do coadjudor
24:             atr$renda/quatro mil reais ao mordomo
25: 
26:          referido$domingos fernandes salema/id=not1639-e1-per3/obs=antigo rendeiro
27: 
28:          test$lourenca da silva/f/id=not1639-e1-per4
29:             ls$cargo/vigaria
30:             ls$assina/sim
31: 
32:          test$jeronima do presepio/f/id=not1639-e1-per5
33:             ls$cargo/escriva
34:             ls$assina/sim
35: 
36:          test$manuel soares/m/id=not1639-e1-per6
37:             rel$profissional/azemel/eugenia de noronha/not1639-e1-per1
38:             ls$cargo/azemel do mosteiro
39: 
40:          test$domingues de oliveira/m/obs=duvida no primeiro nome/id=not1639-e1-per7
41:             ls$profissao/picadeiro de peixe
42: 
43:          test$francisca de meneses/f/id=not1639-e1-per8
44:             ls$titulo/discreta
45:             ls$assina/sim
46: 
47:          test$ilaria furtada/f/id=not1639-e1-per9
48:             ls$titulo/discreta
49:             ls$assina/sim
50:             ls$titulo/dona
51: 
52:          test$ana de tavora/f/id=not1639-e1-per10
53:             ls$titulo/discreta
54:             ls$assina/sim
55: 
56:          test$helena da silva/f/id=not1639-e1-per11
57:             ls$titulo/discreta
58:             ls$assina/sim
59: *** End of File
0  errors.
**** auto rels 2 STARTED.
** Translation finished.
** data file- /Users/jrc/develop/mhk_users/testes/sources/santaclara/documents/auc_notafonsocardoso_1.cli
** original file- /Users/jrc/develop/mhk_users/testes/sources/santaclara/documents/auc_notafonsocardoso_1.org
** old file- /Users/jrc/develop/mhk_users/testes/sources/santaclara/documents/auc_notafonsocardoso_1.old
** original file- /Users/jrc/develop/mhk_users/testes/sources/santaclara/documents/auc_notafonsocardoso_1.ids
