ClioInput - version $Revision$ SWI $Date$
26-5-2017 5-18

Processing data file:/Users/jrc/develop/mhk_users/testes/sources/santaclara/documents/auc_notsimaogrebelo_2.cli
-------------------------------------------
Generic Act translation module with geoentities (XML).
     Joaquim Ramos de Carvalho (joaquim@uc.pt) 
** New document: kleio
1: kleio$gacto2.str
=========================
kleio translation started
=========================
Structure: gacto2.str
Prefix: 
Autorel: 
Translation count: 
Obs: 
Translation count not set or invalid, counting as zero: 
2:    fonte$not1645/tipo=escrituras notariais/loc=auc, notarial cota v i-es-9-3-103, notario simao gomes rebelo, abril a novembro
3: 
**** auto rels 2 STARTED.
** Processing source fonte$not1645
4:       escritura$not1645-e1/13/5/1645/arrendamanto/fol=23-25/loc=casa do locutorio/sumario=contrato de arrendamento por tempo de dois anos celebrado entre mosteiro de santa clara da cidade de coimbra e manuel pires, de uma renda sita em urzelhe, termo da vila de miranda do corvo
5: 
**** auto rels 2 STARTED.
** Processing act escritura$not1645-e1
6:          senhoria$luisa de melo/id=not1645-e1-per1
7:             ls$cargo/abadessa
8:             ls$assina/sim
9: 
10:          arrendatario$manuel pires/id=not1645-e1-per2
11:             ls$residencia/urzelhe, termo da vila de miranda do corvo
12: 
13:             referido$domingos rosario/id=not1645-e1-per3
14:                ls$titulo/frei
15:                ls$profissao/padre
16:                rel$profissional/feitor/luisa de melo/not1645-e1-per1
17: 
18:          bem$uma renda
bem-not1645-e1-obj1- ** was stored with function in ACT verify act
19:             atr$localizacao/urzelhe
20:             atr$renda/cem mil reais em dinheiro de contado em moedas de prata corrente e em tres pagas iguais natal pascoa e sao joao baptista
21:             atr$renda/dezoito moios de pao meado por sao miguel de setembro
22:             atr$renda/nove moios de trigo
23:             atr$renda/nove moios de milho
24:             atr$renda/cinquenta alqueires de azeite
25:             atr$duracao/dois anos
26: 
27:          test$manuel vaz/m/id=not1645-e1-per4
28:             ls$residencia/portela, quinta de dona maria anriques
29: 
30:          referida$maria anriques/id=not1645-e1-per5
31: 
32:          test$joao de sao francisco/m/id=not1645-e1-per6
33:             ls$cargo/sacristao/obs=do mosteiro de sao francisco
34: 
35:          test$leonor de milao/f/id=not1645-e1-per7
36:             ls$condicao/freira professa
37:             ls$assina/sim
38: 
39:          test$joana de almada/f/id=not1645-e1-per8
40:             ls$condicao/freira professa
41:             ls$assina/sim
42: 
43:          test$jacinta de tavora/f/id=not1645-e1-per9
44:             ls$cargo/vigaria
45:             ls$assina/sim
46: 
47:          test$isabel de perestrela/f/id=not1645-e1-per10
48:             ls$cargo/escriva
49:             ls$assina/sim
50: 
51:          test$maria as chagas/f/id=not1645-e1-per11
52:             ls$condicao/freira professa
53:             ls$assina/sim
54: 
55:          test$catarina de vasconcelos/f/id=not1645-e1-per12
56:             ls$condicao/freira professa
57:             ls$assina/sim
58: 
59:          test$domingos do rosario/m/id=not1645-e1-per13
60:             ls$titulo/frei
61: 
62:          test$manuel pires/m/id=not1645-e1-per14
63: 
64:       escritura$not1645-e2/17/10/1645/desistencia e obrigacao/fol=106-108/loc=casa do parlatorio/sumario=contrato de desistencia e obrigacao. foi dito por manuel travassos de faria, outrossim procurador de sua mulher, brites cruzeira(?), com procuracao lavrada pelo tabeliao da vila de tentugal, fernao alvares da silveira, e morador na vila de povoa de santa cristina, termo da vila de tentugal, que eles desistiam de todo o direito que tinham e podiam ter de vinte e quatro alqueires de trigo que sua filha ana de faria, ja defunta, havia comprado a pedro da rocha, e que deixara em testamento para sua alma aplicados na capela de sao joao evangelista do convento de santa clara da cidade de coimbra
65: 
**** auto rels 2 STARTED.
** Processing act escritura$not1645-e2
66:          outorgante$manuel travassos de faria/id=1645-e2-mt
67:             rel$sociabilidade/procurador/brites cruzeira/1645-e2-bc
68:             ls$residencia/povoa de santa cristina/obs=termo de tentugal
69: 
70:             referida$brites cruzeira/id=1645-e2-bc/obs=duvida na leitura do apelido
71:                rel$parentesco/mulher/manuel travassos de faria/1645-e2-mt
72: 
73:             referido$fernao alvares da silveira/id=1645-e2-mt-per1
74:                ls$profissao/tabeliao
75:                ls$residencia/tentugal
76: 
77:             referida$ana de faria/id=1645-e2-mt-per2
78:                rel$parentesco/filha/manuel travassos de faria/1645-e2-mt
79:                ls$morta/antes
80: 
81:             referido$pedro da rocha/id=1645-e2-mt-per3
82: 
83:          test$joao baptista/id=not1645-e2-per4
84: 
85:          test$antonio fernandes/id=not1645-e2-per5
86:             ls$cargo/solicitador do mosteiro
87: 
88:          test$simao gomes rebelo/id=not1645-e2-per6
89:             ls$profissao/tabeliao
90: *** End of File
0  errors.
**** auto rels 2 STARTED.
** Translation finished.
** data file- /Users/jrc/develop/mhk_users/testes/sources/santaclara/documents/auc_notsimaogrebelo_2.cli
** original file- /Users/jrc/develop/mhk_users/testes/sources/santaclara/documents/auc_notsimaogrebelo_2.org
** old file- /Users/jrc/develop/mhk_users/testes/sources/santaclara/documents/auc_notsimaogrebelo_2.old
** original file- /Users/jrc/develop/mhk_users/testes/sources/santaclara/documents/auc_notsimaogrebelo_2.ids
