ClioInput - version $Revision$ SWI $Date$
26-5-2017 5-20

Processing data file:/Users/jrc/develop/mhk_users/testes/sources/santaclara/documents/auc_notagostmaldo9_5_75.cli
-------------------------------------------
Generic Act translation module with geoentities (XML).
     Joaquim Ramos de Carvalho (joaquim@uc.pt) 
** New document: kleio
1: kleio$gacto2.str
=========================
kleio translation started
=========================
Structure: gacto2.str
Prefix: 
Autorel: 
Translation count: 
Obs: 
Translation count not set or invalid, counting as zero: 
2:    fonte$not1618-1619/tipo=escrituras notariais/loc=auc, notarial, cota: v i-es-9-5-75, notarios agostinho maldonado e manuel bernardes da cruz, maio a janeiro
3: 
**** auto rels 2 STARTED.
** Processing source fonte$not1618-1619
4:       escritura$not1618-e1/6/10/1618/doacao/fol=113/loc=grade do locutorio/sumario=maria francisca, recolhida no mosteiro de santa clara de coimbra, doa a sua irma isabel arnao e a seu cunhado, o licenciado simiao monteiro osorio, um quinhao de terra
5: 
**** auto rels 2 STARTED.
** Processing act escritura$not1618-e1
6:          doadora$maria francisca/id=not1618-e1-per1
7:             ls$condicao/recolhida
8: 
9:             referido$jorge fernandes/id=not1618-e1-per2
10:                ls$morto/antes
11:                rel$parentesco/pai/maria francisca/not1618-e1-per1
12: 
13:          donatario$simiao monteiro osorio/id=not1618-e1-per3
14:             rel$parentesco/cunhado/maria francisca/not1618-e1-per1
15:             ls$titulo/licenciado
16: 
17:          donataria$isabel arnao/id=not1618-e1-per4
18:             rel$parentesco/irma/maria francisca/not1618-e1-per1
19:             rel$parentesco/mulher/simiao monteiro osorio/not1618-e1-per3
20: 
21:          bem$um quinhao de terra
22: 
bem-not1618-e1-obj1- ** was stored with function in ACT verify act
23:          test$joao baptista coronado/m/id=not1618-e1-per5
24:             ls$profissao/pintor
25:             ls$residencia/coimbra
26: 
27:          test$manuel simoes pacheco/m/id=not1618-e1-per6
28:             ls$residencia/cernache
29: 
30:          test$antonio de morais/m/id=not1618-e1-per7
31:             ls$residencia/burgo do mosteiro de santa clara
32: *** End of File
0  errors.
**** auto rels 2 STARTED.
** Translation finished.
** data file- /Users/jrc/develop/mhk_users/testes/sources/santaclara/documents/auc_notagostmaldo9_5_75.cli
** original file- /Users/jrc/develop/mhk_users/testes/sources/santaclara/documents/auc_notagostmaldo9_5_75.org
** old file- /Users/jrc/develop/mhk_users/testes/sources/santaclara/documents/auc_notagostmaldo9_5_75.old
** original file- /Users/jrc/develop/mhk_users/testes/sources/santaclara/documents/auc_notagostmaldo9_5_75.ids
