ClioInput - version $Revision$ SWI $Date$
25-5-2017 17-56

Processing data file:/Users/jrc/develop/mhk_users/testes/sources/santaclara/documents/auc_notantoniomartins_4.cli
-------------------------------------------
Generic Act translation module with geoentities (XML).
     Joaquim Ramos de Carvalho (joaquim@uc.pt) 
** New document: kleio
1: kleio$gacto2.str
=========================
kleio translation started
=========================
Structure: gacto2.str
Prefix: 
Autorel: 
Translation count: 
Obs: 
Translation count not set or invalid, counting as zero: 
2:    fonte$not1581am/tipo=escrituras notariais/loc=auc, notarial cota: v i-es-9-5-53a, notario antonio martins, abril a agosto
3: 
**** auto rels 2 STARTED.
** Processing source fonte$not1581am
4:       escritura$not1581am-e1/5/4/1580/novo aforamento/fol=7-9/loc=pousadas de diogo marmeleiro/sumario=novo aforamento em fatiosim perpetuo de um pequeno ribeiro junto ao limite de sangalhos celebrado entre mosteiro de santa clara e joao anes
5: 
**** auto rels 2 STARTED.
** Processing act escritura$not1581am-e1
6:          senhoria$nome desconhecido/id=not1581am-e1-per1
7:             ls$cargo/abadessa
8: 
9:          foreiro$joao anes/id=not1581am-e1-per2
10:             ls$residencia/termo da vila de recardaes
11: 
12:             referido$diogo marmeleiro/id=not1581am-e1-per3
13:                ls$titulo/fidalgo
14:                ls$titulo/cavaleiro da ordem de santiago
15:                ls$cargo/vedor do mosteiro
16:                rel$profissional/vedor/nome desconhecido/not1581am-e1-per1
17:                rel$sociabilidade/procurador/nome desconhecido/not1581am-e1-per1
18: 
19:          aforamento$um pequeno ribeiro
aforamento-not1581am-e1-obj1- ** was stored with function in ACT verify act
20:             atr$localizacao/termo da vila de sangalhos
21:             atr$racao/um oitavo das novidades
22:             atr$racao/meio arratel de cera
23: 
24:          test$antonio marques/m/id=not1581am-e1-per4
25:             ls$profissao/sapateiro
26: 
27:          test$manuel couceiro/id=not1581am-e1-per5
28:             rel$profissional/criado/diogo marmeleiro/not1581am-e1-per3
29: *** End of File
0  errors.
**** auto rels 2 STARTED.
** Translation finished.
** data file- /Users/jrc/develop/mhk_users/testes/sources/santaclara/documents/auc_notantoniomartins_4.cli
** original file- /Users/jrc/develop/mhk_users/testes/sources/santaclara/documents/auc_notantoniomartins_4.org
** old file- /Users/jrc/develop/mhk_users/testes/sources/santaclara/documents/auc_notantoniomartins_4.old
** original file- /Users/jrc/develop/mhk_users/testes/sources/santaclara/documents/auc_notantoniomartins_4.ids
